Archive member included because of file (symbol)

c:/siliconlabs/simplicitystudio/v3/developer/toolchains/gnu_arm/4.8_2013q4/bin/../lib/gcc/arm-none-eabi/4.8.3/../../../../arm-none-eabi/lib/armv7-m\libm.a(lib_a-s_ceil.o)
                              ./src/process.o (ceil)
c:/siliconlabs/simplicitystudio/v3/developer/toolchains/gnu_arm/4.8_2013q4/bin/../lib/gcc/arm-none-eabi/4.8.3/../../../../arm-none-eabi/lib/armv7-m\libm.a(lib_a-s_floor.o)
                              ./src/timestamp.o (floor)
c:/siliconlabs/simplicitystudio/v3/developer/toolchains/gnu_arm/4.8_2013q4/bin/../lib/gcc/arm-none-eabi/4.8.3/../../../../arm-none-eabi/lib/armv7-m\libm.a(lib_a-s_round.o)
                              ./src/timestamp.o (round)
c:/siliconlabs/simplicitystudio/v3/developer/toolchains/gnu_arm/4.8_2013q4/bin/../lib/gcc/arm-none-eabi/4.8.3/../../../../arm-none-eabi/lib/armv7-m\libm.a(lib_a-w_pow.o)
                              ./src/config.o (pow)
c:/siliconlabs/simplicitystudio/v3/developer/toolchains/gnu_arm/4.8_2013q4/bin/../lib/gcc/arm-none-eabi/4.8.3/../../../../arm-none-eabi/lib/armv7-m\libm.a(lib_a-w_sqrt.o)
                              ./src/process.o (sqrt)
c:/siliconlabs/simplicitystudio/v3/developer/toolchains/gnu_arm/4.8_2013q4/bin/../lib/gcc/arm-none-eabi/4.8.3/../../../../arm-none-eabi/lib/armv7-m\libm.a(lib_a-e_pow.o)
                              c:/siliconlabs/simplicitystudio/v3/developer/toolchains/gnu_arm/4.8_2013q4/bin/../lib/gcc/arm-none-eabi/4.8.3/../../../../arm-none-eabi/lib/armv7-m\libm.a(lib_a-w_pow.o) (__ieee754_pow)
c:/siliconlabs/simplicitystudio/v3/developer/toolchains/gnu_arm/4.8_2013q4/bin/../lib/gcc/arm-none-eabi/4.8.3/../../../../arm-none-eabi/lib/armv7-m\libm.a(lib_a-e_sqrt.o)
                              c:/siliconlabs/simplicitystudio/v3/developer/toolchains/gnu_arm/4.8_2013q4/bin/../lib/gcc/arm-none-eabi/4.8.3/../../../../arm-none-eabi/lib/armv7-m\libm.a(lib_a-w_sqrt.o) (__ieee754_sqrt)
c:/siliconlabs/simplicitystudio/v3/developer/toolchains/gnu_arm/4.8_2013q4/bin/../lib/gcc/arm-none-eabi/4.8.3/../../../../arm-none-eabi/lib/armv7-m\libm.a(lib_a-s_fabs.o)
                              c:/siliconlabs/simplicitystudio/v3/developer/toolchains/gnu_arm/4.8_2013q4/bin/../lib/gcc/arm-none-eabi/4.8.3/../../../../arm-none-eabi/lib/armv7-m\libm.a(lib_a-e_pow.o) (fabs)
c:/siliconlabs/simplicitystudio/v3/developer/toolchains/gnu_arm/4.8_2013q4/bin/../lib/gcc/arm-none-eabi/4.8.3/../../../../arm-none-eabi/lib/armv7-m\libm.a(lib_a-s_finite.o)
                              c:/siliconlabs/simplicitystudio/v3/developer/toolchains/gnu_arm/4.8_2013q4/bin/../lib/gcc/arm-none-eabi/4.8.3/../../../../arm-none-eabi/lib/armv7-m\libm.a(lib_a-w_pow.o) (finite)
c:/siliconlabs/simplicitystudio/v3/developer/toolchains/gnu_arm/4.8_2013q4/bin/../lib/gcc/arm-none-eabi/4.8.3/../../../../arm-none-eabi/lib/armv7-m\libm.a(lib_a-s_fpclassify.o)
                              c:/siliconlabs/simplicitystudio/v3/developer/toolchains/gnu_arm/4.8_2013q4/bin/../lib/gcc/arm-none-eabi/4.8.3/../../../../arm-none-eabi/lib/armv7-m\libm.a(lib_a-w_pow.o) (__fpclassifyd)
c:/siliconlabs/simplicitystudio/v3/developer/toolchains/gnu_arm/4.8_2013q4/bin/../lib/gcc/arm-none-eabi/4.8.3/../../../../arm-none-eabi/lib/armv7-m\libm.a(lib_a-s_lib_ver.o)
                              c:/siliconlabs/simplicitystudio/v3/developer/toolchains/gnu_arm/4.8_2013q4/bin/../lib/gcc/arm-none-eabi/4.8.3/../../../../arm-none-eabi/lib/armv7-m\libm.a(lib_a-w_pow.o) (__fdlib_version)
c:/siliconlabs/simplicitystudio/v3/developer/toolchains/gnu_arm/4.8_2013q4/bin/../lib/gcc/arm-none-eabi/4.8.3/../../../../arm-none-eabi/lib/armv7-m\libm.a(lib_a-s_matherr.o)
                              c:/siliconlabs/simplicitystudio/v3/developer/toolchains/gnu_arm/4.8_2013q4/bin/../lib/gcc/arm-none-eabi/4.8.3/../../../../arm-none-eabi/lib/armv7-m\libm.a(lib_a-w_pow.o) (matherr)
c:/siliconlabs/simplicitystudio/v3/developer/toolchains/gnu_arm/4.8_2013q4/bin/../lib/gcc/arm-none-eabi/4.8.3/../../../../arm-none-eabi/lib/armv7-m\libm.a(lib_a-s_nan.o)
                              c:/siliconlabs/simplicitystudio/v3/developer/toolchains/gnu_arm/4.8_2013q4/bin/../lib/gcc/arm-none-eabi/4.8.3/../../../../arm-none-eabi/lib/armv7-m\libm.a(lib_a-e_pow.o) (nan)
c:/siliconlabs/simplicitystudio/v3/developer/toolchains/gnu_arm/4.8_2013q4/bin/../lib/gcc/arm-none-eabi/4.8.3/../../../../arm-none-eabi/lib/armv7-m\libm.a(lib_a-s_rint.o)
                              c:/siliconlabs/simplicitystudio/v3/developer/toolchains/gnu_arm/4.8_2013q4/bin/../lib/gcc/arm-none-eabi/4.8.3/../../../../arm-none-eabi/lib/armv7-m\libm.a(lib_a-w_pow.o) (rint)
c:/siliconlabs/simplicitystudio/v3/developer/toolchains/gnu_arm/4.8_2013q4/bin/../lib/gcc/arm-none-eabi/4.8.3/../../../../arm-none-eabi/lib/armv7-m\libm.a(lib_a-s_scalbn.o)
[...]
Memory Configuration

Name             Origin             Length             Attributes
FLASH            0x00000000         0x00100000         xr
RAM              0x20000000         0x00020000         xrw
*default*        0x00000000         0xffffffff

Linker script and memory map

LOAD c:/siliconlabs/simplicitystudio/v3/developer/toolchains/gnu_arm/4.8_2013q4/bin/../lib/gcc/arm-none-eabi/4.8.3/armv7-m/crti.o
LOAD c:/siliconlabs/simplicitystudio/v3/developer/toolchains/gnu_arm/4.8_2013q4/bin/../lib/gcc/arm-none-eabi/4.8.3/armv7-m/crtbegin.o
LOAD c:/siliconlabs/simplicitystudio/v3/developer/toolchains/gnu_arm/4.8_2013q4/bin/../lib/gcc/arm-none-eabi/4.8.3/../../../../arm-none-eabi/lib/armv7-m/crt0.o
LOAD ./src/adjustable_params.o
LOAD ./src/config.o
LOAD ./src/debug_printf.o
LOAD ./src/dust_com.o
LOAD ./src/fcs.o
LOAD ./src/flash.o
LOAD ./src/ngi_rtcdrv.o
LOAD ./src/packet.o
LOAD ./src/process.o
LOAD ./src/timestamp.o
LOAD ./src/wait_burtc.o
LOAD ./emlib/em_acmp.o
LOAD ./emlib/em_adc.o
LOAD ./emlib/em_assert.o
LOAD ./emlib/em_burtc.o
LOAD ./emlib/em_cmu.o
LOAD ./emlib/em_dac.o
LOAD ./emlib/em_dma.o
LOAD ./emlib/em_ebi.o
LOAD ./emlib/em_emu.o
LOAD ./emlib/em_gpio.o
LOAD ./emlib/em_int.o
LOAD ./emlib/em_lcd.o
LOAD ./emlib/em_msc.o
LOAD ./emlib/em_rmu.o
LOAD ./emlib/em_rtc.o
LOAD ./emlib/em_system.o
LOAD ./emlib/em_usart.o
LOAD ./emlib/em_wdog.o
LOAD ./Drivers/dmactrl.o
LOAD ./Drivers/nandflash.o
LOAD ./Drivers/retargetio.o
LOAD ./Drivers/segmentlcd.o
LOAD ./CMSIS/efm32gg/startup_gcc_efm32gg.o
LOAD ./CMSIS/efm32gg/system_efm32gg.o
LOAD ./BSP/bsp_bcc.o
LOAD ./BSP/bsp_stk.o
LOAD ./BSP/bsp_trace.o
LOAD c:/siliconlabs/simplicitystudio/v3/developer/toolchains/gnu_arm/4.8_2013q4/bin/../lib/gcc/arm-none-eabi/4.8.3/../../../../arm-none-eabi/lib/armv7-m\libm.a
LOAD ./src/geophone.o
LOAD ./emlib/em_aes.o
LOAD ./emlib/em_cryotimer.o
LOAD ./emlib/em_crypto.o
LOAD ./emlib/em_dbg.o
LOAD ./emlib/em_gpcrc.o
LOAD ./emlib/em_i2c.o
LOAD ./emlib/em_idac.o
LOAD ./emlib/em_ldma.o
LOAD ./emlib/em_lesense.o
LOAD ./emlib/em_letimer.o
LOAD ./emlib/em_leuart.o
LOAD ./emlib/em_mpu.o
LOAD ./emlib/em_opamp.o
LOAD ./emlib/em_pcnt.o
LOAD ./emlib/em_prs.o
LOAD ./emlib/em_rtcc.o
LOAD ./emlib/em_timer.o
LOAD ./emlib/em_vcmp.o
LOAD ./Drivers/norflash.o
START GROUP
LOAD c:/siliconlabs/simplicitystudio/v3/developer/toolchains/gnu_arm/4.8_2013q4/bin/../lib/gcc/arm-none-eabi/4.8.3/armv7-m\libgcc.a
LOAD c:/siliconlabs/simplicitystudio/v3/developer/toolchains/gnu_arm/4.8_2013q4/bin/../lib/gcc/arm-none-eabi/4.8.3/../../../../arm-none-eabi/lib/armv7-m\libc_s.a
LOAD c:/siliconlabs/simplicitystudio/v3/developer/toolchains/gnu_arm/4.8_2013q4/bin/../lib/gcc/arm-none-eabi/4.8.3/../../../../arm-none-eabi/lib/armv7-m\libnosys.a
END GROUP
START GROUP
LOAD c:/siliconlabs/simplicitystudio/v3/developer/toolchains/gnu_arm/4.8_2013q4/bin/../lib/gcc/arm-none-eabi/4.8.3/armv7-m\libgcc.a
LOAD c:/siliconlabs/simplicitystudio/v3/developer/toolchains/gnu_arm/4.8_2013q4/bin/../lib/gcc/arm-none-eabi/4.8.3/../../../../arm-none-eabi/lib/armv7-m\libg_s.a
LOAD c:/siliconlabs/simplicitystudio/v3/developer/toolchains/gnu_arm/4.8_2013q4/bin/../lib/gcc/arm-none-eabi/4.8.3/../../../../arm-none-eabi/lib/armv7-m\libc_s.a
END GROUP
START GROUP
LOAD c:/siliconlabs/simplicitystudio/v3/developer/toolchains/gnu_arm/4.8_2013q4/bin/../lib/gcc/arm-none-eabi/4.8.3/armv7-m\libgcc.a
LOAD c:/siliconlabs/simplicitystudio/v3/developer/toolchains/gnu_arm/4.8_2013q4/bin/../lib/gcc/arm-none-eabi/4.8.3/../../../../arm-none-eabi/lib/armv7-m\libc_s.a
END GROUP
LOAD c:/siliconlabs/simplicitystudio/v3/developer/toolchains/gnu_arm/4.8_2013q4/bin/../lib/gcc/arm-none-eabi/4.8.3/armv7-m/crtend.o
LOAD c:/siliconlabs/simplicitystudio/v3/developer/toolchains/gnu_arm/4.8_2013q4/bin/../lib/gcc/arm-none-eabi/4.8.3/armv7-m/crtn.o

.text           0x00000000     0xa2bc
 *(.isr_vector)
 .isr_vector    0x00000000      0x100 ./CMSIS/efm32gg/startup_gcc_efm32gg.o
                0x00000000                __isr_vector
 *(.text*)
 .text          0x00000100       0x54 c:/siliconlabs/simplicitystudio/v3/developer/toolchains/gnu_arm/4.8_2013q4/bin/../lib/gcc/arm-none-eabi/4.8.3/armv7-m/crtbegin.o
 .text          0x00000154       0x74 c:/siliconlabs/simplicitystudio/v3/developer/toolchains/gnu_arm/4.8_2013q4/bin/../lib/gcc/arm-none-eabi/4.8.3/../../../../arm-none-eabi/lib/armv7-m/crt0.o
                0x00000154                _start
                0x00000154                _mainCRTStartup
 .text.adjustable_params_set
                0x000001c8      0x100 ./src/adjustable_params.o
                0x000001c8                adjustable_params_set
 .text.adjustable_params_init
                0x000002c8       0x58 ./src/adjustable_params.o
                0x000002c8                adjustable_params_init
 .text.AD_config
                0x00000320      0x138 ./src/config.o
                0x00000320                AD_config
 .text.aux_sensor_config
                0x00000458       0x74 ./src/config.o
                0x00000458                aux_sensor_config
 .text.preamp_config
                0x000004cc       0x40 ./src/config.o
                0x000004cc                preamp_config
 .text.preamp_set_status
                0x0000050c       0x3c ./src/config.o
                0x0000050c                preamp_set_status
 .text.battery_charge_status
                0x00000548      0x108 ./src/config.o
                0x00000548                battery_charge_status
 .text.comp_config
                0x00000650       0xd0 ./src/config.o
                0x00000650                comp_config
 .text.uart0_config
                0x00000720       0xac ./src/config.o
                0x00000720                uart0_config
 .text.rtc_config
                0x000007cc        0x8 ./src/config.o
                0x000007cc                rtc_config
 .text.wdog_config
                0x000007d4       0x2c ./src/config.o
                0x000007d4                wdog_config
 .text.dust_send_request
                0x00000800      0x150 ./src/dust_com.o
                0x00000800                dust_send_request
 .text.dust_send_ack
                0x00000950      0x1cc ./src/dust_com.o
                0x00000950                dust_send_ack
 .text.dust_get_packet
                0x00000b1c       0x6c ./src/dust_com.o
                0x00000b1c                dust_get_packet
 .text.dust_close_any_sockets
                0x00000b88       0x48 ./src/dust_com.o
                0x00000b88                dust_close_any_sockets
 .text.dust_open_sockets_and_optionally_allow_status_on_backup
                0x00000bd0      0x144 ./src/dust_com.o
                0x00000bd0                dust_open_sockets_and_optionally_allow_status_on_backup
 .text.dust_check_and_possibly_reset_mote
                0x00000d14      0x124 ./src/dust_com.o
                0x00000d14                dust_check_and_possibly_reset_mote
 .text.dust_handle_notification
                0x00000e38      0x39c ./src/dust_com.o
                0x00000e38                dust_handle_notification
 .text.dust_tx_msg_data_txDone
                0x000011d4      0x1a8 ./src/dust_com.o
                0x000011d4                dust_tx_msg_data_txDone
 .text.dust_tx_msg_data
                0x0000137c       0x80 ./src/dust_com.o
                0x0000137c                dust_tx_msg_data
 .text.fcs_calcFcs
                0x000013fc       0x30 ./src/fcs.o
                0x000013fc                fcs_calcFcs
 .text.flash_block_to_use
                0x0000142c        0xc ./src/flash.o
                0x0000142c                flash_block_to_use
 .text.flash_info
                0x00001438        0xc ./src/flash.o
                0x00001438                flash_info
 .text.flash_write_page
                0x00001444       0xe0 ./src/flash.o
                0x00001444                flash_write_page
 .text.flash_safe_write_page
                0x00001524      0x1dc ./src/flash.o
                0x00001524                flash_safe_write_page
 .text.flash_find_next_good_block
                0x00001700       0x48 ./src/flash.o
                0x00001700                flash_find_next_good_block
 .text.flash_init
                0x00001748      0x168 ./src/flash.o
                0x00001748                flash_init
 .text.DelayCB  0x000018b0        0xc ./src/ngi_rtcdrv.o
 .text.RTCDRV_Setup
                0x000018bc       0x84 ./src/ngi_rtcdrv.o
                0x000018bc                RTCDRV_Setup
 .text.RTC_IRQHandler
                0x00001940       0x34 ./src/ngi_rtcdrv.o
                0x00001940                RTC_IRQHandler
 .text.RTCDRV_Trigger
                0x00001974       0xcc ./src/ngi_rtcdrv.o
                0x00001974                RTCDRV_Trigger
 .text.RTCDRV_DelayInEM.constprop.0
                0x00001a40      0x154 ./src/ngi_rtcdrv.o
 .text.wait     0x00001b94        0x8 ./src/ngi_rtcdrv.o
                0x00001b94                wait
 .text.wait_from_to
                0x00001b9c        0x4 ./src/ngi_rtcdrv.o
                0x00001b9c                wait_from_to
 .text.packet_get_seq_num_at_last_sent_command
                0x00001ba0        0xc ./src/packet.o
                0x00001ba0                packet_get_seq_num_at_last_sent_command
 .text.packet_get_last_sent_command
                0x00001bac        0x8 ./src/packet.o
                0x00001bac                packet_get_last_sent_command
 .text.packet_non_ack_sent
                0x00001bb4       0x24 ./src/packet.o
                0x00001bb4                packet_non_ack_sent
 .text.packet_register
                0x00001bd8       0x4c ./src/packet.o
                0x00001bd8                packet_register
 .text.packet_seq_num_end
                0x00001c24       0x20 ./src/packet.o
                0x00001c24                packet_seq_num_end
 .text.packet_search_f
                0x00001c44      0x254 ./src/packet.o
                0x00001c44                packet_search_f
 .text.packet_wait_for_f
                0x00001e98      0x27c ./src/packet.o
                0x00001e98                packet_wait_for_f
 .text.packet_wait_for_ack
                0x00002114      0x1a8 ./src/packet.o
                0x00002114                packet_wait_for_ack
 .text.process_log_until
                0x000022bc       0x28 ./src/process.o
                0x000022bc                process_log_until
 .text.std_deviance
                0x000022e4      0x170 ./src/process.o
                0x000022e4                std_deviance
 .text.process_data
                0x00002454      0x1d4 ./src/process.o
                0x00002454                process_data
 .text.process_ringbuf_entries
                0x00002628      0x4e4 ./src/process.o
                0x00002628                process_ringbuf_entries
 .text.process_ringbuf_lock_traceset
                0x00002b0c       0x34 ./src/process.o
                0x00002b0c                process_ringbuf_lock_traceset
 .text.process_ringbuf_add_scan
                0x00002b40       0x6c ./src/process.o
                0x00002b40                process_ringbuf_add_scan
 .text.process_ringbuf_add
                0x00002bac       0x88 ./src/process.o
                0x00002bac                process_ringbuf_add
 .text.process_ringbuf_apply_timestamp
                0x00002c34      0x178 ./src/process.o
                0x00002c34                process_ringbuf_apply_timestamp
 .text.process_latest_flash_event
                0x00002dac      0x108 ./src/process.o
                0x00002dac                process_latest_flash_event
 .text.process_list_data
                0x00002eb4       0xf0 ./src/process.o
                0x00002eb4                process_list_data
 .text.process_send_data
                0x00002fa4      0x530 ./src/process.o
                0x00002fa4                process_send_data
 .text.process_config
                0x000034d4       0x14 ./src/process.o
                0x000034d4                process_config
 .text.timestampd
                0x000034e8       0x58 ./src/timestamp.o
                0x000034e8                timestampd
 .text.timestamp_secs
                0x00003540       0x40 ./src/timestamp.o
                0x00003540                timestamp_secs
 .text.timestamp
                0x00003580       0x10 ./src/timestamp.o
                0x00003580                timestamp
 .text.burtc_config
                0x00003590       0x88 ./src/wait_burtc.o
                0x00003590                burtc_config
 .text.BURTC_IRQHandler
                0x00003618       0x34 ./src/wait_burtc.o
                0x00003618                BURTC_IRQHandler
 .text.wait_from_to_burtc
                0x0000364c      0x23c ./src/wait_burtc.o
                0x0000364c                wait_from_to_burtc
 .text.ACMP_Enable
                0x00003888        0xc ./emlib/em_acmp.o
                0x00003888                ACMP_Enable
 .text.ACMP_Reset
                0x00003894       0x20 ./emlib/em_acmp.o
                0x00003894                ACMP_Reset
 .text.ACMP_ChannelSet
                0x000038b4       0x10 ./emlib/em_acmp.o
                0x000038b4                ACMP_ChannelSet
 .text.ACMP_Init
                0x000038c4       0x54 ./emlib/em_acmp.o
                0x000038c4                ACMP_Init
 .text.ADC_Init
                0x00003918       0x70 ./emlib/em_adc.o
                0x00003918                ADC_Init
 .text.ADC_InitScan
                0x00003988       0xe4 ./emlib/em_adc.o
                0x00003988                ADC_InitScan
 .text.ADC_InitSingle
                0x00003a6c       0xcc ./emlib/em_adc.o
                0x00003a6c                ADC_InitSingle
 .text.ADC_Reset
                0x00003b38       0x64 ./emlib/em_adc.o
                0x00003b38                ADC_Reset
 .text.ADC_TimebaseCalc
                0x00003b9c       0x3c ./emlib/em_adc.o
                0x00003b9c                ADC_TimebaseCalc
 .text.BURTC_Init
                0x00003bd8       0x80 ./emlib/em_burtc.o
                0x00003bd8                BURTC_Init
 .text.BURTC_CompareSet
                0x00003c58       0x20 ./emlib/em_burtc.o
                0x00003c58                BURTC_CompareSet
 .text.BURTC_CounterReset
                0x00003c78       0x10 ./emlib/em_burtc.o
                0x00003c78                BURTC_CounterReset
 .text.lfClkGet
                0x00003c88      0x150 ./emlib/em_cmu.o
 .text.CMU_ClockDivSet
                0x00003dd8      0x390 ./emlib/em_cmu.o
                0x00003dd8                CMU_ClockDivSet
 .text.CMU_ClockSelectGet
                0x00004168       0xc0 ./emlib/em_cmu.o
                0x00004168                CMU_ClockSelectGet
 .text.CMU_ClockFreqGet
                0x00004228      0x210 ./emlib/em_cmu.o
                0x00004228                CMU_ClockFreqGet
 .text.CMU_ClockEnable
                0x00004438       0xf0 ./emlib/em_cmu.o
                0x00004438                CMU_ClockEnable
 .text.CMU_ClockSelectSet
                0x00004528      0x4ec ./emlib/em_cmu.o
                0x00004528                CMU_ClockSelectSet
 .text.CMU_HFRCOBandSet
                0x00004a14      0x1e0 ./emlib/em_cmu.o
                0x00004a14                CMU_HFRCOBandSet
 .text.CMU_OscillatorEnable
                0x00004bf4       0x84 ./emlib/em_cmu.o
                0x00004bf4                CMU_OscillatorEnable
 .text.DAC_Init
                0x00004c78       0x80 ./emlib/em_dac.o
                0x00004c78                DAC_Init
 .text.DAC_InitChannel
                0x00004cf8       0x30 ./emlib/em_dac.o
                0x00004cf8                DAC_InitChannel
 .text.DAC_Reset
                0x00004d28       0x28 ./emlib/em_dac.o
                0x00004d28                DAC_Reset
 .text.DMA_IRQHandler
                0x00004d50       0x80 ./emlib/em_dma.o
                0x00004d50                DMA_IRQHandler
 .text.DMA_ActivateAuto
                0x00004dd0       0x78 ./emlib/em_dma.o
                0x00004dd0                DMA_ActivateAuto
 .text.DMA_CfgChannel
                0x00004e48       0x54 ./emlib/em_dma.o
                0x00004e48                DMA_CfgChannel
 .text.DMA_CfgDescr
                0x00004e9c       0x3c ./emlib/em_dma.o
                0x00004e9c                DMA_CfgDescr
 .text.DMA_Init
                0x00004ed8       0xcc ./emlib/em_dma.o
                0x00004ed8                DMA_Init
 .text.EBI_Init
                0x00004fa4      0x768 ./emlib/em_ebi.o
                0x00004fa4                EBI_Init
 .text.EBI_BankAddress
                0x0000570c       0x80 ./emlib/em_ebi.o
                0x0000570c                EBI_BankAddress
 .text.emuRestore
                0x0000578c       0x8c ./emlib/em_emu.o
 .text.EMU_EnterEM2
                0x00005818       0x98 ./emlib/em_emu.o
                0x00005818                EMU_EnterEM2
 .text.EMU_EnterEM3
                0x000058b0       0xb8 ./emlib/em_emu.o
                0x000058b0                EMU_EnterEM3
 .text.EMU_EnterEM4
                0x00005968       0x30 ./emlib/em_emu.o
                0x00005968                EMU_EnterEM4
 .text.EMU_UpdateOscConfig
                0x00005998       0x14 ./emlib/em_emu.o
                0x00005998                EMU_UpdateOscConfig
 .text.GPIO_ExtIntConfig
                0x000059ac       0x6c ./emlib/em_gpio.o
                0x000059ac                GPIO_ExtIntConfig
 .text.GPIO_PinModeSet
                0x00005a18       0xb4 ./emlib/em_gpio.o
                0x00005a18                GPIO_PinModeSet
 .text.MSC_Init
                0x00005acc       0x8c ./emlib/em_msc.o
                0x00005acc                MSC_Init
 .text.MSC_Deinit
                0x00005b58       0x14 ./emlib/em_msc.o
                0x00005b58                MSC_Deinit
 .text.RMU_ResetControl
                0x00005b6c       0x20 ./emlib/em_rmu.o
                0x00005b6c                RMU_ResetControl
 .text.RMU_ResetCauseClear
                0x00005b8c       0x40 ./emlib/em_rmu.o
                0x00005b8c                RMU_ResetCauseClear
 .text.RTC_CompareSet
                0x00005bcc       0x1c ./emlib/em_rtc.o
                0x00005bcc                RTC_CompareSet
 .text.RTC_Enable
                0x00005be8        0x8 ./emlib/em_rtc.o
                0x00005be8                RTC_Enable
 .text.RTC_Init
                0x00005bf0       0x1c ./emlib/em_rtc.o
                0x00005bf0                RTC_Init
 .text.SYSTEM_ChipRevisionGet
                0x00005c0c       0x34 ./emlib/em_system.o
                0x00005c0c                SYSTEM_ChipRevisionGet
 .text.USART_InitAsync
                0x00005c40       0xdc ./emlib/em_usart.o
                0x00005c40                USART_InitAsync
 .text.USART_Tx
                0x00005d1c        0xc ./emlib/em_usart.o
                0x00005d1c                USART_Tx
 .text.WDOGn_Feed
                0x00005d28       0x18 ./emlib/em_wdog.o
                0x00005d28                WDOGn_Feed
 .text.WDOGn_Init
                0x00005d40       0x48 ./emlib/em_wdog.o
                0x00005d40                WDOGn_Init
 .text.NANDFLASH_DeviceInfo
                0x00005d88       0x18 ./Drivers/nandflash.o
                0x00005d88                NANDFLASH_DeviceInfo
 .text.NANDFLASH_EccCorrect
                0x00005da0       0xc0 ./Drivers/nandflash.o
                0x00005da0                NANDFLASH_EccCorrect
 .text.NANDFLASH_EraseBlock
                0x00005e60       0xb4 ./Drivers/nandflash.o
                0x00005e60                NANDFLASH_EraseBlock
 .text.NANDFLASH_Init
                0x00005f14      0x110 ./Drivers/nandflash.o
                0x00005f14                NANDFLASH_Init
 .text.NANDFLASH_MarkBadBlock
                0x00006024       0xe4 ./Drivers/nandflash.o
                0x00006024                NANDFLASH_MarkBadBlock
 .text.NANDFLASH_ReadPage
                0x00006108      0x1a8 ./Drivers/nandflash.o
                0x00006108                NANDFLASH_ReadPage
 .text.NANDFLASH_ReadSpare
                0x000062b0      0x100 ./Drivers/nandflash.o
                0x000062b0                NANDFLASH_ReadSpare
 .text.NANDFLASH_WritePage
                0x000063b0      0x188 ./Drivers/nandflash.o
                0x000063b0                NANDFLASH_WritePage
 .text._exit    0x00006538        0x4 ./Drivers/retargetio.o
                0x00006538                _exit
 .text          0x0000653c       0x98 ./CMSIS/efm32gg/startup_gcc_efm32gg.o
                0x0000653c                Reset_Handler
                0x00006570                Default_Handler
                0x00006572                NMI_Handler
                0x00006574                HardFault_Handler
                0x00006576                MemManage_Handler
                0x00006578                BusFault_Handler
                0x0000657a                UsageFault_Handler
                0x0000657c                SVC_Handler
                0x0000657e                DebugMon_Handler
                0x00006580                PendSV_Handler
                0x00006582                SysTick_Handler
                0x00006588                TIMER0_IRQHandler
                0x0000658a                USART0_RX_IRQHandler
                0x0000658c                USART0_TX_IRQHandler
                0x0000658e                USB_IRQHandler
                0x00006594                DAC0_IRQHandler
                0x00006596                I2C0_IRQHandler
                0x00006598                I2C1_IRQHandler
                0x0000659a                GPIO_ODD_IRQHandler
                0x0000659c                TIMER1_IRQHandler
                0x0000659e                TIMER2_IRQHandler
                0x000065a0                TIMER3_IRQHandler
                0x000065a2                USART1_RX_IRQHandler
                0x000065a4                USART1_TX_IRQHandler
                0x000065a6                LESENSE_IRQHandler
                0x000065a8                USART2_RX_IRQHandler
                0x000065aa                USART2_TX_IRQHandler
                0x000065ae                UART0_TX_IRQHandler
                0x000065b0                UART1_RX_IRQHandler
                0x000065b2                UART1_TX_IRQHandler
                0x000065b4                LEUART0_IRQHandler
                0x000065b6                LEUART1_IRQHandler
                0x000065b8                LETIMER0_IRQHandler
                0x000065ba                PCNT0_IRQHandler
                0x000065bc                PCNT1_IRQHandler
                0x000065be                PCNT2_IRQHandler
                0x000065c4                CMU_IRQHandler
                0x000065c6                VCMP_IRQHandler
                0x000065c8                LCD_IRQHandler
                0x000065ca                MSC_IRQHandler
                0x000065cc                AES_IRQHandler
                0x000065ce                EBI_IRQHandler
                0x000065d0                EMU_IRQHandler
 .text.SystemCoreClockGet
                0x000065d4       0xe0 ./CMSIS/efm32gg/system_efm32gg.o
                0x000065d4                SystemCoreClockGet
 .text.SystemMaxCoreClockGet
                0x000066b4        0x8 ./CMSIS/efm32gg/system_efm32gg.o
                0x000066b4                SystemMaxCoreClockGet
 .text.SystemHFClockGet
                0x000066bc       0xd0 ./CMSIS/efm32gg/system_efm32gg.o
                0x000066bc                SystemHFClockGet
 .text.SystemHFXOClockGet
                0x0000678c        0xc ./CMSIS/efm32gg/system_efm32gg.o
                0x0000678c                SystemHFXOClockGet
 .text.SystemInit
                0x00006798        0x4 ./CMSIS/efm32gg/system_efm32gg.o
                0x00006798                SystemInit
 .text.SystemLFRCOClockGet
                0x0000679c        0x8 ./CMSIS/efm32gg/system_efm32gg.o
                0x0000679c                SystemLFRCOClockGet
 .text.SystemULFRCOClockGet
                0x000067a4        0x8 ./CMSIS/efm32gg/system_efm32gg.o
                0x000067a4                SystemULFRCOClockGet
 .text.SystemLFXOClockGet
                0x000067ac        0xc ./CMSIS/efm32gg/system_efm32gg.o
                0x000067ac                SystemLFXOClockGet
 .text.BSP_EbiInit
                0x000067b8      0x110 ./BSP/bsp_stk.o
                0x000067b8                BSP_EbiInit
 .text.ceil     0x000068c8      0x120 c:/siliconlabs/simplicitystudio/v3/developer/toolchains/gnu_arm/4.8_2013q4/bin/../lib/gcc/arm-none-eabi/4.8.3/../../../../arm-none-eabi/lib/armv7-m\libm.a(lib_a-s_ceil.o)
                0x000068c8                ceil
 .text.floor    0x000069e8      0x120 c:/siliconlabs/simplicitystudio/v3/developer/toolchains/gnu_arm/4.8_2013q4/bin/../lib/gcc/arm-none-eabi/4.8.3/../../../../arm-none-eabi/lib/armv7-m\libm.a(lib_a-s_floor.o)
                0x000069e8                floor
 .text.round    0x00006b08       0x9c c:/siliconlabs/simplicitystudio/v3/developer/toolchains/gnu_arm/4.8_2013q4/bin/../lib/gcc/arm-none-eabi/4.8.3/../../../../arm-none-eabi/lib/armv7-m\libm.a(lib_a-s_round.o)
                0x00006b08                round
 .text.pow      0x00006ba4      0x2f8 c:/siliconlabs/simplicitystudio/v3/developer/toolchains/gnu_arm/4.8_2013q4/bin/../lib/gcc/arm-none-eabi/4.8.3/../../../../arm-none-eabi/lib/armv7-m\libm.a(lib_a-w_pow.o)
                0x00006ba4                pow
 .text.sqrt     0x00006e9c       0xac c:/siliconlabs/simplicitystudio/v3/developer/toolchains/gnu_arm/4.8_2013q4/bin/../lib/gcc/arm-none-eabi/4.8.3/../../../../arm-none-eabi/lib/armv7-m\libm.a(lib_a-w_sqrt.o)
                0x00006e9c                sqrt
 .text.__ieee754_pow
                0x00006f48      0xab8 c:/siliconlabs/simplicitystudio/v3/developer/toolchains/gnu_arm/4.8_2013q4/bin/../lib/gcc/arm-none-eabi/4.8.3/../../../../arm-none-eabi/lib/armv7-m\libm.a(lib_a-e_pow.o)
                0x00006f48                __ieee754_pow
 .text.__ieee754_sqrt
                0x00007a00      0x180 c:/siliconlabs/simplicitystudio/v3/developer/toolchains/gnu_arm/4.8_2013q4/bin/../lib/gcc/arm-none-eabi/4.8.3/../../../../arm-none-eabi/lib/armv7-m\libm.a(lib_a-e_sqrt.o)
                0x00007a00                __ieee754_sqrt
 .text.fabs     0x00007b80        0x8 c:/siliconlabs/simplicitystudio/v3/developer/toolchains/gnu_arm/4.8_2013q4/bin/../lib/gcc/arm-none-eabi/4.8.3/../../../../arm-none-eabi/lib/armv7-m\libm.a(lib_a-s_fabs.o)
                0x00007b80                fabs
 .text.finite   0x00007b88        0xc c:/siliconlabs/simplicitystudio/v3/developer/toolchains/gnu_arm/4.8_2013q4/bin/../lib/gcc/arm-none-eabi/4.8.3/../../../../arm-none-eabi/lib/armv7-m\libm.a(lib_a-s_finite.o)
                0x00007b88                finite
 .text.__fpclassifyd
                0x00007b94       0x50 c:/siliconlabs/simplicitystudio/v3/developer/toolchains/gnu_arm/4.8_2013q4/bin/../lib/gcc/arm-none-eabi/4.8.3/../../../../arm-none-eabi/lib/armv7-m\libm.a(lib_a-s_fpclassify.o)
                0x00007b94                __fpclassifyd
 .text.matherr  0x00007be4        0x4 c:/siliconlabs/simplicitystudio/v3/developer/toolchains/gnu_arm/4.8_2013q4/bin/../lib/gcc/arm-none-eabi/4.8.3/../../../../arm-none-eabi/lib/armv7-m\libm.a(lib_a-s_matherr.o)
                0x00007be4                matherr
 .text.nan      0x00007be8        0xc c:/siliconlabs/simplicitystudio/v3/developer/toolchains/gnu_arm/4.8_2013q4/bin/../lib/gcc/arm-none-eabi/4.8.3/../../../../arm-none-eabi/lib/armv7-m\libm.a(lib_a-s_nan.o)
                0x00007be8                nan
 .text.rint     0x00007bf4      0x118 c:/siliconlabs/simplicitystudio/v3/developer/toolchains/gnu_arm/4.8_2013q4/bin/../lib/gcc/arm-none-eabi/4.8.3/../../../../arm-none-eabi/lib/armv7-m\libm.a(lib_a-s_rint.o)
                0x00007bf4                rint
 *fill*         0x00007d0c        0x4 
 .text.scalbn   0x00007d10      0x100 c:/siliconlabs/simplicitystudio/v3/developer/toolchains/gnu_arm/4.8_2013q4/bin/../lib/gcc/arm-none-eabi/4.8.3/../../../../arm-none-eabi/lib/armv7-m\libm.a(lib_a-s_scalbn.o)
                0x00007d10                scalbn
 .text.copysign
                0x00007e10       0x14 c:/siliconlabs/simplicitystudio/v3/developer/toolchains/gnu_arm/4.8_2013q4/bin/../lib/gcc/arm-none-eabi/4.8.3/../../../../arm-none-eabi/lib/armv7-m\libm.a(lib_a-s_copysign.o)
                0x00007e10                copysign
 .text.logging_is_running
                0x00007e24        0xc ./src/geophone.o
                0x00007e24                logging_is_running
 .text.ADC0_IRQHandler
                0x00007e30      0x15c ./src/geophone.o
                0x00007e30                ADC0_IRQHandler
 .text.ACMP0_IRQHandler
                0x00007f8c       0xac ./src/geophone.o
                0x00007f8c                ACMP0_IRQHandler
 .text.get_uart0_bytes
                0x00008038       0x3c ./src/geophone.o
                0x00008038                get_uart0_bytes
 .text.UART0_RX_IRQHandler
                0x00008074       0x40 ./src/geophone.o
                0x00008074                UART0_RX_IRQHandler
 .text.GPIO_EVEN_IRQHandler
                0x000080b4       0xf4 ./src/geophone.o
                0x000080b4                GPIO_EVEN_IRQHandler
 .text.check_status_and_report
                0x000081a8       0xdc ./src/geophone.o
                0x000081a8                check_status_and_report
 .text.get_aux_and_report
                0x00008284       0x24 ./src/geophone.o
                0x00008284                get_aux_and_report
 .text.startup.main
                0x000082a8      0x510 ./src/geophone.o
                0x000082a8                main
 .text          0x000087b8      0x370 c:/siliconlabs/simplicitystudio/v3/developer/toolchains/gnu_arm/4.8_2013q4/bin/../lib/gcc/arm-none-eabi/4.8.3/armv7-m\libgcc.a(_arm_addsubdf3.o)
                0x000087b8                __aeabi_drsub
                0x000087c0                __aeabi_dsub
                0x000087c0                __subdf3
                0x000087c4                __aeabi_dadd
                0x000087c4                __adddf3
                0x00008a3c                __floatunsidf
                0x00008a3c                __aeabi_ui2d
                0x00008a5c                __floatsidf
                0x00008a5c                __aeabi_i2d
                0x00008a80                __aeabi_f2d
                0x00008a80                __extendsfdf2
                0x00008abc                __floatundidf
                0x00008abc                __aeabi_ul2d
                0x00008acc                __floatdidf
                0x00008acc                __aeabi_l2d
 .text          0x00008b28      0x424 c:/siliconlabs/simplicitystudio/v3/developer/toolchains/gnu_arm/4.8_2013q4/bin/../lib/gcc/arm-none-eabi/4.8.3/armv7-m\libgcc.a(_arm_muldivdf3.o)
                0x00008b28                __aeabi_dmul
                0x00008b28                __muldf3
                0x00008d7c                __divdf3
                0x00008d7c                __aeabi_ddiv
 .text          0x00008f4c      0x110 c:/siliconlabs/simplicitystudio/v3/developer/toolchains/gnu_arm/4.8_2013q4/bin/../lib/gcc/arm-none-eabi/4.8.3/armv7-m\libgcc.a(_arm_cmpdf2.o)
                0x00008f4c                __gtdf2
                0x00008f4c                __gedf2
                0x00008f54                __ltdf2
                0x00008f54                __ledf2
                0x00008f5c                __nedf2
                0x00008f5c                __eqdf2
                0x00008f5c                __cmpdf2
                0x00008fd8                __aeabi_cdrcmple
                0x00008fe8                __aeabi_cdcmpeq
                0x00008fe8                __aeabi_cdcmple
                0x00008ff8                __aeabi_dcmpeq
                0x0000900c                __aeabi_dcmplt
                0x00009020                __aeabi_dcmple
                0x00009034                __aeabi_dcmpge
                0x00009048                __aeabi_dcmpgt
 .text          0x0000905c       0x50 c:/siliconlabs/simplicitystudio/v3/developer/toolchains/gnu_arm/4.8_2013q4/bin/../lib/gcc/arm-none-eabi/4.8.3/armv7-m\libgcc.a(_arm_fixdfsi.o)
                0x0000905c                __aeabi_d2iz
                0x0000905c                __fixdfsi
 .text          0x000090ac       0x40 c:/siliconlabs/simplicitystudio/v3/developer/toolchains/gnu_arm/4.8_2013q4/bin/../lib/gcc/arm-none-eabi/4.8.3/armv7-m\libgcc.a(_arm_fixunsdfsi.o)
                0x000090ac                __aeabi_d2uiz
                0x000090ac                __fixunsdfsi
 .text          0x000090ec       0xa0 c:/siliconlabs/simplicitystudio/v3/developer/toolchains/gnu_arm/4.8_2013q4/bin/../lib/gcc/arm-none-eabi/4.8.3/armv7-m\libgcc.a(_arm_truncdfsf2.o)
                0x000090ec                __truncdfsf2
                0x000090ec                __aeabi_d2f
 .text          0x0000918c      0x21c c:/siliconlabs/simplicitystudio/v3/developer/toolchains/gnu_arm/4.8_2013q4/bin/../lib/gcc/arm-none-eabi/4.8.3/armv7-m\libgcc.a(_arm_addsubsf3.o)
                0x0000918c                __aeabi_frsub
                0x00009194                __subsf3
                0x00009194                __aeabi_fsub
                0x00009198                __aeabi_fadd
                0x00009198                __addsf3
                0x000092f8                __aeabi_ui2f
                0x000092f8                __floatunsisf
                0x00009300                __aeabi_i2f
                0x00009300                __floatsisf
                0x0000931c                __aeabi_ul2f
                0x0000931c                __floatundisf
                0x0000932c                __aeabi_l2f
                0x0000932c                __floatdisf
 .text          0x000093a8      0x2a0 c:/siliconlabs/simplicitystudio/v3/developer/toolchains/gnu_arm/4.8_2013q4/bin/../lib/gcc/arm-none-eabi/4.8.3/armv7-m\libgcc.a(_arm_muldivsf3.o)
                0x000093a8                __mulsf3
                0x000093a8                __aeabi_fmul
                0x00009510                __aeabi_fdiv
                0x00009510                __divsf3
 .text          0x00009648       0xec c:/siliconlabs/simplicitystudio/v3/developer/toolchains/gnu_arm/4.8_2013q4/bin/../lib/gcc/arm-none-eabi/4.8.3/armv7-m\libgcc.a(_arm_cmpsf2.o)
                0x00009648                __gesf2
                0x00009648                __gtsf2
                0x00009650                __lesf2
                0x00009650                __ltsf2
                0x00009658                __nesf2
                0x00009658                __eqsf2
                0x00009658                __cmpsf2
                0x000096b8                __aeabi_cfrcmple
                0x000096c0                __aeabi_cfcmpeq
                0x000096c0                __aeabi_cfcmple
                0x000096d0                __aeabi_fcmpeq
                0x000096e4                __aeabi_fcmplt
                0x000096f8                __aeabi_fcmple
                0x0000970c                __aeabi_fcmpge
                0x00009720                __aeabi_fcmpgt
 .text          0x00009734       0x4c c:/siliconlabs/simplicitystudio/v3/developer/toolchains/gnu_arm/4.8_2013q4/bin/../lib/gcc/arm-none-eabi/4.8.3/armv7-m\libgcc.a(_arm_fixsfsi.o)
                0x00009734                __aeabi_f2iz
                0x00009734                __fixsfsi
 .text          0x00009780       0x40 c:/siliconlabs/simplicitystudio/v3/developer/toolchains/gnu_arm/4.8_2013q4/bin/../lib/gcc/arm-none-eabi/4.8.3/armv7-m\libgcc.a(_arm_fixunssfsi.o)
                0x00009780                __fixunssfsi
                0x00009780                __aeabi_f2uiz
 .text          0x000097c0       0x2c c:/siliconlabs/simplicitystudio/v3/developer/toolchains/gnu_arm/4.8_2013q4/bin/../lib/gcc/arm-none-eabi/4.8.3/armv7-m\libgcc.a(_aeabi_uldivmod.o)
                0x000097c0                __aeabi_uldivmod
 .text          0x000097ec       0x30 c:/siliconlabs/simplicitystudio/v3/developer/toolchains/gnu_arm/4.8_2013q4/bin/../lib/gcc/arm-none-eabi/4.8.3/armv7-m\libgcc.a(_fixdfdi.o)
                0x000097ec                __fixdfdi
                0x000097ec                __aeabi_d2lz
 .text          0x0000981c       0x44 c:/siliconlabs/simplicitystudio/v3/developer/toolchains/gnu_arm/4.8_2013q4/bin/../lib/gcc/arm-none-eabi/4.8.3/armv7-m\libgcc.a(_fixunsdfdi.o)
                0x0000981c                __fixunsdfdi
                0x0000981c                __aeabi_d2ulz
 .text          0x00009860       0x60 c:/siliconlabs/simplicitystudio/v3/developer/toolchains/gnu_arm/4.8_2013q4/bin/../lib/gcc/arm-none-eabi/4.8.3/armv7-m\libgcc.a(bpabi.o)
                0x00009860                __gnu_ldivmod_helper
                0x00009890                __gnu_uldivmod_helper
 .text          0x000098c0        0x4 c:/siliconlabs/simplicitystudio/v3/developer/toolchains/gnu_arm/4.8_2013q4/bin/../lib/gcc/arm-none-eabi/4.8.3/armv7-m\libgcc.a(_dvmd_tls.o)
                0x000098c0                __aeabi_idiv0
                0x000098c0                __aeabi_ldiv0
 .text          0x000098c4      0x2a0 c:/siliconlabs/simplicitystudio/v3/developer/toolchains/gnu_arm/4.8_2013q4/bin/../lib/gcc/arm-none-eabi/4.8.3/armv7-m\libgcc.a(_divdi3.o)
                0x000098c4                __divdi3
 .text          0x00009b64      0x290 c:/siliconlabs/simplicitystudio/v3/developer/toolchains/gnu_arm/4.8_2013q4/bin/../lib/gcc/arm-none-eabi/4.8.3/armv7-m\libgcc.a(_udivdi3.o)
                0x00009b64                __udivdi3
 .text.__errno  0x00009df4        0xc c:/siliconlabs/simplicitystudio/v3/developer/toolchains/gnu_arm/4.8_2013q4/bin/../lib/gcc/arm-none-eabi/4.8.3/../../../../arm-none-eabi/lib/armv7-m\libc_s.a(lib_a-errno.o)
                0x00009df4                __errno
 .text.exit     0x00009e00       0x28 c:/siliconlabs/simplicitystudio/v3/developer/toolchains/gnu_arm/4.8_2013q4/bin/../lib/gcc/arm-none-eabi/4.8.3/../../../../arm-none-eabi/lib/armv7-m\libc_s.a(lib_a-exit.o)
                0x00009e00                exit
 .text.__libc_init_array
                0x00009e28       0x4c c:/siliconlabs/simplicitystudio/v3/developer/toolchains/gnu_arm/4.8_2013q4/bin/../lib/gcc/arm-none-eabi/4.8.3/../../../../arm-none-eabi/lib/armv7-m\libc_s.a(lib_a-init.o)
                0x00009e28                __libc_init_array
 .text.memcpy   0x00009e74       0x12 c:/siliconlabs/simplicitystudio/v3/developer/toolchains/gnu_arm/4.8_2013q4/bin/../lib/gcc/arm-none-eabi/4.8.3/../../../../arm-none-eabi/lib/armv7-m\libc_s.a(lib_a-memcpy-stub.o)
                0x00009e74                memcpy
 .text.memset   0x00009e86       0x10 c:/siliconlabs/simplicitystudio/v3/developer/toolchains/gnu_arm/4.8_2013q4/bin/../lib/gcc/arm-none-eabi/4.8.3/../../../../arm-none-eabi/lib/armv7-m\libc_s.a(lib_a-memset.o)
                0x00009e86                memset
 *(.init)
 *fill*         0x00009e96        0x2 
 .init          0x00009e98        0x4 c:/siliconlabs/simplicitystudio/v3/developer/toolchains/gnu_arm/4.8_2013q4/bin/../lib/gcc/arm-none-eabi/4.8.3/armv7-m/crti.o
                0x00009e98                _init
 .init          0x00009e9c        0x8 c:/siliconlabs/simplicitystudio/v3/developer/toolchains/gnu_arm/4.8_2013q4/bin/../lib/gcc/arm-none-eabi/4.8.3/armv7-m/crtn.o
 *(.fini)
 .fini          0x00009ea4        0x4 c:/siliconlabs/simplicitystudio/v3/developer/toolchains/gnu_arm/4.8_2013q4/bin/../lib/gcc/arm-none-eabi/4.8.3/armv7-m/crti.o
                0x00009ea4                _fini
 .fini          0x00009ea8        0x8 c:/siliconlabs/simplicitystudio/v3/developer/toolchains/gnu_arm/4.8_2013q4/bin/../lib/gcc/arm-none-eabi/4.8.3/armv7-m/crtn.o
 .fini.__stub   0x00009eb0       0x20 linker stubs
 *crtbegin.o(.ctors)
 *crtbegin?.o(.ctors)
 *(EXCLUDE_FILE(*crtend.o *crtend?.o) .ctors)
 *(SORT(.ctors.*))
 *(.ctors)
 *crtbegin.o(.dtors)
 *crtbegin?.o(.dtors)
 *(EXCLUDE_FILE(*crtend.o *crtend?.o) .dtors)
 *(SORT(.dtors.*))
 *(.dtors)
 *(.rodata*)
 .rodata.gl_adjustable_params
                0x00009ed0        0x4 ./src/adjustable_params.o
                0x00009ed0                gl_adjustable_params
 .rodata        0x00009ed4       0x3c ./src/config.o
 .rodata        0x00009f10        0x8 ./src/dust_com.o
 .rodata.sendto_template.6812
                0x00009f18       0x18 ./src/dust_com.o
 .rodata.fcstab
                0x00009f30      0x200 ./src/fcs.o
 .rodata        0x0000a130       0x14 ./src/wait_burtc.o
 .rodata.CSWTCH.8
                0x0000a144       0x3c ./emlib/em_ebi.o
 .rodata.descCfgWr
                0x0000a180        0x8 ./Drivers/nandflash.o
 .rodata.chnCfg
                0x0000a188        0xc ./Drivers/nandflash.o
 .rodata.dmaInit
                0x0000a194        0x8 ./Drivers/nandflash.o
 .rodata.descCfgRd
                0x0000a19c        0x8 ./Drivers/nandflash.o
 .rodata        0x0000a1a4       0x50 ./BSP/bsp_stk.o
 .rodata.str1.4
                0x0000a1f4        0x4 c:/siliconlabs/simplicitystudio/v3/developer/toolchains/gnu_arm/4.8_2013q4/bin/../lib/gcc/arm-none-eabi/4.8.3/../../../../arm-none-eabi/lib/armv7-m\libm.a(lib_a-w_pow.o)
 .rodata.str1.4
                0x0000a1f8        0x5 c:/siliconlabs/simplicitystudio/v3/developer/toolchains/gnu_arm/4.8_2013q4/bin/../lib/gcc/arm-none-eabi/4.8.3/../../../../arm-none-eabi/lib/armv7-m\libm.a(lib_a-w_sqrt.o)
                                  0x8 (size before relaxing)
 *fill*         0x0000a1fd        0x3 
 .rodata.dp_h   0x0000a200       0x10 c:/siliconlabs/simplicitystudio/v3/developer/toolchains/gnu_arm/4.8_2013q4/bin/../lib/gcc/arm-none-eabi/4.8.3/../../../../arm-none-eabi/lib/armv7-m\libm.a(lib_a-e_pow.o)
 .rodata.dp_l   0x0000a210       0x10 c:/siliconlabs/simplicitystudio/v3/developer/toolchains/gnu_arm/4.8_2013q4/bin/../lib/gcc/arm-none-eabi/4.8.3/../../../../arm-none-eabi/lib/armv7-m\libm.a(lib_a-e_pow.o)
 .rodata.bp     0x0000a220       0x10 c:/siliconlabs/simplicitystudio/v3/developer/toolchains/gnu_arm/4.8_2013q4/bin/../lib/gcc/arm-none-eabi/4.8.3/../../../../arm-none-eabi/lib/armv7-m\libm.a(lib_a-e_pow.o)
 .rodata.str1.4
                0x00000000        0x8 c:/siliconlabs/simplicitystudio/v3/developer/toolchains/gnu_arm/4.8_2013q4/bin/../lib/gcc/arm-none-eabi/4.8.3/../../../../arm-none-eabi/lib/armv7-m\libm.a(lib_a-e_pow.o)
                                  0x4 (size before relaxing)
 .rodata.TWO52  0x0000a230       0x10 c:/siliconlabs/simplicitystudio/v3/developer/toolchains/gnu_arm/4.8_2013q4/bin/../lib/gcc/arm-none-eabi/4.8.3/../../../../arm-none-eabi/lib/armv7-m\libm.a(lib_a-s_rint.o)
 .rodata        0x0000a240       0x10 ./src/geophone.o
 .rodata.str1.4
                0x00000000        0x4 ./src/geophone.o
 .rodata.__sf_fake_stdin
                0x0000a250       0x20 c:/siliconlabs/simplicitystudio/v3/developer/toolchains/gnu_arm/4.8_2013q4/bin/../lib/gcc/arm-none-eabi/4.8.3/../../../../arm-none-eabi/lib/armv7-m\libc_s.a(lib_a-findfp.o)
                0x0000a250                __sf_fake_stdin
 .rodata.__sf_fake_stdout
                0x0000a270       0x20 c:/siliconlabs/simplicitystudio/v3/developer/toolchains/gnu_arm/4.8_2013q4/bin/../lib/gcc/arm-none-eabi/4.8.3/../../../../arm-none-eabi/lib/armv7-m\libc_s.a(lib_a-findfp.o)
                0x0000a270                __sf_fake_stdout
 .rodata.__sf_fake_stderr
                0x0000a290       0x20 c:/siliconlabs/simplicitystudio/v3/developer/toolchains/gnu_arm/4.8_2013q4/bin/../lib/gcc/arm-none-eabi/4.8.3/../../../../arm-none-eabi/lib/armv7-m\libc_s.a(lib_a-findfp.o)
                0x0000a290                __sf_fake_stderr
 .rodata.str1.1
                0x0000a2b0        0x2 c:/siliconlabs/simplicitystudio/v3/developer/toolchains/gnu_arm/4.8_2013q4/bin/../lib/gcc/arm-none-eabi/4.8.3/../../../../arm-none-eabi/lib/armv7-m\libc_s.a(lib_a-impure.o)
 *fill*         0x0000a2b2        0x2 
 .rodata._global_impure_ptr
                0x0000a2b4        0x4 c:/siliconlabs/simplicitystudio/v3/developer/toolchains/gnu_arm/4.8_2013q4/bin/../lib/gcc/arm-none-eabi/4.8.3/../../../../arm-none-eabi/lib/armv7-m\libc_s.a(lib_a-impure.o)
                0x0000a2b4                _global_impure_ptr
 *(.eh_frame*)
 .eh_frame      0x0000a2b8        0x0 c:/siliconlabs/simplicitystudio/v3/developer/toolchains/gnu_arm/4.8_2013q4/bin/../lib/gcc/arm-none-eabi/4.8.3/armv7-m/crtbegin.o
 .eh_frame      0x0000a2b8        0x4 c:/siliconlabs/simplicitystudio/v3/developer/toolchains/gnu_arm/4.8_2013q4/bin/../lib/gcc/arm-none-eabi/4.8.3/armv7-m/crtend.o

.glue_7         0x0000a2bc        0x0
 .glue_7        0x00000000        0x0 linker stubs

.glue_7t        0x0000a2bc        0x0
 .glue_7t       0x00000000        0x0 linker stubs

.vfp11_veneer   0x0000a2bc        0x0
 .vfp11_veneer  0x00000000        0x0 linker stubs

.v4_bx          0x0000a2bc        0x0
 .v4_bx         0x00000000        0x0 linker stubs

.iplt           0x0000a2bc        0x0
 .iplt          0x00000000        0x0 c:/siliconlabs/simplicitystudio/v3/developer/toolchains/gnu_arm/4.8_2013q4/bin/../lib/gcc/arm-none-eabi/4.8.3/armv7-m/crtbegin.o

.ARM.extab
 *(.ARM.extab* .gnu.linkonce.armextab.*)
                0x0000a2bc                __exidx_start = .

.ARM.exidx      0x0000a2bc        0x8
 *(.ARM.exidx* .gnu.linkonce.armexidx.*)
 .ARM.exidx     0x0000a2bc        0x8 c:/siliconlabs/simplicitystudio/v3/developer/toolchains/gnu_arm/4.8_2013q4/bin/../lib/gcc/arm-none-eabi/4.8.3/../../../../arm-none-eabi/lib/armv7-m/crt0.o
 .ARM.exidx     0x0000a2c4        0x0 c:/siliconlabs/simplicitystudio/v3/developer/toolchains/gnu_arm/4.8_2013q4/bin/../lib/gcc/arm-none-eabi/4.8.3/armv7-m\libgcc.a(_divdi3.o)
                                  0x8 (size before relaxing)
 .ARM.exidx     0x0000a2c4        0x0 c:/siliconlabs/simplicitystudio/v3/developer/toolchains/gnu_arm/4.8_2013q4/bin/../lib/gcc/arm-none-eabi/4.8.3/armv7-m\libgcc.a(_udivdi3.o)
                                  0x8 (size before relaxing)
                0x0000a2c4                __exidx_end = .
                0x0000a2c4                __etext = .

.rel.dyn        0x0000a2c4        0x0
 .rel.iplt      0x00000000        0x0 c:/siliconlabs/simplicitystudio/v3/developer/toolchains/gnu_arm/4.8_2013q4/bin/../lib/gcc/arm-none-eabi/4.8.3/armv7-m/crtbegin.o

.data           0x20000000      0x75c load address 0x0000a2c4
                0x20000000                __data_start__ = .
 *(vtable)
 *(.data*)
 .data.gl_flash_adjustable_params
                0x20000000        0x4 ./src/adjustable_params.o
                0x20000000                gl_flash_adjustable_params
 .data.gl_adjustable_params_ext
                0x20000004       0x40 ./src/adjustable_params.o
 .data.gl_flash_adjustable_params_ext
                0x20000044        0x4 ./src/adjustable_params.o
                0x20000044                gl_flash_adjustable_params_ext
 .data.charging_enable
                0x20000048        0x1 ./src/config.o
                0x20000048                charging_enable
 .data.gl_packet_ID
                0x20000049        0x1 ./src/dust_com.o
 *fill*         0x2000004a        0x2 
 .data.gl_socket_id
                0x2000004c        0x4 ./src/dust_com.o
                0x2000004c                gl_socket_id
 .data.gl_packet_to_master_seq_num
                0x20000050        0x2 ./src/dust_com.o
 .data.gl_sync  0x20000052        0x1 ./src/dust_com.o
 .data.first_call.6330
                0x20000053        0x1 ./src/flash.o
 .data.gl_next_page_in_block_to_use
                0x20000054        0x4 ./src/process.o
 .data.SystemLFXOClock
                0x20000058        0x4 ./CMSIS/efm32gg/system_efm32gg.o
 .data.SystemHFXOClock
                0x2000005c        0x4 ./CMSIS/efm32gg/system_efm32gg.o
 .data.__fdlib_version
                0x20000060        0x1 c:/siliconlabs/simplicitystudio/v3/developer/toolchains/gnu_arm/4.8_2013q4/bin/../lib/gcc/arm-none-eabi/4.8.3/../../../../arm-none-eabi/lib/armv7-m\libm.a(lib_a-s_lib_ver.o)
                0x20000060                __fdlib_version
 *fill*         0x20000061        0x3 
 .data.gl_sleep_mode_uart
                0x20000064        0x4 ./src/geophone.o
 .data.gl_prev_received_packet_id
                0x20000068        0x4 ./src/geophone.o
 .data.charging
                0x2000006c        0x4 ./src/geophone.o
 .data.gl_sleep_mode_recording
                0x20000070        0x4 ./src/geophone.o
 .data.impure_data
                0x20000074       0x60 c:/siliconlabs/simplicitystudio/v3/developer/toolchains/gnu_arm/4.8_2013q4/bin/../lib/gcc/arm-none-eabi/4.8.3/../../../../arm-none-eabi/lib/armv7-m\libc_s.a(lib_a-impure.o)
 .data._impure_ptr
                0x200000d4        0x4 c:/siliconlabs/simplicitystudio/v3/developer/toolchains/gnu_arm/4.8_2013q4/bin/../lib/gcc/arm-none-eabi/4.8.3/../../../../arm-none-eabi/lib/armv7-m\libc_s.a(lib_a-impure.o)
                0x200000d4                _impure_ptr
                0x200000d8                . = ALIGN (0x4)
 *(.ram)
 .ram           0x200000d8      0x67c ./emlib/em_msc.o
                0x200000d8                mscRfAssertEFM
                0x200000dc                mscRfIntDisable
                0x200000f0                mscRfIntEnable
                0x20000104                MSC_LoadVerifyAddress
                0x20000150                MSC_LoadWriteData
                0x200002b8                MSC_WriteWordI
                0x2000036c                MSC_ErasePage
                0x200003e0                MSC_WriteWord
                0x2000055c                MSC_WriteWordFast
                0x2000071c                MSC_MassErase
                0x20000754                . = ALIGN (0x4)
                0x20000754                PROVIDE (__preinit_array_start, .)
 *(.preinit_array)
                0x20000754                PROVIDE (__preinit_array_end, .)
                0x20000754                . = ALIGN (0x4)
                0x20000754                PROVIDE (__init_array_start, .)
 *(SORT(.init_array.*))
 *(.init_array)
 .init_array    0x20000754        0x4 c:/siliconlabs/simplicitystudio/v3/developer/toolchains/gnu_arm/4.8_2013q4/bin/../lib/gcc/arm-none-eabi/4.8.3/armv7-m/crtbegin.o
                0x20000758                PROVIDE (__init_array_end, .)
                0x20000758                . = ALIGN (0x4)
                0x20000758                PROVIDE (__fini_array_start, .)
 *(SORT(.fini_array.*))
 *(.fini_array)
 .fini_array    0x20000758        0x4 c:/siliconlabs/simplicitystudio/v3/developer/toolchains/gnu_arm/4.8_2013q4/bin/../lib/gcc/arm-none-eabi/4.8.3/armv7-m/crtbegin.o
                0x2000075c                PROVIDE (__fini_array_end, .)
                0x2000075c                . = ALIGN (0x4)
                0x2000075c                __data_end__ = .

.jcr            0x2000075c        0x0 load address 0x0000aa20
 .jcr           0x2000075c        0x0 c:/siliconlabs/simplicitystudio/v3/developer/toolchains/gnu_arm/4.8_2013q4/bin/../lib/gcc/arm-none-eabi/4.8.3/armv7-m/crtbegin.o

.igot.plt       0x2000075c        0x0 load address 0x0000aa20
 .igot.plt      0x00000000        0x0 c:/siliconlabs/simplicitystudio/v3/developer/toolchains/gnu_arm/4.8_2013q4/bin/../lib/gcc/arm-none-eabi/4.8.3/armv7-m/crtbegin.o

.bss            0x20000800    0x19510 load address 0x0000ab00
                0x20000800                __bss_start__ = .
 *(.bss*)
 .bss           0x20000800       0x1c c:/siliconlabs/simplicitystudio/v3/developer/toolchains/gnu_arm/4.8_2013q4/bin/../lib/gcc/arm-none-eabi/4.8.3/armv7-m/crtbegin.o
 .bss.mote_sleep
                0x2000081c        0x1 ./src/config.o
                0x2000081c                mote_sleep
 *fill*         0x2000081d        0x1 
 .bss.static_seq_num.6787
                0x2000081e        0x2 ./src/dust_com.o
 .bss.gl_dont_wait_for_acks
                0x20000820        0x1 ./src/dust_com.o
                0x20000820                gl_dont_wait_for_acks
 *fill*         0x20000821        0x3 
 .bss.gl_next_block_to_use
                0x20000824        0x4 ./src/flash.o
 .bss.is_written_to.6329
                0x20000828       0x20 ./src/flash.o
 .bss.block.6328
                0x20000848     0x4000 ./src/flash.o
 .bss.rtcDelayComplete
                0x20004848        0x1 ./src/ngi_rtcdrv.o
 .bss.rtcInitialized
                0x20004849        0x1 ./src/ngi_rtcdrv.o
 *fill*         0x2000484a        0x2 
 .bss.rtcCounter
                0x2000484c        0x4 ./src/ngi_rtcdrv.o
 .bss.rtcFreq   0x20004850        0x4 ./src/ngi_rtcdrv.o
 .bss.rtcCb     0x20004854        0x4 ./src/ngi_rtcdrv.o
 .bss.gl_packet_buf
                0x20004858      0xb48 ./src/packet.o
 .bss.gl_packet_seq_num_at_last_sent_command
                0x200053a0        0x8 ./src/packet.o
 .bss.gl_packet_last_sent_command
                0x200053a8       0x80 ./src/packet.o
 .bss.min       0x20005428        0x4 ./src/process.o
 .bss.max       0x2000542c        0x4 ./src/process.o
 .bss.gl_last_timestamp
                0x20005430        0xc ./src/process.o
 .bss.minsample
                0x2000543c        0x4 ./src/process.o
 .bss.sample_mean
                0x20005440        0x4 ./src/process.o
 *fill*         0x20005444        0x4 
 .bss.gl_rrb    0x20005448     0xb470 ./src/process.o
                0x20005448                gl_rrb
 .bss.maxsample
                0x200108b8        0x4 ./src/process.o
 .bss.gl_latest_flash_id
                0x200108bc        0x2 ./src/process.o
 *fill*         0x200108be        0x2 
 .bss.burtc_counter
                0x200108c0        0x4 ./src/wait_burtc.o
 .bss.burtc_initialized
                0x200108c4        0x1 ./src/wait_burtc.o
 .bss.burtc_delay_complete
                0x200108c5        0x1 ./src/wait_burtc.o
 *fill*         0x200108c6        0x2 
 .bss.cmuStatus
                0x200108c8        0x4 ./emlib/em_emu.o
 .bss.INT_LockCnt
                0x200108cc        0x4 ./emlib/em_int.o
                0x200108cc                INT_LockCnt
 .bss.flashInfo
                0x200108d0       0x30 ./Drivers/nandflash.o
 .bss.pNandCmd  0x20010900        0x4 ./Drivers/nandflash.o
 .bss.pNandData8
                0x20010904        0x4 ./Drivers/nandflash.o
 .bss.pNandAddr
                0x20010908        0x4 ./Drivers/nandflash.o
 .bss.pNandData16
                0x2001090c        0x4 ./Drivers/nandflash.o
 .bss.pNandData32
                0x20010910        0x4 ./Drivers/nandflash.o
 .bss.flashInitialized
                0x20010914        0x1 ./Drivers/nandflash.o
 .bss.gl_recording_running
                0x20010915        0x1 ./src/geophone.o
 *fill*         0x20010916        0x2 
 .bss.gl_current_scan
                0x20010918        0x4 ./src/geophone.o
 .bss.gl_current_sample
                0x2001091c        0x4 ./src/geophone.o
 .bss.gl_aux_data_recived
                0x20010920        0x1 ./src/geophone.o
 *fill*         0x20010921        0x3 
 .bss.gl_num_sample_skip
                0x20010924        0x4 ./src/geophone.o
 .bss.gl_recording_start
                0x20010928        0x1 ./src/geophone.o
 *fill*         0x20010929        0x3 
 .bss.gl_RX_index
                0x2001092c        0x4 ./src/geophone.o
 .bss.gl_RX_in  0x20010930      0x108 ./src/geophone.o
 .bss.scan.8428
                0x20010a38        0x8 ./src/geophone.o
 .bss.gl_recording_stop
                0x20010a40        0x1 ./src/geophone.o
                0x20010a40                gl_recording_stop
 *fill*         0x20010a41        0x3 
 .bss.gl_num_aux
                0x20010a44        0x4 ./src/geophone.o
 .bss.gl_get_aux_data
                0x20010a48        0x1 ./src/geophone.o
 .bss.gl_wait_for_timestamp
                0x20010a49        0x1 ./src/geophone.o
                0x20010a49                gl_wait_for_timestamp
 .bss.gl_event_recived
                0x20010a4a        0x1 ./src/geophone.o
 *fill*         0x20010a4b        0x1 
 .bss.gl_num_samples
                0x20010a4c        0x4 ./src/geophone.o
                0x20010a4c                gl_num_samples
 *(COMMON)
 COMMON         0x20010a50       0x10 ./src/config.o
                0x20010a50                gl_ad_sampling_rate
                0x20010a58                gl_ad_scan_rate
 COMMON         0x20010a60     0x9004 ./src/flash.o
                0x20010a60                gl_flash_info
                0x20010a64                gl_block_info
 COMMON         0x20019a64        0xc ./src/process.o
                0x20019a64                gl_timestamp
 *fill*         0x20019a70       0x90 
 COMMON         0x20019b00      0x200 ./Drivers/dmactrl.o
                0x20019b00                dmaControlBlock
 COMMON         0x20019d00        0x4 ./CMSIS/efm32gg/system_efm32gg.o
                0x20019d00                SystemCoreClock
 COMMON         0x20019d04        0xc ./src/geophone.o
                0x20019d04                aux_sample
                0x20019d10                __bss_end__ = .

.heap           0x20019d10      0xc00
                0x20019d10                __end__ = .
                0x20019d10                end = __end__
                0x20019d10                _end = __end__
 *(.heap*)
 .heap          0x20019d10      0xc00 ./CMSIS/efm32gg/startup_gcc_efm32gg.o
                0x20019d10                __HeapBase
                0x2001a910                __HeapLimit = .

.stack_dummy    0x20019d10      0x400
 *(.stack)
 .stack         0x20019d10      0x400 ./CMSIS/efm32gg/startup_gcc_efm32gg.o
                0x20020000                __StackTop = (ORIGIN (RAM) + 0x20000)
                0x2001fc00                __StackLimit = (__StackTop - SIZEOF (.stack_dummy))
                0x20020000                PROVIDE (__stack, __StackTop)
                0x00000001                ASSERT ((__StackLimit >= __HeapLimit), region RAM overflowed with stack)
                0x00000001                ASSERT ((0x100000 >= (__etext + SIZEOF (.data))), FLASH memory overflowed !)
OUTPUT(RMAD-geophone.axf elf32-littlearm)

.ARM.attributes
                0x00000000       0x29
 .ARM.attributes
                0x00000000       0x1d c:/siliconlabs/simplicitystudio/v3/developer/toolchains/gnu_arm/4.8_2013q4/bin/../lib/gcc/arm-none-eabi/4.8.3/armv7-m/crti.o
 .ARM.attributes
                0x0000001d       0x2d c:/siliconlabs/simplicitystudio/v3/developer/toolchains/gnu_arm/4.8_2013q4/bin/../lib/gcc/arm-none-eabi/4.8.3/armv7-m/crtbegin.o
 .ARM.attributes
                0x0000004a       0x1b c:/siliconlabs/simplicitystudio/v3/developer/toolchains/gnu_arm/4.8_2013q4/bin/../lib/gcc/arm-none-eabi/4.8.3/../../../../arm-none-eabi/lib/armv7-m/crt0.o
 .ARM.attributes
                0x00000065       0x33 ./src/adjustable_params.o
 .ARM.attributes
                0x00000098       0x33 ./src/config.o
 .ARM.attributes
                0x000000cb       0x33 ./src/dust_com.o
 .ARM.attributes
                0x000000fe       0x33 ./src/fcs.o
 .ARM.attributes
                0x00000131       0x33 ./src/flash.o
 .ARM.attributes
                0x00000164       0x33 ./src/ngi_rtcdrv.o
 .ARM.attributes
                0x00000197       0x33 ./src/packet.o
 .ARM.attributes
                0x000001ca       0x33 ./src/process.o
 .ARM.attributes
                0x000001fd       0x33 ./src/timestamp.o
 .ARM.attributes
                0x00000230       0x33 ./src/wait_burtc.o
 .ARM.attributes
                0x00000263       0x33 ./emlib/em_acmp.o
 .ARM.attributes
                0x00000296       0x33 ./emlib/em_adc.o
 .ARM.attributes
                0x000002c9       0x33 ./emlib/em_burtc.o
 .ARM.attributes
                0x000002fc       0x33 ./emlib/em_cmu.o
 .ARM.attributes
                0x0000032f       0x33 ./emlib/em_dac.o
 .ARM.attributes
                0x00000362       0x33 ./emlib/em_dma.o
 .ARM.attributes
                0x00000395       0x33 ./emlib/em_ebi.o
 .ARM.attributes
                0x000003c8       0x33 ./emlib/em_emu.o
 .ARM.attributes
                0x000003fb       0x33 ./emlib/em_gpio.o
 .ARM.attributes
                0x0000042e       0x33 ./emlib/em_int.o
 .ARM.attributes
                0x00000461       0x33 ./emlib/em_msc.o
 .ARM.attributes
                0x00000494       0x33 ./emlib/em_rmu.o
 .ARM.attributes
                0x000004c7       0x33 ./emlib/em_rtc.o
 .ARM.attributes
                0x000004fa       0x33 ./emlib/em_system.o
 .ARM.attributes
                0x0000052d       0x33 ./emlib/em_usart.o
 .ARM.attributes
                0x00000560       0x33 ./emlib/em_wdog.o
 .ARM.attributes
                0x00000593       0x33 ./Drivers/dmactrl.o
 .ARM.attributes
                0x000005c6       0x33 ./Drivers/nandflash.o
 .ARM.attributes
                0x000005f9       0x33 ./Drivers/retargetio.o
 .ARM.attributes
                0x0000062c       0x1b ./CMSIS/efm32gg/startup_gcc_efm32gg.o
 .ARM.attributes
                0x00000647       0x33 ./CMSIS/efm32gg/system_efm32gg.o
 .ARM.attributes
                0x0000067a       0x33 ./BSP/bsp_stk.o
 .ARM.attributes
                0x000006ad       0x2d c:/siliconlabs/simplicitystudio/v3/developer/toolchains/gnu_arm/4.8_2013q4/bin/../lib/gcc/arm-none-eabi/4.8.3/../../../../arm-none-eabi/lib/armv7-m\libm.a(lib_a-s_ceil.o)
 .ARM.attributes
                0x000006da       0x2d c:/siliconlabs/simplicitystudio/v3/developer/toolchains/gnu_arm/4.8_2013q4/bin/../lib/gcc/arm-none-eabi/4.8.3/../../../../arm-none-eabi/lib/armv7-m\libm.a(lib_a-s_floor.o)
 .ARM.attributes
                0x00000707       0x2d c:/siliconlabs/simplicitystudio/v3/developer/toolchains/gnu_arm/4.8_2013q4/bin/../lib/gcc/arm-none-eabi/4.8.3/../../../../arm-none-eabi/lib/armv7-m\libm.a(lib_a-s_round.o)
 .ARM.attributes
                0x00000734       0x2d c:/siliconlabs/simplicitystudio/v3/developer/toolchains/gnu_arm/4.8_2013q4/bin/../lib/gcc/arm-none-eabi/4.8.3/../../../../arm-none-eabi/lib/armv7-m\libm.a(lib_a-w_pow.o)
 .ARM.attributes
                0x00000761       0x2d c:/siliconlabs/simplicitystudio/v3/developer/toolchains/gnu_arm/4.8_2013q4/bin/../lib/gcc/arm-none-eabi/4.8.3/../../../../arm-none-eabi/lib/armv7-m\libm.a(lib_a-w_sqrt.o)
 .ARM.attributes
                0x0000078e       0x2d c:/siliconlabs/simplicitystudio/v3/developer/toolchains/gnu_arm/4.8_2013q4/bin/../lib/gcc/arm-none-eabi/4.8.3/../../../../arm-none-eabi/lib/armv7-m\libm.a(lib_a-e_pow.o)
 .ARM.attributes
                0x000007bb       0x2d c:/siliconlabs/simplicitystudio/v3/developer/toolchains/gnu_arm/4.8_2013q4/bin/../lib/gcc/arm-none-eabi/4.8.3/../../../../arm-none-eabi/lib/armv7-m\libm.a(lib_a-e_sqrt.o)
 .ARM.attributes
                0x000007e8       0x2d c:/siliconlabs/simplicitystudio/v3/developer/toolchains/gnu_arm/4.8_2013q4/bin/../lib/gcc/arm-none-eabi/4.8.3/../../../../arm-none-eabi/lib/armv7-m\libm.a(lib_a-s_fabs.o)
 .ARM.attributes
                0x00000815       0x2d c:/siliconlabs/simplicitystudio/v3/developer/toolchains/gnu_arm/4.8_2013q4/bin/../lib/gcc/arm-none-eabi/4.8.3/../../../../arm-none-eabi/lib/armv7-m\libm.a(lib_a-s_finite.o)
 .ARM.attributes
                0x00000842       0x2d c:/siliconlabs/simplicitystudio/v3/developer/toolchains/gnu_arm/4.8_2013q4/bin/../lib/gcc/arm-none-eabi/4.8.3/../../../../arm-none-eabi/lib/armv7-m\libm.a(lib_a-s_fpclassify.o)
 .ARM.attributes
                0x0000086f       0x2d c:/siliconlabs/simplicitystudio/v3/developer/toolchains/gnu_arm/4.8_2013q4/bin/../lib/gcc/arm-none-eabi/4.8.3/../../../../arm-none-eabi/lib/armv7-m\libm.a(lib_a-s_lib_ver.o)
 .ARM.attributes
                0x0000089c       0x2d c:/siliconlabs/simplicitystudio/v3/developer/toolchains/gnu_arm/4.8_2013q4/bin/../lib/gcc/arm-none-eabi/4.8.3/../../../../arm-none-eabi/lib/armv7-m\libm.a(lib_a-s_matherr.o)
 .ARM.attributes
                0x000008c9       0x2d c:/siliconlabs/simplicitystudio/v3/developer/toolchains/gnu_arm/4.8_2013q4/bin/../lib/gcc/arm-none-eabi/4.8.3/../../../../arm-none-eabi/lib/armv7-m\libm.a(lib_a-s_nan.o)
 .ARM.attributes
                0x000008f6       0x2d c:/siliconlabs/simplicitystudio/v3/developer/toolchains/gnu_arm/4.8_2013q4/bin/../lib/gcc/arm-none-eabi/4.8.3/../../../../arm-none-eabi/lib/armv7-m\libm.a(lib_a-s_rint.o)
 .ARM.attributes
                0x00000923       0x2d c:/siliconlabs/simplicitystudio/v3/developer/toolchains/gnu_arm/4.8_2013q4/bin/../lib/gcc/arm-none-eabi/4.8.3/../../../../arm-none-eabi/lib/armv7-m\libm.a(lib_a-s_scalbn.o)
 .ARM.attributes
                0x00000950       0x2d c:/siliconlabs/simplicitystudio/v3/developer/toolchains/gnu_arm/4.8_2013q4/bin/../lib/gcc/arm-none-eabi/4.8.3/../../../../arm-none-eabi/lib/armv7-m\libm.a(lib_a-s_copysign.o)
 .ARM.attributes
                0x0000097d       0x33 ./src/geophone.o
 .ARM.attributes
                0x000009b0       0x1d c:/siliconlabs/simplicitystudio/v3/developer/toolchains/gnu_arm/4.8_2013q4/bin/../lib/gcc/arm-none-eabi/4.8.3/armv7-m\libgcc.a(_arm_addsubdf3.o)
 .ARM.attributes
                0x000009cd       0x1d c:/siliconlabs/simplicitystudio/v3/developer/toolchains/gnu_arm/4.8_2013q4/bin/../lib/gcc/arm-none-eabi/4.8.3/armv7-m\libgcc.a(_arm_muldivdf3.o)
 .ARM.attributes
                0x000009ea       0x1d c:/siliconlabs/simplicitystudio/v3/developer/toolchains/gnu_arm/4.8_2013q4/bin/../lib/gcc/arm-none-eabi/4.8.3/armv7-m\libgcc.a(_arm_cmpdf2.o)
 .ARM.attributes
                0x00000a07       0x1d c:/siliconlabs/simplicitystudio/v3/developer/toolchains/gnu_arm/4.8_2013q4/bin/../lib/gcc/arm-none-eabi/4.8.3/armv7-m\libgcc.a(_arm_fixdfsi.o)
 .ARM.attributes
                0x00000a24       0x1d c:/siliconlabs/simplicitystudio/v3/developer/toolchains/gnu_arm/4.8_2013q4/bin/../lib/gcc/arm-none-eabi/4.8.3/armv7-m\libgcc.a(_arm_fixunsdfsi.o)
 .ARM.attributes
                0x00000a41       0x1d c:/siliconlabs/simplicitystudio/v3/developer/toolchains/gnu_arm/4.8_2013q4/bin/../lib/gcc/arm-none-eabi/4.8.3/armv7-m\libgcc.a(_arm_truncdfsf2.o)
 .ARM.attributes
                0x00000a5e       0x1d c:/siliconlabs/simplicitystudio/v3/developer/toolchains/gnu_arm/4.8_2013q4/bin/../lib/gcc/arm-none-eabi/4.8.3/armv7-m\libgcc.a(_arm_addsubsf3.o)
 .ARM.attributes
                0x00000a7b       0x1d c:/siliconlabs/simplicitystudio/v3/developer/toolchains/gnu_arm/4.8_2013q4/bin/../lib/gcc/arm-none-eabi/4.8.3/armv7-m\libgcc.a(_arm_muldivsf3.o)
 .ARM.attributes
                0x00000a98       0x1d c:/siliconlabs/simplicitystudio/v3/developer/toolchains/gnu_arm/4.8_2013q4/bin/../lib/gcc/arm-none-eabi/4.8.3/armv7-m\libgcc.a(_arm_cmpsf2.o)
 .ARM.attributes
                0x00000ab5       0x1d c:/siliconlabs/simplicitystudio/v3/developer/toolchains/gnu_arm/4.8_2013q4/bin/../lib/gcc/arm-none-eabi/4.8.3/armv7-m\libgcc.a(_arm_fixsfsi.o)
 .ARM.attributes
                0x00000ad2       0x1d c:/siliconlabs/simplicitystudio/v3/developer/toolchains/gnu_arm/4.8_2013q4/bin/../lib/gcc/arm-none-eabi/4.8.3/armv7-m\libgcc.a(_arm_fixunssfsi.o)
 .ARM.attributes
                0x00000aef       0x1d c:/siliconlabs/simplicitystudio/v3/developer/toolchains/gnu_arm/4.8_2013q4/bin/../lib/gcc/arm-none-eabi/4.8.3/armv7-m\libgcc.a(_aeabi_uldivmod.o)
 .ARM.attributes
                0x00000b0c       0x2d c:/siliconlabs/simplicitystudio/v3/developer/toolchains/gnu_arm/4.8_2013q4/bin/../lib/gcc/arm-none-eabi/4.8.3/armv7-m\libgcc.a(_fixdfdi.o)
 .ARM.attributes
                0x00000b39       0x2d c:/siliconlabs/simplicitystudio/v3/developer/toolchains/gnu_arm/4.8_2013q4/bin/../lib/gcc/arm-none-eabi/4.8.3/armv7-m\libgcc.a(_fixunsdfdi.o)
 .ARM.attributes
                0x00000b66       0x2d c:/siliconlabs/simplicitystudio/v3/developer/toolchains/gnu_arm/4.8_2013q4/bin/../lib/gcc/arm-none-eabi/4.8.3/armv7-m\libgcc.a(bpabi.o)
 .ARM.attributes
                0x00000b93       0x1d c:/siliconlabs/simplicitystudio/v3/developer/toolchains/gnu_arm/4.8_2013q4/bin/../lib/gcc/arm-none-eabi/4.8.3/armv7-m\libgcc.a(_dvmd_tls.o)
 .ARM.attributes
                0x00000bb0       0x2d c:/siliconlabs/simplicitystudio/v3/developer/toolchains/gnu_arm/4.8_2013q4/bin/../lib/gcc/arm-none-eabi/4.8.3/armv7-m\libgcc.a(_divdi3.o)
 .ARM.attributes
                0x00000bdd       0x2d c:/siliconlabs/simplicitystudio/v3/developer/toolchains/gnu_arm/4.8_2013q4/bin/../lib/gcc/arm-none-eabi/4.8.3/armv7-m\libgcc.a(_udivdi3.o)
 .ARM.attributes
                0x00000c0a       0x2d c:/siliconlabs/simplicitystudio/v3/developer/toolchains/gnu_arm/4.8_2013q4/bin/../lib/gcc/arm-none-eabi/4.8.3/../../../../arm-none-eabi/lib/armv7-m\libc_s.a(lib_a-errno.o)
 .ARM.attributes
                0x00000c37       0x2d c:/siliconlabs/simplicitystudio/v3/developer/toolchains/gnu_arm/4.8_2013q4/bin/../lib/gcc/arm-none-eabi/4.8.3/../../../../arm-none-eabi/lib/armv7-m\libc_s.a(lib_a-exit.o)
 .ARM.attributes
                0x00000c64       0x2d c:/siliconlabs/simplicitystudio/v3/developer/toolchains/gnu_arm/4.8_2013q4/bin/../lib/gcc/arm-none-eabi/4.8.3/../../../../arm-none-eabi/lib/armv7-m\libc_s.a(lib_a-findfp.o)
 .ARM.attributes
                0x00000c91       0x2d c:/siliconlabs/simplicitystudio/v3/developer/toolchains/gnu_arm/4.8_2013q4/bin/../lib/gcc/arm-none-eabi/4.8.3/../../../../arm-none-eabi/lib/armv7-m\libc_s.a(lib_a-impure.o)
 .ARM.attributes
                0x00000cbe       0x2d c:/siliconlabs/simplicitystudio/v3/developer/toolchains/gnu_arm/4.8_2013q4/bin/../lib/gcc/arm-none-eabi/4.8.3/../../../../arm-none-eabi/lib/armv7-m\libc_s.a(lib_a-init.o)
 .ARM.attributes
                0x00000ceb       0x2d c:/siliconlabs/simplicitystudio/v3/developer/toolchains/gnu_arm/4.8_2013q4/bin/../lib/gcc/arm-none-eabi/4.8.3/../../../../arm-none-eabi/lib/armv7-m\libc_s.a(lib_a-memcpy-stub.o)
 .ARM.attributes
                0x00000d18       0x2d c:/siliconlabs/simplicitystudio/v3/developer/toolchains/gnu_arm/4.8_2013q4/bin/../lib/gcc/arm-none-eabi/4.8.3/../../../../arm-none-eabi/lib/armv7-m\libc_s.a(lib_a-memset.o)
 .ARM.attributes
                0x00000d45       0x2d c:/siliconlabs/simplicitystudio/v3/developer/toolchains/gnu_arm/4.8_2013q4/bin/../lib/gcc/arm-none-eabi/4.8.3/armv7-m/crtend.o
 .ARM.attributes
                0x00000d72       0x1d c:/siliconlabs/simplicitystudio/v3/developer/toolchains/gnu_arm/4.8_2013q4/bin/../lib/gcc/arm-none-eabi/4.8.3/armv7-m/crtn.o

.comment        0x00000000       0x70
 .comment       0x00000000       0x70 ./src/adjustable_params.o
                                 0x71 (size before relaxing)
 .comment       0x00000000       0x71 ./src/config.o
 .comment       0x00000000       0x71 ./src/dust_com.o
 .comment       0x00000000       0x71 ./src/fcs.o
 .comment       0x00000000       0x71 ./src/flash.o
 .comment       0x00000000       0x71 ./src/ngi_rtcdrv.o
 .comment       0x00000000       0x71 ./src/packet.o
 .comment       0x00000000       0x71 ./src/process.o
 .comment       0x00000000       0x71 ./src/timestamp.o
 .comment       0x00000000       0x71 ./src/wait_burtc.o
 .comment       0x00000000       0x71 ./emlib/em_acmp.o
 .comment       0x00000000       0x71 ./emlib/em_adc.o
 .comment       0x00000000       0x71 ./emlib/em_burtc.o
 .comment       0x00000000       0x71 ./emlib/em_cmu.o
 .comment       0x00000000       0x71 ./emlib/em_dac.o
 .comment       0x00000000       0x71 ./emlib/em_dma.o
 .comment       0x00000000       0x71 ./emlib/em_ebi.o
 .comment       0x00000000       0x71 ./emlib/em_emu.o
 .comment       0x00000000       0x71 ./emlib/em_gpio.o
 .comment       0x00000000       0x71 ./emlib/em_int.o
 .comment       0x00000000       0x71 ./emlib/em_msc.o
 .comment       0x00000000       0x71 ./emlib/em_rmu.o
 .comment       0x00000000       0x71 ./emlib/em_rtc.o
 .comment       0x00000000       0x71 ./emlib/em_system.o
 .comment       0x00000000       0x71 ./emlib/em_usart.o
 .comment       0x00000000       0x71 ./emlib/em_wdog.o
 .comment       0x00000000       0x71 ./Drivers/dmactrl.o
 .comment       0x00000000       0x71 ./Drivers/nandflash.o
 .comment       0x00000000       0x71 ./Drivers/retargetio.o
 .comment       0x00000000       0x71 ./CMSIS/efm32gg/system_efm32gg.o
 .comment       0x00000000       0x71 ./BSP/bsp_stk.o
 .comment       0x00000000       0x71 ./src/geophone.o

.debug_info     0x00000000    0x1f358
 .debug_info    0x00000000      0x4d5 ./src/adjustable_params.o
 .debug_info    0x000004d5     0x2848 ./src/config.o
 .debug_info    0x00002d1d     0x1e14 ./src/dust_com.o
 .debug_info    0x00004b31      0x143 ./src/fcs.o
 .debug_info    0x00004c74      0xb0a ./src/flash.o
 .debug_info    0x0000577e     0x12a4 ./src/ngi_rtcdrv.o
 .debug_info    0x00006a22      0xe97 ./src/packet.o
 .debug_info    0x000078b9     0x23cb ./src/process.o
 .debug_info    0x00009c84      0x233 ./src/timestamp.o
 .debug_info    0x00009eb7     0x1090 ./src/wait_burtc.o
 .debug_info    0x0000af47      0x6e8 ./emlib/em_acmp.o
 .debug_info    0x0000b62f      0xcbe ./emlib/em_adc.o
 .debug_info    0x0000c2ed      0x897 ./emlib/em_burtc.o
 .debug_info    0x0000cb84     0x2c40 ./emlib/em_cmu.o
 .debug_info    0x0000f7c4      0x9c4 ./emlib/em_dac.o
 .debug_info    0x00010188     0x164c ./emlib/em_dma.o
 .debug_info    0x000117d4     0x2fba ./emlib/em_ebi.o
 .debug_info    0x0001478e      0xe91 ./emlib/em_emu.o
 .debug_info    0x0001561f      0x7bc ./emlib/em_gpio.o
 .debug_info    0x00015ddb       0xa6 ./emlib/em_int.o
 .debug_info    0x00015e81      0xbd4 ./emlib/em_msc.o
 .debug_info    0x00016a55      0x585 ./emlib/em_rmu.o
 .debug_info    0x00016fda      0x3f3 ./emlib/em_rtc.o
 .debug_info    0x000173cd      0x246 ./emlib/em_system.o
 .debug_info    0x00017613     0x1361 ./emlib/em_usart.o
 .debug_info    0x00018974      0x3ad ./emlib/em_wdog.o
 .debug_info    0x00018d21      0x113 ./Drivers/dmactrl.o
 .debug_info    0x00018e34     0x149d ./Drivers/nandflash.o
 .debug_info    0x0001a2d1      0xefe ./Drivers/retargetio.o
 .debug_info    0x0001b1cf       0x92 ./CMSIS/efm32gg/startup_gcc_efm32gg.o
 .debug_info    0x0001b261      0x68c ./CMSIS/efm32gg/system_efm32gg.o
 .debug_info    0x0001b8ed      0xe2c ./BSP/bsp_stk.o
 .debug_info    0x0001c719     0x2c3f ./src/geophone.o

.debug_abbrev   0x00000000     0x59e6
 .debug_abbrev  0x00000000      0x232 ./src/adjustable_params.o
 .debug_abbrev  0x00000232      0x409 ./src/config.o
 .debug_abbrev  0x0000063b      0x4e6 ./src/dust_com.o
 .debug_abbrev  0x00000b21       0xf4 ./src/fcs.o
 .debug_abbrev  0x00000c15      0x2d6 ./src/flash.o
 .debug_abbrev  0x00000eeb      0x3ee ./src/ngi_rtcdrv.o
 .debug_abbrev  0x000012d9      0x369 ./src/packet.o
 .debug_abbrev  0x00001642      0x592 ./src/process.o
 .debug_abbrev  0x00001bd4      0x131 ./src/timestamp.o
 .debug_abbrev  0x00001d05      0x3dc ./src/wait_burtc.o
 .debug_abbrev  0x000020e1      0x269 ./emlib/em_acmp.o
 .debug_abbrev  0x0000234a      0x2ce ./emlib/em_adc.o
 .debug_abbrev  0x00002618      0x2ec ./emlib/em_burtc.o
 .debug_abbrev  0x00002904      0x44f ./emlib/em_cmu.o
 .debug_abbrev  0x00002d53      0x2ba ./emlib/em_dac.o
 .debug_abbrev  0x0000300d      0x34b ./emlib/em_dma.o
 .debug_abbrev  0x00003358      0x31a ./emlib/em_ebi.o
 .debug_abbrev  0x00003672      0x323 ./emlib/em_emu.o
 .debug_abbrev  0x00003995      0x2a7 ./emlib/em_gpio.o
 .debug_abbrev  0x00003c3c       0x5c ./emlib/em_int.o
 .debug_abbrev  0x00003c98      0x32b ./emlib/em_msc.o
 .debug_abbrev  0x00003fc3      0x274 ./emlib/em_rmu.o
 .debug_abbrev  0x00004237      0x21d ./emlib/em_rtc.o
 .debug_abbrev  0x00004454       0xef ./emlib/em_system.o
 .debug_abbrev  0x00004543      0x300 ./emlib/em_usart.o
 .debug_abbrev  0x00004843      0x154 ./emlib/em_wdog.o
 .debug_abbrev  0x00004997       0x98 ./Drivers/dmactrl.o
 .debug_abbrev  0x00004a2f      0x368 ./Drivers/nandflash.o
 .debug_abbrev  0x00004d97      0x342 ./Drivers/retargetio.o
 .debug_abbrev  0x000050d9       0x14 ./CMSIS/efm32gg/startup_gcc_efm32gg.o
 .debug_abbrev  0x000050ed      0x1b5 ./CMSIS/efm32gg/system_efm32gg.o
 .debug_abbrev  0x000052a2      0x1f9 ./BSP/bsp_stk.o
 .debug_abbrev  0x0000549b      0x54b ./src/geophone.o

.debug_loc      0x00000000    0x1560c
 .debug_loc     0x00000000      0x109 ./src/adjustable_params.o
 .debug_loc     0x00000109      0x41b ./src/config.o
 .debug_loc     0x00000524     0x1a3b ./src/dust_com.o
 .debug_loc     0x00001f5f      0x155 ./src/fcs.o
 .debug_loc     0x000020b4      0x7e9 ./src/flash.o
 .debug_loc     0x0000289d      0x4c8 ./src/ngi_rtcdrv.o
 .debug_loc     0x00002d65     0x154a ./src/packet.o
 .debug_loc     0x000042af     0x2f58 ./src/process.o
 .debug_loc     0x00007207      0x199 ./src/timestamp.o
 .debug_loc     0x000073a0      0x44c ./src/wait_burtc.o
 .debug_loc     0x000077ec      0x226 ./emlib/em_acmp.o
 .debug_loc     0x00007a12      0x779 ./emlib/em_adc.o
 .debug_loc     0x0000818b      0x2aa ./emlib/em_burtc.o
 .debug_loc     0x00008435     0x32e7 ./emlib/em_cmu.o
 .debug_loc     0x0000b71c      0x35b ./emlib/em_dac.o
 .debug_loc     0x0000ba77     0x1253 ./emlib/em_dma.o
 .debug_loc     0x0000ccca     0x33c0 ./emlib/em_ebi.o
 .debug_loc     0x0001008a      0x3d7 ./emlib/em_emu.o
 .debug_loc     0x00010461      0x591 ./emlib/em_gpio.o
 .debug_loc     0x000109f2     0x12a7 ./emlib/em_msc.o
 .debug_loc     0x00011c99      0x3c3 ./emlib/em_rmu.o
 .debug_loc     0x0001205c       0x9a ./emlib/em_rtc.o
 .debug_loc     0x000120f6       0xa5 ./emlib/em_system.o
 .debug_loc     0x0001219b      0xe53 ./emlib/em_usart.o
 .debug_loc     0x00012fee      0x180 ./emlib/em_wdog.o
 .debug_loc     0x0001316e     0x112d ./Drivers/nandflash.o
 .debug_loc     0x0001429b      0x3c2 ./Drivers/retargetio.o
 .debug_loc     0x0001465d      0x36a ./CMSIS/efm32gg/system_efm32gg.o
 .debug_loc     0x000149c7       0xe8 ./BSP/bsp_stk.o
 .debug_loc     0x00014aaf      0xb5d ./src/geophone.o

.debug_aranges  0x00000000      0xc08
 .debug_aranges
                0x00000000       0x28 ./src/adjustable_params.o
 .debug_aranges
                0x00000028       0x70 ./src/config.o
 .debug_aranges
                0x00000098       0x90 ./src/dust_com.o
 .debug_aranges
                0x00000128       0x28 ./src/fcs.o
 .debug_aranges
                0x00000150       0x50 ./src/flash.o
 .debug_aranges
                0x000001a0       0x60 ./src/ngi_rtcdrv.o
 .debug_aranges
                0x00000200       0x80 ./src/packet.o
 .debug_aranges
                0x00000280       0x98 ./src/process.o
 .debug_aranges
                0x00000318       0x38 ./src/timestamp.o
 .debug_aranges
                0x00000350       0x30 ./src/wait_burtc.o
 .debug_aranges
                0x00000380       0x58 ./emlib/em_acmp.o
 .debug_aranges
                0x000003d8       0x48 ./emlib/em_adc.o
 .debug_aranges
                0x00000420       0x48 ./emlib/em_burtc.o
 .debug_aranges
                0x00000468       0xe8 ./emlib/em_cmu.o
 .debug_aranges
                0x00000550       0x48 ./emlib/em_dac.o
 .debug_aranges
                0x00000598       0x98 ./emlib/em_dma.o
 .debug_aranges
                0x00000630       0xd0 ./emlib/em_ebi.o
 .debug_aranges
                0x00000700       0x70 ./emlib/em_emu.o
 .debug_aranges
                0x00000770       0x48 ./emlib/em_gpio.o
 .debug_aranges
                0x000007b8       0x18 ./emlib/em_int.o
 .debug_aranges
                0x000007d0       0x80 ./emlib/em_msc.o
 .debug_aranges
                0x00000850       0x30 ./emlib/em_rmu.o
 .debug_aranges
                0x00000880       0x50 ./emlib/em_rtc.o
 .debug_aranges
                0x000008d0       0x28 ./emlib/em_system.o
 .debug_aranges
                0x000008f8       0xb8 ./emlib/em_usart.o
 .debug_aranges
                0x000009b0       0x38 ./emlib/em_wdog.o
 .debug_aranges
                0x000009e8       0x18 ./Drivers/dmactrl.o
 .debug_aranges
                0x00000a00       0x68 ./Drivers/nandflash.o
 .debug_aranges
                0x00000a68       0x68 ./Drivers/retargetio.o
 .debug_aranges
                0x00000ad0       0x20 ./CMSIS/efm32gg/startup_gcc_efm32gg.o
 .debug_aranges
                0x00000af0       0x68 ./CMSIS/efm32gg/system_efm32gg.o
 .debug_aranges
                0x00000b58       0x48 ./BSP/bsp_stk.o
 .debug_aranges
                0x00000ba0       0x68 ./src/geophone.o

.debug_ranges   0x00000000     0x4168
 .debug_ranges  0x00000000       0x50 ./src/adjustable_params.o
 .debug_ranges  0x00000050      0x1d8 ./src/config.o
 .debug_ranges  0x00000228      0x450 ./src/dust_com.o
 .debug_ranges  0x00000678       0x38 ./src/fcs.o
 .debug_ranges  0x000006b0      0x140 ./src/flash.o
 .debug_ranges  0x000007f0      0x298 ./src/ngi_rtcdrv.o
 .debug_ranges  0x00000a88      0x2b8 ./src/packet.o
 .debug_ranges  0x00000d40      0x6f0 ./src/process.o
 .debug_ranges  0x00001430       0x28 ./src/timestamp.o
 .debug_ranges  0x00001458      0x238 ./src/wait_burtc.o
 .debug_ranges  0x00001690       0xa8 ./emlib/em_acmp.o
 .debug_ranges  0x00001738       0xc8 ./emlib/em_adc.o
 .debug_ranges  0x00001800      0x108 ./emlib/em_burtc.o
 .debug_ranges  0x00001908      0xa58 ./emlib/em_cmu.o
 .debug_ranges  0x00002360       0x90 ./emlib/em_dac.o
 .debug_ranges  0x000023f0      0x1d0 ./emlib/em_dma.o
 .debug_ranges  0x000025c0      0x770 ./emlib/em_ebi.o
 .debug_ranges  0x00002d30      0x178 ./emlib/em_emu.o
 .debug_ranges  0x00002ea8       0x68 ./emlib/em_gpio.o
 .debug_ranges  0x00002f10      0x208 ./emlib/em_msc.o
 .debug_ranges  0x00003118       0xd0 ./emlib/em_rmu.o
 .debug_ranges  0x000031e8       0x70 ./emlib/em_rtc.o
 .debug_ranges  0x00003258       0x18 ./emlib/em_system.o
 .debug_ranges  0x00003270      0x2a8 ./emlib/em_usart.o
 .debug_ranges  0x00003518       0x28 ./emlib/em_wdog.o
 .debug_ranges  0x00003540      0x4f8 ./Drivers/nandflash.o
 .debug_ranges  0x00003a38       0x58 ./Drivers/retargetio.o
 .debug_ranges  0x00003a90      0x190 ./CMSIS/efm32gg/system_efm32gg.o
 .debug_ranges  0x00003c20       0x38 ./BSP/bsp_stk.o
 .debug_ranges  0x00003c58      0x510 ./src/geophone.o

.debug_line     0x00000000     0x93fe
 .debug_line    0x00000000      0x216 ./src/adjustable_params.o
 .debug_line    0x00000216      0x5d7 ./src/config.o
 .debug_line    0x000007ed      0x80c ./src/dust_com.o
 .debug_line    0x00000ff9       0x73 ./src/fcs.o
 .debug_line    0x0000106c      0x496 ./src/flash.o
 .debug_line    0x00001502      0x53c ./src/ngi_rtcdrv.o
 .debug_line    0x00001a3e      0x456 ./src/packet.o
 .debug_line    0x00001e94      0x9c7 ./src/process.o
 .debug_line    0x0000285b      0x16d ./src/timestamp.o
 .debug_line    0x000029c8      0x491 ./src/wait_burtc.o
 .debug_line    0x00002e59      0x33a ./emlib/em_acmp.o
 .debug_line    0x00003193      0x390 ./emlib/em_adc.o
 .debug_line    0x00003523      0x305 ./emlib/em_burtc.o
 .debug_line    0x00003828      0xdfd ./emlib/em_cmu.o
 .debug_line    0x00004625      0x2cf ./emlib/em_dac.o
 .debug_line    0x000048f4      0x62a ./emlib/em_dma.o
 .debug_line    0x00004f1e      0x89c ./emlib/em_ebi.o
 .debug_line    0x000057ba      0x4db ./emlib/em_emu.o
 .debug_line    0x00005c95      0x2ef ./emlib/em_gpio.o
 .debug_line    0x00005f84       0xf6 ./emlib/em_int.o
 .debug_line    0x0000607a      0x5ed ./emlib/em_msc.o
 .debug_line    0x00006667      0x2d8 ./emlib/em_rmu.o
 .debug_line    0x0000693f      0x272 ./emlib/em_rtc.o
 .debug_line    0x00006bb1      0x21a ./emlib/em_system.o
 .debug_line    0x00006dcb      0x6c8 ./emlib/em_usart.o
 .debug_line    0x00007493      0x256 ./emlib/em_wdog.o
 .debug_line    0x000076e9      0x173 ./Drivers/dmactrl.o
 .debug_line    0x0000785c      0x7f1 ./Drivers/nandflash.o
 .debug_line    0x0000804d      0x36a ./Drivers/retargetio.o
 .debug_line    0x000083b7       0x9f ./CMSIS/efm32gg/startup_gcc_efm32gg.o
 .debug_line    0x00008456      0x373 ./CMSIS/efm32gg/system_efm32gg.o
 .debug_line    0x000087c9      0x2c3 ./BSP/bsp_stk.o
 .debug_line    0x00008a8c      0x972 ./src/geophone.o

.debug_str      0x00000000     0x70cb
 .debug_str     0x00000000      0x4d3 ./src/adjustable_params.o
                                0x51f (size before relaxing)
 .debug_str     0x000004d3     0x1ca0 ./src/config.o
                               0x1fda (size before relaxing)
 .debug_str     0x00002173      0x68d ./src/dust_com.o
                                0xdec (size before relaxing)
 .debug_str     0x00002800       0x1e ./src/fcs.o
                                0x176 (size before relaxing)
 .debug_str     0x0000281e      0x3df ./src/flash.o
                                0x65a (size before relaxing)
 .debug_str     0x00002bfd      0x15a ./src/ngi_rtcdrv.o
                                0xaae (size before relaxing)
 .debug_str     0x00002d57      0x15a ./src/packet.o
                                0x579 (size before relaxing)
 .debug_str     0x00002eb1      0x66c ./src/process.o
                               0x1041 (size before relaxing)
 .debug_str     0x0000351d       0x2a ./src/timestamp.o
                                0x23f (size before relaxing)
 .debug_str     0x00003547      0x397 ./src/wait_burtc.o
                                0x976 (size before relaxing)
 .debug_str     0x000038de      0x103 ./emlib/em_acmp.o
                                0x628 (size before relaxing)
 .debug_str     0x000039e1       0xfa ./emlib/em_adc.o
                                0xbc3 (size before relaxing)
 .debug_str     0x00003adb       0xea ./emlib/em_burtc.o
                                0x4d3 (size before relaxing)
 .debug_str     0x00003bc5      0x964 ./emlib/em_cmu.o
                               0x10b4 (size before relaxing)
 .debug_str     0x00004529       0x77 ./emlib/em_dac.o
                                0x8a1 (size before relaxing)
 .debug_str     0x000045a0      0x5c5 ./emlib/em_dma.o
                                0xd61 (size before relaxing)
 .debug_str     0x00004b65      0xbb0 ./emlib/em_ebi.o
                                0xdc2 (size before relaxing)
 .debug_str     0x00005715      0x36a ./emlib/em_emu.o
                                0x82e (size before relaxing)
 .debug_str     0x00005a7f       0xf8 ./emlib/em_gpio.o
                                0x5cb (size before relaxing)
 .debug_str     0x00005b77       0x12 ./emlib/em_int.o
                                0x1cb (size before relaxing)
 .debug_str     0x00005b89      0x1c6 ./emlib/em_msc.o
                                0x77e (size before relaxing)
 .debug_str     0x00005d4f       0xb1 ./emlib/em_rmu.o
                                0x3d3 (size before relaxing)
 .debug_str     0x00005e00       0x1a ./emlib/em_rtc.o
                                0x2b1 (size before relaxing)
 .debug_str     0x00005e1a       0xa2 ./emlib/em_system.o
                                0x29d (size before relaxing)
 .debug_str     0x00005ebc      0x585 ./emlib/em_usart.o
                                0xded (size before relaxing)
 .debug_str     0x00006441       0x30 ./emlib/em_wdog.o
                                0x3db (size before relaxing)
 .debug_str     0x00006471       0x25 ./Drivers/dmactrl.o
                                0x201 (size before relaxing)
 .debug_str     0x00006496      0x1a3 ./Drivers/nandflash.o
                                0x9f1 (size before relaxing)
 .debug_str     0x00006639      0x553 ./Drivers/retargetio.o
                                0x788 (size before relaxing)
 .debug_str     0x00006b8c       0x73 ./CMSIS/efm32gg/system_efm32gg.o
                                0x47a (size before relaxing)
 .debug_str     0x00006bff       0xd7 ./BSP/bsp_stk.o
                                0xc2e (size before relaxing)
 .debug_str     0x00006cd6      0x3f5 ./src/geophone.o
                               0x1a9f (size before relaxing)

.debug_frame    0x00000000     0x22e0
 .debug_frame   0x00000000       0x58 ./src/adjustable_params.o
 .debug_frame   0x00000058      0x150 ./src/config.o
 .debug_frame   0x000001a8      0x220 ./src/dust_com.o
 .debug_frame   0x000003c8       0x38 ./src/fcs.o
 .debug_frame   0x00000400       0xe4 ./src/flash.o
 .debug_frame   0x000004e4      0x108 ./src/ngi_rtcdrv.o
 .debug_frame   0x000005ec      0x18c ./src/packet.o
 .debug_frame   0x00000778      0x20c ./src/process.o
 .debug_frame   0x00000984       0x80 ./src/timestamp.o
 .debug_frame   0x00000a04       0x70 ./src/wait_burtc.o
 .debug_frame   0x00000a74       0xbc ./emlib/em_acmp.o
 .debug_frame   0x00000b30       0xb4 ./emlib/em_adc.o
 .debug_frame   0x00000be4       0x84 ./emlib/em_burtc.o
 .debug_frame   0x00000c68      0x224 ./emlib/em_cmu.o
 .debug_frame   0x00000e8c       0x90 ./emlib/em_dac.o
 .debug_frame   0x00000f1c      0x1b4 ./emlib/em_dma.o
 .debug_frame   0x000010d0      0x1e8 ./emlib/em_ebi.o
 .debug_frame   0x000012b8       0xf4 ./emlib/em_emu.o
 .debug_frame   0x000013ac       0x90 ./emlib/em_gpio.o
 .debug_frame   0x0000143c      0x148 ./emlib/em_msc.o
 .debug_frame   0x00001584       0x48 ./emlib/em_rmu.o
 .debug_frame   0x000015cc       0x80 ./emlib/em_rtc.o
 .debug_frame   0x0000164c       0x30 ./emlib/em_system.o
 .debug_frame   0x0000167c      0x1d8 ./emlib/em_usart.o
 .debug_frame   0x00001854       0x50 ./emlib/em_wdog.o
 .debug_frame   0x000018a4      0x130 ./Drivers/nandflash.o
 .debug_frame   0x000019d4       0xd4 ./Drivers/retargetio.o
 .debug_frame   0x00001aa8       0xb0 ./CMSIS/efm32gg/system_efm32gg.o
 .debug_frame   0x00001b58       0xa0 ./BSP/bsp_stk.o
 .debug_frame   0x00001bf8       0x38 c:/siliconlabs/simplicitystudio/v3/developer/toolchains/gnu_arm/4.8_2013q4/bin/../lib/gcc/arm-none-eabi/4.8.3/../../../../arm-none-eabi/lib/armv7-m\libm.a(lib_a-s_ceil.o)
 .debug_frame   0x00001c30       0x38 c:/siliconlabs/simplicitystudio/v3/developer/toolchains/gnu_arm/4.8_2013q4/bin/../lib/gcc/arm-none-eabi/4.8.3/../../../../arm-none-eabi/lib/armv7-m\libm.a(lib_a-s_floor.o)
 .debug_frame   0x00001c68       0x30 c:/siliconlabs/simplicitystudio/v3/developer/toolchains/gnu_arm/4.8_2013q4/bin/../lib/gcc/arm-none-eabi/4.8.3/../../../../arm-none-eabi/lib/armv7-m\libm.a(lib_a-s_round.o)
 .debug_frame   0x00001c98       0x38 c:/siliconlabs/simplicitystudio/v3/developer/toolchains/gnu_arm/4.8_2013q4/bin/../lib/gcc/arm-none-eabi/4.8.3/../../../../arm-none-eabi/lib/armv7-m\libm.a(lib_a-w_pow.o)
 .debug_frame   0x00001cd0       0x38 c:/siliconlabs/simplicitystudio/v3/developer/toolchains/gnu_arm/4.8_2013q4/bin/../lib/gcc/arm-none-eabi/4.8.3/../../../../arm-none-eabi/lib/armv7-m\libm.a(lib_a-w_sqrt.o)
 .debug_frame   0x00001d08       0x38 c:/siliconlabs/simplicitystudio/v3/developer/toolchains/gnu_arm/4.8_2013q4/bin/../lib/gcc/arm-none-eabi/4.8.3/../../../../arm-none-eabi/lib/armv7-m\libm.a(lib_a-e_pow.o)
 .debug_frame   0x00001d40       0x34 c:/siliconlabs/simplicitystudio/v3/developer/toolchains/gnu_arm/4.8_2013q4/bin/../lib/gcc/arm-none-eabi/4.8.3/../../../../arm-none-eabi/lib/armv7-m\libm.a(lib_a-e_sqrt.o)
 .debug_frame   0x00001d74       0x20 c:/siliconlabs/simplicitystudio/v3/developer/toolchains/gnu_arm/4.8_2013q4/bin/../lib/gcc/arm-none-eabi/4.8.3/../../../../arm-none-eabi/lib/armv7-m\libm.a(lib_a-s_fabs.o)
 .debug_frame   0x00001d94       0x20 c:/siliconlabs/simplicitystudio/v3/developer/toolchains/gnu_arm/4.8_2013q4/bin/../lib/gcc/arm-none-eabi/4.8.3/../../../../arm-none-eabi/lib/armv7-m\libm.a(lib_a-s_finite.o)
 .debug_frame   0x00001db4       0x28 c:/siliconlabs/simplicitystudio/v3/developer/toolchains/gnu_arm/4.8_2013q4/bin/../lib/gcc/arm-none-eabi/4.8.3/../../../../arm-none-eabi/lib/armv7-m\libm.a(lib_a-s_fpclassify.o)
 .debug_frame   0x00001ddc       0x20 c:/siliconlabs/simplicitystudio/v3/developer/toolchains/gnu_arm/4.8_2013q4/bin/../lib/gcc/arm-none-eabi/4.8.3/../../../../arm-none-eabi/lib/armv7-m\libm.a(lib_a-s_matherr.o)
 .debug_frame   0x00001dfc       0x20 c:/siliconlabs/simplicitystudio/v3/developer/toolchains/gnu_arm/4.8_2013q4/bin/../lib/gcc/arm-none-eabi/4.8.3/../../../../arm-none-eabi/lib/armv7-m\libm.a(lib_a-s_nan.o)
 .debug_frame   0x00001e1c       0x34 c:/siliconlabs/simplicitystudio/v3/developer/toolchains/gnu_arm/4.8_2013q4/bin/../lib/gcc/arm-none-eabi/4.8.3/../../../../arm-none-eabi/lib/armv7-m\libm.a(lib_a-s_rint.o)
 .debug_frame   0x00001e50       0x30 c:/siliconlabs/simplicitystudio/v3/developer/toolchains/gnu_arm/4.8_2013q4/bin/../lib/gcc/arm-none-eabi/4.8.3/../../../../arm-none-eabi/lib/armv7-m\libm.a(lib_a-s_scalbn.o)
 .debug_frame   0x00001e80       0x28 c:/siliconlabs/simplicitystudio/v3/developer/toolchains/gnu_arm/4.8_2013q4/bin/../lib/gcc/arm-none-eabi/4.8.3/../../../../arm-none-eabi/lib/armv7-m\libm.a(lib_a-s_copysign.o)
 .debug_frame   0x00001ea8      0x138 ./src/geophone.o
 .debug_frame   0x00001fe0       0x2c c:/siliconlabs/simplicitystudio/v3/developer/toolchains/gnu_arm/4.8_2013q4/bin/../lib/gcc/arm-none-eabi/4.8.3/armv7-m\libgcc.a(_fixdfdi.o)
 .debug_frame   0x0000200c       0x2c c:/siliconlabs/simplicitystudio/v3/developer/toolchains/gnu_arm/4.8_2013q4/bin/../lib/gcc/arm-none-eabi/4.8.3/armv7-m\libgcc.a(_fixunsdfdi.o)
 .debug_frame   0x00002038       0x58 c:/siliconlabs/simplicitystudio/v3/developer/toolchains/gnu_arm/4.8_2013q4/bin/../lib/gcc/arm-none-eabi/4.8.3/armv7-m\libgcc.a(bpabi.o)
 .debug_frame   0x00002090       0x34 c:/siliconlabs/simplicitystudio/v3/developer/toolchains/gnu_arm/4.8_2013q4/bin/../lib/gcc/arm-none-eabi/4.8.3/armv7-m\libgcc.a(_divdi3.o)
 .debug_frame   0x000020c4       0x34 c:/siliconlabs/simplicitystudio/v3/developer/toolchains/gnu_arm/4.8_2013q4/bin/../lib/gcc/arm-none-eabi/4.8.3/armv7-m\libgcc.a(_udivdi3.o)
 .debug_frame   0x000020f8       0x20 c:/siliconlabs/simplicitystudio/v3/developer/toolchains/gnu_arm/4.8_2013q4/bin/../lib/gcc/arm-none-eabi/4.8.3/../../../../arm-none-eabi/lib/armv7-m\libc_s.a(lib_a-errno.o)
 .debug_frame   0x00002118       0x28 c:/siliconlabs/simplicitystudio/v3/developer/toolchains/gnu_arm/4.8_2013q4/bin/../lib/gcc/arm-none-eabi/4.8.3/../../../../arm-none-eabi/lib/armv7-m\libc_s.a(lib_a-exit.o)
 .debug_frame   0x00002140      0x12c c:/siliconlabs/simplicitystudio/v3/developer/toolchains/gnu_arm/4.8_2013q4/bin/../lib/gcc/arm-none-eabi/4.8.3/../../../../arm-none-eabi/lib/armv7-m\libc_s.a(lib_a-findfp.o)
 .debug_frame   0x0000226c       0x2c c:/siliconlabs/simplicitystudio/v3/developer/toolchains/gnu_arm/4.8_2013q4/bin/../lib/gcc/arm-none-eabi/4.8.3/../../../../arm-none-eabi/lib/armv7-m\libc_s.a(lib_a-init.o)
 .debug_frame   0x00002298       0x28 c:/siliconlabs/simplicitystudio/v3/developer/toolchains/gnu_arm/4.8_2013q4/bin/../lib/gcc/arm-none-eabi/4.8.3/../../../../arm-none-eabi/lib/armv7-m\libc_s.a(lib_a-memcpy-stub.o)
 .debug_frame   0x000022c0       0x20 c:/siliconlabs/simplicitystudio/v3/developer/toolchains/gnu_arm/4.8_2013q4/bin/../lib/gcc/arm-none-eabi/4.8.3/../../../../arm-none-eabi/lib/armv7-m\libc_s.a(lib_a-memset.o)