Archive member included because of file (symbol)

c:/siliconlabs/simplicitystudio/v3/developer/toolchains/gnu_arm/4.8_2013q4/bin/../lib/gcc/arm-none-eabi/4.8.3/../../../../arm-none-eabi/lib/armv7-m\libm.a(lib_a-s_ceil.o)
                              ./src/process.o (ceil)
c:/siliconlabs/simplicitystudio/v3/developer/toolchains/gnu_arm/4.8_2013q4/bin/../lib/gcc/arm-none-eabi/4.8.3/../../../../arm-none-eabi/lib/armv7-m\libm.a(lib_a-s_floor.o)
                              ./src/timestamp.o (floor)
c:/siliconlabs/simplicitystudio/v3/developer/toolchains/gnu_arm/4.8_2013q4/bin/../lib/gcc/arm-none-eabi/4.8.3/../../../../arm-none-eabi/lib/armv7-m\libm.a(lib_a-s_round.o)
                              ./src/timestamp.o (round)
c:/siliconlabs/simplicitystudio/v3/developer/toolchains/gnu_arm/4.8_2013q4/bin/../lib/gcc/arm-none-eabi/4.8.3/../../../../arm-none-eabi/lib/armv7-m\libm.a(lib_a-w_pow.o)
                              ./src/config.o (pow)
c:/siliconlabs/simplicitystudio/v3/developer/toolchains/gnu_arm/4.8_2013q4/bin/../lib/gcc/arm-none-eabi/4.8.3/../../../../arm-none-eabi/lib/armv7-m\libm.a(lib_a-w_sqrt.o)
                              ./src/process.o (sqrt)
c:/siliconlabs/simplicitystudio/v3/developer/toolchains/gnu_arm/4.8_2013q4/bin/../lib/gcc/arm-none-eabi/4.8.3/../../../../arm-none-eabi/lib/armv7-m\libm.a(lib_a-e_pow.o)
                              c:/siliconlabs/simplicitystudio/v3/developer/toolchains/gnu_arm/4.8_2013q4/bin/../lib/gcc/arm-none-eabi/4.8.3/../../../../arm-none-eabi/lib/armv7-m\libm.a(lib_a-w_pow.o) (__ieee754_pow)
c:/siliconlabs/simplicitystudio/v3/developer/toolchains/gnu_arm/4.8_2013q4/bin/../lib/gcc/arm-none-eabi/4.8.3/../../../../arm-none-eabi/lib/armv7-m\libm.a(lib_a-e_sqrt.o)
                              c:/siliconlabs/simplicitystudio/v3/developer/toolchains/gnu_arm/4.8_2013q4/bin/../lib/gcc/arm-none-eabi/4.8.3/../../../../arm-none-eabi/lib/armv7-m\libm.a(lib_a-w_sqrt.o) (__ieee754_sqrt)
c:/siliconlabs/simplicitystudio/v3/developer/toolchains/gnu_arm/4.8_2013q4/bin/../lib/gcc/arm-none-eabi/4.8.3/../../../../arm-none-eabi/lib/armv7-m\libm.a(lib_a-s_fabs.o)
                              c:/siliconlabs/simplicitystudio/v3/developer/toolchains/gnu_arm/4.8_2013q4/bin/../lib/gcc/arm-none-eabi/4.8.3/../../../../arm-none-eabi/lib/armv7-m\libm.a(lib_a-e_pow.o) (fabs)
c:/siliconlabs/simplicitystudio/v3/developer/toolchains/gnu_arm/4.8_2013q4/bin/../lib/gcc/arm-none-eabi/4.8.3/../../../../arm-none-eabi/lib/armv7-m\libm.a(lib_a-s_finite.o)
                              c:/siliconlabs/simplicitystudio/v3/developer/toolchains/gnu_arm/4.8_2013q4/bin/../lib/gcc/arm-none-eabi/4.8.3/../../../../arm-none-eabi/lib/armv7-m\libm.a(lib_a-w_pow.o) (finite)
c:/siliconlabs/simplicitystudio/v3/developer/toolchains/gnu_arm/4.8_2013q4/bin/../lib/gcc/arm-none-eabi/4.8.3/../../../../arm-none-eabi/lib/armv7-m\libm.a(lib_a-s_fpclassify.o)
                              c:/siliconlabs/simplicitystudio/v3/developer/toolchains/gnu_arm/4.8_2013q4/bin/../lib/gcc/arm-none-eabi/4.8.3/../../../../arm-none-eabi/lib/armv7-m\libm.a(lib_a-w_pow.o) (__fpclassifyd)
c:/siliconlabs/simplicitystudio/v3/developer/toolchains/gnu_arm/4.8_2013q4/bin/../lib/gcc/arm-none-eabi/4.8.3/../../../../arm-none-eabi/lib/armv7-m\libm.a(lib_a-s_lib_ver.o)
                              c:/siliconlabs/simplicitystudio/v3/developer/toolchains/gnu_arm/4.8_2013q4/bin/../lib/gcc/arm-none-eabi/4.8.3/../../../../arm-none-eabi/lib/armv7-m\libm.a(lib_a-w_pow.o) (__fdlib_version)
c:/siliconlabs/simplicitystudio/v3/developer/toolchains/gnu_arm/4.8_2013q4/bin/../lib/gcc/arm-none-eabi/4.8.3/../../../../arm-none-eabi/lib/armv7-m\libm.a(lib_a-s_matherr.o)
                              c:/siliconlabs/simplicitystudio/v3/developer/toolchains/gnu_arm/4.8_2013q4/bin/../lib/gcc/arm-none-eabi/4.8.3/../../../../arm-none-eabi/lib/armv7-m\libm.a(lib_a-w_pow.o) (matherr)
c:/siliconlabs/simplicitystudio/v3/developer/toolchains/gnu_arm/4.8_2013q4/bin/../lib/gcc/arm-none-eabi/4.8.3/../../../../arm-none-eabi/lib/armv7-m\libm.a(lib_a-s_nan.o)
                              c:/siliconlabs/simplicitystudio/v3/developer/toolchains/gnu_arm/4.8_2013q4/bin/../lib/gcc/arm-none-eabi/4.8.3/../../../../arm-none-eabi/lib/armv7-m\libm.a(lib_a-e_pow.o) (nan)
c:/siliconlabs/simplicitystudio/v3/developer/toolchains/gnu_arm/4.8_2013q4/bin/../lib/gcc/arm-none-eabi/4.8.3/../../../../arm-none-eabi/lib/armv7-m\libm.a(lib_a-s_rint.o)
                              c:/siliconlabs/simplicitystudio/v3/developer/toolchains/gnu_arm/4.8_2013q4/bin/../lib/gcc/arm-none-eabi/4.8.3/../../../../arm-none-eabi/lib/armv7-m\libm.a(lib_a-w_pow.o) (rint)
c:/siliconlabs/simplicitystudio/v3/developer/toolchains/gnu_arm/4.8_2013q4/bin/../lib/gcc/arm-none-eabi/4.8.3/../../../../arm-none-eabi/lib/armv7-m\libm.a(lib_a-s_scalbn.o)
[...]
Memory Configuration

Name             Origin             Length             Attributes
FLASH            0x00000000         0x00100000         xr
RAM              0x20000000         0x00020000         xrw
*default*        0x00000000         0xffffffff

Linker script and memory map

LOAD c:/siliconlabs/simplicitystudio/v3/developer/toolchains/gnu_arm/4.8_2013q4/bin/../lib/gcc/arm-none-eabi/4.8.3/armv7-m/crti.o
LOAD c:/siliconlabs/simplicitystudio/v3/developer/toolchains/gnu_arm/4.8_2013q4/bin/../lib/gcc/arm-none-eabi/4.8.3/armv7-m/crtbegin.o
LOAD c:/siliconlabs/simplicitystudio/v3/developer/toolchains/gnu_arm/4.8_2013q4/bin/../lib/gcc/arm-none-eabi/4.8.3/../../../../arm-none-eabi/lib/armv7-m/crt0.o
LOAD ./src/geophone.o
LOAD ./emlib/em_acmp.o
LOAD ./emlib/em_adc.o
LOAD ./emlib/em_assert.o
LOAD ./emlib/em_cmu.o
LOAD ./emlib/em_emu.o
LOAD ./emlib/em_gpio.o
LOAD ./emlib/em_lcd.o
LOAD ./emlib/em_rtc.o
LOAD ./emlib/em_system.o
LOAD ./Drivers/segmentlcd.o
LOAD ./CMSIS/efm32gg/startup_gcc_efm32gg.o
LOAD ./CMSIS/efm32gg/system_efm32gg.o
LOAD ./BSP/bsp_trace.o
LOAD ./src/adjustable_params.o
LOAD ./src/config.o
LOAD ./src/debug_printf.o
LOAD ./src/dust_com.o
LOAD ./src/fcs.o
LOAD ./src/flash.o
LOAD ./src/ngi_rtcdrv.o
LOAD ./src/packet.o
LOAD ./src/process.o
LOAD ./src/timestamp.o
LOAD ./src/wait_burtc.o
LOAD ./emlib/em_aes.o
LOAD ./emlib/em_burtc.o
LOAD ./emlib/em_cryotimer.o
LOAD ./emlib/em_crypto.o
LOAD ./emlib/em_dac.o
LOAD ./emlib/em_dbg.o
LOAD ./emlib/em_dma.o
LOAD ./emlib/em_ebi.o
LOAD ./emlib/em_gpcrc.o
LOAD ./emlib/em_i2c.o
LOAD ./emlib/em_idac.o
LOAD ./emlib/em_int.o
LOAD ./emlib/em_ldma.o
LOAD ./emlib/em_lesense.o
LOAD ./emlib/em_letimer.o
LOAD ./emlib/em_leuart.o
LOAD ./emlib/em_mpu.o
LOAD ./emlib/em_msc.o
LOAD ./emlib/em_opamp.o
LOAD ./emlib/em_pcnt.o
LOAD ./emlib/em_prs.o
LOAD ./emlib/em_rmu.o
LOAD ./emlib/em_rtcc.o
LOAD ./emlib/em_timer.o
LOAD ./emlib/em_usart.o
LOAD ./emlib/em_vcmp.o
LOAD ./emlib/em_wdog.o
LOAD ./Drivers/dmactrl.o
LOAD ./Drivers/nandflash.o
LOAD ./Drivers/norflash.o
LOAD ./Drivers/retargetio.o
LOAD ./BSP/bsp_bcc.o
LOAD ./BSP/bsp_stk.o
LOAD c:/siliconlabs/simplicitystudio/v3/developer/toolchains/gnu_arm/4.8_2013q4/bin/../lib/gcc/arm-none-eabi/4.8.3/../../../../arm-none-eabi/lib/armv7-m\libm.a
START GROUP
LOAD c:/siliconlabs/simplicitystudio/v3/developer/toolchains/gnu_arm/4.8_2013q4/bin/../lib/gcc/arm-none-eabi/4.8.3/armv7-m\libgcc.a
LOAD c:/siliconlabs/simplicitystudio/v3/developer/toolchains/gnu_arm/4.8_2013q4/bin/../lib/gcc/arm-none-eabi/4.8.3/../../../../arm-none-eabi/lib/armv7-m\libc_s.a
LOAD c:/siliconlabs/simplicitystudio/v3/developer/toolchains/gnu_arm/4.8_2013q4/bin/../lib/gcc/arm-none-eabi/4.8.3/../../../../arm-none-eabi/lib/armv7-m\libnosys.a
END GROUP
START GROUP
LOAD c:/siliconlabs/simplicitystudio/v3/developer/toolchains/gnu_arm/4.8_2013q4/bin/../lib/gcc/arm-none-eabi/4.8.3/armv7-m\libgcc.a
LOAD c:/siliconlabs/simplicitystudio/v3/developer/toolchains/gnu_arm/4.8_2013q4/bin/../lib/gcc/arm-none-eabi/4.8.3/../../../../arm-none-eabi/lib/armv7-m\libg_s.a
LOAD c:/siliconlabs/simplicitystudio/v3/developer/toolchains/gnu_arm/4.8_2013q4/bin/../lib/gcc/arm-none-eabi/4.8.3/../../../../arm-none-eabi/lib/armv7-m\libc_s.a
END GROUP
START GROUP
LOAD c:/siliconlabs/simplicitystudio/v3/developer/toolchains/gnu_arm/4.8_2013q4/bin/../lib/gcc/arm-none-eabi/4.8.3/armv7-m\libgcc.a
LOAD c:/siliconlabs/simplicitystudio/v3/developer/toolchains/gnu_arm/4.8_2013q4/bin/../lib/gcc/arm-none-eabi/4.8.3/../../../../arm-none-eabi/lib/armv7-m\libc_s.a
END GROUP
LOAD c:/siliconlabs/simplicitystudio/v3/developer/toolchains/gnu_arm/4.8_2013q4/bin/../lib/gcc/arm-none-eabi/4.8.3/armv7-m/crtend.o
LOAD c:/siliconlabs/simplicitystudio/v3/developer/toolchains/gnu_arm/4.8_2013q4/bin/../lib/gcc/arm-none-eabi/4.8.3/armv7-m/crtn.o

.text           0x00000000     0xea6c
 *(.isr_vector)
 .isr_vector    0x00000000      0x100 ./CMSIS/efm32gg/startup_gcc_efm32gg.o
                0x00000000                __isr_vector
 *(.text*)
 .text          0x00000100       0x54 c:/siliconlabs/simplicitystudio/v3/developer/toolchains/gnu_arm/4.8_2013q4/bin/../lib/gcc/arm-none-eabi/4.8.3/armv7-m/crtbegin.o
 .text          0x00000154       0x74 c:/siliconlabs/simplicitystudio/v3/developer/toolchains/gnu_arm/4.8_2013q4/bin/../lib/gcc/arm-none-eabi/4.8.3/../../../../arm-none-eabi/lib/armv7-m/crt0.o
                0x00000154                _start
                0x00000154                _mainCRTStartup
 .text.NVIC_EnableIRQ
                0x000001c8       0x30 ./src/geophone.o
 .text.NVIC_SetPriority
                0x000001f8       0x54 ./src/geophone.o
 .text.BUS_RegBitRead
                0x0000024c       0x2c ./src/geophone.o
 .text.GPIO_IntClear
                0x00000278       0x20 ./src/geophone.o
 .text.GPIO_IntEnable
                0x00000298       0x28 ./src/geophone.o
 .text.GPIO_PinInGet
                0x000002c0       0x54 ./src/geophone.o
 .text.GPIO_PinOutClear
                0x00000314       0x58 ./src/geophone.o
 .text.GPIO_PinOutSet
                0x0000036c       0x58 ./src/geophone.o
 .text.CHIP_Init
                0x000003c4       0x40 ./src/geophone.o
 .text.ADC_DataSingleGet
                0x00000404       0x18 ./src/geophone.o
 .text.ADC_DataScanGet
                0x0000041c       0x18 ./src/geophone.o
 .text.ADC_IntClear
                0x00000434       0x1c ./src/geophone.o
 .text.ADC_IntDisable
                0x00000450       0x24 ./src/geophone.o
 .text.ADC_Start
                0x00000474       0x1c ./src/geophone.o
 .text.ACMP_IntClear
                0x00000490       0x1c ./src/geophone.o
 .text.ACMP_IntDisable
                0x000004ac       0x24 ./src/geophone.o
 .text.ACMP_IntEnable
                0x000004d0       0x20 ./src/geophone.o
 .text.USART_IntClear
                0x000004f0       0x1c ./src/geophone.o
 .text.USART_IntEnable
                0x0000050c       0x20 ./src/geophone.o
 .text.USART_RxDataGet
                0x0000052c       0x1c ./src/geophone.o
 .text.WDOG_Feed
                0x00000548       0x10 ./src/geophone.o
 .text.INT_Disable
                0x00000558       0x2c ./src/geophone.o
 .text.INT_Enable
                0x00000584       0x3c ./src/geophone.o
 .text.logging_is_running
                0x000005c0       0x18 ./src/geophone.o
                0x000005c0                logging_is_running
 .text.ADC0_IRQHandler
                0x000005d8      0x1ac ./src/geophone.o
                0x000005d8                ADC0_IRQHandler
 .text.ACMP0_IRQHandler
                0x00000784       0xcc ./src/geophone.o
                0x00000784                ACMP0_IRQHandler
 .text.get_uart0_bytes
                0x00000850       0x50 ./src/geophone.o
                0x00000850                get_uart0_bytes
 .text.UART0_RX_IRQHandler
                0x000008a0       0x18 ./src/geophone.o
                0x000008a0                UART0_RX_IRQHandler
 .text.GPIO_EVEN_IRQHandler
                0x000008b8      0x314 ./src/geophone.o
                0x000008b8                GPIO_EVEN_IRQHandler
 .text.check_status_and_report
                0x00000bcc       0xc0 ./src/geophone.o
                0x00000bcc                check_status_and_report
 .text.get_aux_and_report
                0x00000c8c       0x2c ./src/geophone.o
                0x00000c8c                get_aux_and_report
 .text.convertToCelsius
                0x00000cb8       0x8c ./src/geophone.o
                0x00000cb8                convertToCelsius
 .text.main     0x00000d44      0x640 ./src/geophone.o
                0x00000d44                main
 .text.BUS_RegBitWrite
                0x00001384       0x2c ./emlib/em_acmp.o
 .text.ACMP_Enable
                0x000013b0       0x38 ./emlib/em_acmp.o
                0x000013b0                ACMP_Enable
 .text.ACMP_Reset
                0x000013e8       0x4c ./emlib/em_acmp.o
                0x000013e8                ACMP_Reset
 .text.ACMP_ChannelSet
                0x00001434       0x4c ./emlib/em_acmp.o
                0x00001434                ACMP_ChannelSet
 .text.ACMP_Init
                0x00001480       0xa0 ./emlib/em_acmp.o
                0x00001480                ACMP_Init
 .text.ADC_LoadDevinfoCal
                0x00001520      0x120 ./emlib/em_adc.o
 .text.ADC_Init
                0x00001640       0x88 ./emlib/em_adc.o
                0x00001640                ADC_Init
 .text.ADC_InitScan
                0x000016c8       0xa0 ./emlib/em_adc.o
                0x000016c8                ADC_InitScan
 .text.ADC_InitSingle
                0x00001768       0x98 ./emlib/em_adc.o
                0x00001768                ADC_InitSingle
 .text.ADC_PrescaleCalc
                0x00001800       0x64 ./emlib/em_adc.o
                0x00001800                ADC_PrescaleCalc
 .text.ADC_Reset
                0x00001864       0x54 ./emlib/em_adc.o
                0x00001864                ADC_Reset
 .text.ADC_TimebaseCalc
                0x000018b8       0x60 ./emlib/em_adc.o
                0x000018b8                ADC_TimebaseCalc
 .text.BUS_RegBitWrite
                0x00001918       0x2c ./emlib/em_cmu.o
 .text.BUS_RegBitRead
                0x00001944       0x2c ./emlib/em_cmu.o
 .text.CMU_DivToLog2
                0x00001970       0x34 ./emlib/em_cmu.o
 .text.SYSTEM_GetProdRev
                0x000019a4       0x1c ./emlib/em_cmu.o
 .text.SYSTEM_GetFamily
                0x000019c0       0x20 ./emlib/em_cmu.o
 .text.maxFreqHfle
                0x000019e0       0x78 ./emlib/em_cmu.o
 .text.setHfLeConfig
                0x00001a58       0x3c ./emlib/em_cmu.o
 .text.getHfLeConfig
                0x00001a94       0x2c ./emlib/em_cmu.o
 .text.auxClkGet
                0x00001ac0       0xb0 ./emlib/em_cmu.o
 .text.dbgClkGet
                0x00001b70       0x40 ./emlib/em_cmu.o
 .text.flashWaitStateControl
                0x00001bb0       0xb8 ./emlib/em_cmu.o
 .text.flashWaitStateMax
                0x00001c68       0x14 ./emlib/em_cmu.o
 .text.lfClkGet
                0x00001c7c       0xec ./emlib/em_cmu.o
 .text.syncReg  0x00001d68       0x34 ./emlib/em_cmu.o
 .text.usbCClkGet
                0x00001d9c       0x4c ./emlib/em_cmu.o
 .text.CMU_ClockDivSet
                0x00001de8      0x230 ./emlib/em_cmu.o
                0x00001de8                CMU_ClockDivSet
 .text.CMU_ClockEnable
                0x00002018       0xd8 ./emlib/em_cmu.o
                0x00002018                CMU_ClockEnable
 .text.CMU_ClockFreqGet
                0x000020f0      0x1d8 ./emlib/em_cmu.o
                0x000020f0                CMU_ClockFreqGet
 .text.CMU_ClockSelectGet
                0x000022c8      0x15c ./emlib/em_cmu.o
                0x000022c8                CMU_ClockSelectGet
 .text.CMU_ClockSelectSet
                0x00002424      0x2b8 ./emlib/em_cmu.o
                0x00002424                CMU_ClockSelectSet
 .text.CMU_HFRCOBandSet
                0x000026dc       0xe4 ./emlib/em_cmu.o
                0x000026dc                CMU_HFRCOBandSet
 .text.CMU_OscillatorEnable
                0x000027c0       0xc0 ./emlib/em_cmu.o
                0x000027c0                CMU_OscillatorEnable
 .text.SystemCoreClockUpdate
                0x00002880        0xc ./emlib/em_emu.o
 .text.EMU_Unlock
                0x0000288c       0x18 ./emlib/em_emu.o
 .text.CMU_Lock
                0x000028a4       0x18 ./emlib/em_emu.o
 .text.CMU_Unlock
                0x000028bc       0x1c ./emlib/em_emu.o
 .text.emuRestore
                0x000028d8       0xf0 ./emlib/em_emu.o
 .text.getErrataFixEmuE107En
                0x000029c8       0x68 ./emlib/em_emu.o
 .text.EMU_EnterEM2
                0x00002a30       0x9c ./emlib/em_emu.o
                0x00002a30                EMU_EnterEM2
 .text.EMU_EnterEM3
                0x00002acc       0xbc ./emlib/em_emu.o
                0x00002acc                EMU_EnterEM3
 .text.EMU_EnterEM4
                0x00002b88       0x50 ./emlib/em_emu.o
                0x00002b88                EMU_EnterEM4
 .text.EMU_UpdateOscConfig
                0x00002bd8       0x1c ./emlib/em_emu.o
                0x00002bd8                EMU_UpdateOscConfig
 .text.BUS_RegBitWrite
                0x00002bf4       0x2c ./emlib/em_gpio.o
 .text.BUS_RegMaskedWrite
                0x00002c20       0x28 ./emlib/em_gpio.o
 .text.GPIO_PinOutClear
                0x00002c48       0x58 ./emlib/em_gpio.o
 .text.GPIO_PinOutSet
                0x00002ca0       0x58 ./emlib/em_gpio.o
 .text.GPIO_ExtIntConfig
                0x00002cf8       0xcc ./emlib/em_gpio.o
                0x00002cf8                GPIO_ExtIntConfig
 .text.GPIO_PinModeSet
                0x00002dc4      0x110 ./emlib/em_gpio.o
                0x00002dc4                GPIO_PinModeSet
 .text.BUS_RegBitWrite
                0x00002ed4       0x2c ./emlib/em_rtc.o
 .text.RTC_CompareSet
                0x00002f00       0x4c ./emlib/em_rtc.o
                0x00002f00                RTC_CompareSet
 .text.RTC_Enable
                0x00002f4c       0x20 ./emlib/em_rtc.o
                0x00002f4c                RTC_Enable
 .text.RTC_Init
                0x00002f6c       0x50 ./emlib/em_rtc.o
                0x00002f6c                RTC_Init
 .text.SYSTEM_ChipRevisionGet
                0x00002fbc       0x74 ./emlib/em_system.o
                0x00002fbc                SYSTEM_ChipRevisionGet
 .text          0x00003030       0x98 ./CMSIS/efm32gg/startup_gcc_efm32gg.o
                0x00003030                Reset_Handler
                0x00003064                Default_Handler
                0x00003066                NMI_Handler
                0x00003068                HardFault_Handler
                0x0000306a                MemManage_Handler
                0x0000306c                BusFault_Handler
                0x0000306e                UsageFault_Handler
                0x00003070                SVC_Handler
                0x00003072                DebugMon_Handler
                0x00003074                PendSV_Handler
                0x00003076                SysTick_Handler
                0x0000307c                TIMER0_IRQHandler
                0x0000307e                USART0_RX_IRQHandler
                0x00003080                USART0_TX_IRQHandler
                0x00003082                USB_IRQHandler
                0x00003088                DAC0_IRQHandler
                0x0000308a                I2C0_IRQHandler
                0x0000308c                I2C1_IRQHandler
                0x0000308e                GPIO_ODD_IRQHandler
                0x00003090                TIMER1_IRQHandler
                0x00003092                TIMER2_IRQHandler
                0x00003094                TIMER3_IRQHandler
                0x00003096                USART1_RX_IRQHandler
                0x00003098                USART1_TX_IRQHandler
                0x0000309a                LESENSE_IRQHandler
                0x0000309c                USART2_RX_IRQHandler
                0x0000309e                USART2_TX_IRQHandler
                0x000030a2                UART0_TX_IRQHandler
                0x000030a4                UART1_RX_IRQHandler
                0x000030a6                UART1_TX_IRQHandler
                0x000030a8                LEUART0_IRQHandler
                0x000030aa                LEUART1_IRQHandler
                0x000030ac                LETIMER0_IRQHandler
                0x000030ae                PCNT0_IRQHandler
                0x000030b0                PCNT1_IRQHandler
                0x000030b2                PCNT2_IRQHandler
                0x000030b8                CMU_IRQHandler
                0x000030ba                VCMP_IRQHandler
                0x000030bc                LCD_IRQHandler
                0x000030be                MSC_IRQHandler
                0x000030c0                AES_IRQHandler
                0x000030c2                EBI_IRQHandler
                0x000030c4                EMU_IRQHandler
 .text.GetProdRev
                0x000030c8       0x1c ./CMSIS/efm32gg/system_efm32gg.o
 .text.SystemCoreClockGet
                0x000030e4       0x34 ./CMSIS/efm32gg/system_efm32gg.o
                0x000030e4                SystemCoreClockGet
 .text.SystemMaxCoreClockGet
                0x00003118       0x14 ./CMSIS/efm32gg/system_efm32gg.o
                0x00003118                SystemMaxCoreClockGet
 .text.SystemHFClockGet
                0x0000312c      0x100 ./CMSIS/efm32gg/system_efm32gg.o
                0x0000312c                SystemHFClockGet
 .text.SystemHFXOClockGet
                0x0000322c       0x18 ./CMSIS/efm32gg/system_efm32gg.o
                0x0000322c                SystemHFXOClockGet
 .text.SystemInit
                0x00003244        0xc ./CMSIS/efm32gg/system_efm32gg.o
                0x00003244                SystemInit
 .text.SystemLFRCOClockGet
                0x00003250       0x14 ./CMSIS/efm32gg/system_efm32gg.o
                0x00003250                SystemLFRCOClockGet
 .text.SystemULFRCOClockGet
                0x00003264       0x14 ./CMSIS/efm32gg/system_efm32gg.o
                0x00003264                SystemULFRCOClockGet
 .text.SystemLFXOClockGet
                0x00003278       0x18 ./CMSIS/efm32gg/system_efm32gg.o
                0x00003278                SystemLFXOClockGet
 .text.INT_Disable
                0x00003290       0x2c ./src/adjustable_params.o
 .text.INT_Enable
                0x000032bc       0x3c ./src/adjustable_params.o
 .text.adjustable_params_init
                0x000032f8       0x6c ./src/adjustable_params.o
                0x000032f8                adjustable_params_init
 .text.adjustable_params_set
                0x00003364      0x11c ./src/adjustable_params.o
                0x00003364                adjustable_params_set
 .text.NVIC_EnableIRQ
                0x00003480       0x30 ./src/config.o
 .text.NVIC_SetPriority
                0x000034b0       0x54 ./src/config.o
 .text.GPIO_PinOutClear
                0x00003504       0x58 ./src/config.o
 .text.GPIO_PinOutSet
                0x0000355c       0x58 ./src/config.o
 .text.GPIO_IntConfig
                0x000035b4       0x2c ./src/config.o
 .text.ADC_IntClear
                0x000035e0       0x1c ./src/config.o
 .text.ADC_IntEnable
                0x000035fc       0x20 ./src/config.o
 .text.ACMP_IntClear
                0x0000361c       0x1c ./src/config.o
 .text.ACMP_IntDisable
                0x00003638       0x24 ./src/config.o
 .text.WDOG_Init
                0x0000365c       0x1c ./src/config.o
 .text.AD_config
                0x00003678      0x154 ./src/config.o
                0x00003678                AD_config
 .text.aux_sensor_config
                0x000037cc       0x7c ./src/config.o
                0x000037cc                aux_sensor_config
 .text.preamp_config
                0x00003848       0x54 ./src/config.o
                0x00003848                preamp_config
 .text.preamp_set_status
                0x0000389c       0x84 ./src/config.o
                0x0000389c                preamp_set_status
 .text.battery_charge_status
                0x00003920      0x158 ./src/config.o
                0x00003920                battery_charge_status
 .text.single_comp_config
                0x00003a78       0x70 ./src/config.o
                0x00003a78                single_comp_config
 .text.comp_config
                0x00003ae8       0xac ./src/config.o
                0x00003ae8                comp_config
 .text.uart0_config
                0x00003b94       0xb0 ./src/config.o
                0x00003b94                uart0_config
 .text.rtc_config
                0x00003c44       0x10 ./src/config.o
                0x00003c44                rtc_config
 .text.wdog_config
                0x00003c54       0x28 ./src/config.o
                0x00003c54                wdog_config
 .text.ITM_SendChar
                0x00003c7c       0x50 ./src/debug_printf.o
 .text.RETARGET_WriteChar
                0x00003ccc       0x1c ./src/debug_printf.o
                0x00003ccc                RETARGET_WriteChar
 .text.RETARGET_ReadChar
                0x00003ce8       0x10 ./src/debug_printf.o
                0x00003ce8                RETARGET_ReadChar
 .text.BSP_TraceSwoSetup2
                0x00003cf8       0xd8 ./src/debug_printf.o
                0x00003cf8                BSP_TraceSwoSetup2
 .text.tx_to_mote
                0x00003dd0       0x48 ./src/dust_com.o
                0x00003dd0                tx_to_mote
 .text.make_hldc_packet
                0x00003e18       0xc4 ./src/dust_com.o
                0x00003e18                make_hldc_packet
 .text.dust_send_request
                0x00003edc      0x344 ./src/dust_com.o
                0x00003edc                dust_send_request
 .text.dust_send_ack
                0x00004220       0x50 ./src/dust_com.o
                0x00004220                dust_send_ack
 .text.dust_get_packet
                0x00004270       0xfc ./src/dust_com.o
                0x00004270                dust_get_packet
 .text.dust_get_socket_ID
                0x0000436c       0x98 ./src/dust_com.o
                0x0000436c                dust_get_socket_ID
 .text.dust_close_any_sockets_and_optionally_allow_status_on_backup
                0x00004404       0x5c ./src/dust_com.o
                0x00004404                dust_close_any_sockets_and_optionally_allow_status_on_backup
 .text.dust_close_any_sockets
                0x00004460        0xc ./src/dust_com.o
                0x00004460                dust_close_any_sockets
 .text.dust_open_sockets_and_optionally_allow_status_on_backup
                0x0000446c       0xec ./src/dust_com.o
                0x0000446c                dust_open_sockets_and_optionally_allow_status_on_backup
 .text.dust_open_sockets
                0x00004558       0x10 ./src/dust_com.o
                0x00004558                dust_open_sockets
 .text.dust_check_and_possibly_reset_mote
                0x00004568      0x178 ./src/dust_com.o
                0x00004568                dust_check_and_possibly_reset_mote
 .text.dust_handle_notification
                0x000046e0      0x36c ./src/dust_com.o
                0x000046e0                dust_handle_notification
 .text.dust_tx_msg_data_txDone
                0x00004a4c      0x154 ./src/dust_com.o
                0x00004a4c                dust_tx_msg_data_txDone
 .text.dust_tx_msg_data
                0x00004ba0       0xa4 ./src/dust_com.o
                0x00004ba0                dust_tx_msg_data
 .text.dust_tx_data
                0x00004c44       0xb8 ./src/dust_com.o
                0x00004c44                dust_tx_data
 .text.fcs_fcs16
                0x00004cfc       0x38 ./src/fcs.o
                0x00004cfc                fcs_fcs16
 .text.fcs_calcFcs
                0x00004d34       0x48 ./src/fcs.o
                0x00004d34                fcs_calcFcs
 .text.flash_block_to_use
                0x00004d7c       0x18 ./src/flash.o
                0x00004d7c                flash_block_to_use
 .text.flash_info
                0x00004d94       0x18 ./src/flash.o
                0x00004d94                flash_info
 .text.set_fields_on_success
                0x00004dac      0x124 ./src/flash.o
                0x00004dac                set_fields_on_success
 .text.flash_write_page
                0x00004ed0       0x6c ./src/flash.o
                0x00004ed0                flash_write_page
 .text.flash_safe_write_page
                0x00004f3c      0x190 ./src/flash.o
                0x00004f3c                flash_safe_write_page
 .text.flash_find_next_good_block
                0x000050cc       0xa4 ./src/flash.o
                0x000050cc                flash_find_next_good_block
 .text.flash_init
                0x00005170      0x260 ./src/flash.o
                0x00005170                flash_init
 .text.NVIC_EnableIRQ
                0x000053d0       0x30 ./src/ngi_rtcdrv.o
 .text.NVIC_ClearPendingIRQ
                0x00005400       0x34 ./src/ngi_rtcdrv.o
 .text.EMU_EnterEM1
                0x00005434       0x20 ./src/ngi_rtcdrv.o
 .text.RTC_CounterGet
                0x00005454       0x18 ./src/ngi_rtcdrv.o
 .text.RTC_IntClear
                0x0000546c       0x1c ./src/ngi_rtcdrv.o
 .text.RTC_IntDisable
                0x00005488       0x24 ./src/ngi_rtcdrv.o
 .text.RTC_IntEnable
                0x000054ac       0x24 ./src/ngi_rtcdrv.o
 .text.INT_Disable
                0x000054d0       0x2c ./src/ngi_rtcdrv.o
 .text.INT_Enable
                0x000054fc       0x3c ./src/ngi_rtcdrv.o
 .text.DelayCB  0x00005538       0x18 ./src/ngi_rtcdrv.o
 .text.RTCDRV_Setup
                0x00005550       0x84 ./src/ngi_rtcdrv.o
                0x00005550                RTCDRV_Setup
 .text.RTC_IRQHandler
                0x000055d4       0x38 ./src/ngi_rtcdrv.o
                0x000055d4                RTC_IRQHandler
 .text.RTCDRV_Trigger
                0x0000560c       0x68 ./src/ngi_rtcdrv.o
                0x0000560c                RTCDRV_Trigger
 .text.RTCDRV_DelayInEM
                0x00005674      0x16c ./src/ngi_rtcdrv.o
                0x00005674                RTCDRV_DelayInEM
 .text.wait     0x000057e0       0x18 ./src/ngi_rtcdrv.o
                0x000057e0                wait
 .text.wait_from_to
                0x000057f8       0x20 ./src/ngi_rtcdrv.o
                0x000057f8                wait_from_to
 .text.packet_get_seq_num_at_last_sent_command
                0x00005818       0x1c ./src/packet.o
                0x00005818                packet_get_seq_num_at_last_sent_command
 .text.packet_get_last_sent_command
                0x00005834       0x14 ./src/packet.o
                0x00005834                packet_get_last_sent_command
 .text.packet_non_ack_sent
                0x00005848       0x34 ./src/packet.o
                0x00005848                packet_non_ack_sent
 .text.packet_ind
                0x0000587c       0x28 ./src/packet.o
                0x0000587c                packet_ind
 .text.packet_ptr
                0x000058a4       0x30 ./src/packet.o
                0x000058a4                packet_ptr
 .text.packet_register
                0x000058d4       0xb8 ./src/packet.o
                0x000058d4                packet_register
 .text.packet_seq_num_end
                0x0000598c       0x40 ./src/packet.o
                0x0000598c                packet_seq_num_end
 .text.packet_seq_num_start
                0x000059cc       0x38 ./src/packet.o
                0x000059cc                packet_seq_num_start
 .text.packet_get
                0x00005a04       0x64 ./src/packet.o
                0x00005a04                packet_get
 .text.packet_search_f
                0x00005a68      0x23c ./src/packet.o
                0x00005a68                packet_search_f
 .text.packet_wait_for_f
                0x00005ca4      0x2bc ./src/packet.o
                0x00005ca4                packet_wait_for_f
 .text.packet_wait_for_ack
                0x00005f60       0x90 ./src/packet.o
                0x00005f60                packet_wait_for_ack
 .text.INT_Disable
                0x00005ff0       0x2c ./src/process.o
 .text.INT_Enable
                0x0000601c       0x3c ./src/process.o
 .text.WDOG_Feed
                0x00006058       0x10 ./src/process.o
 .text.process_log_until
                0x00006068       0x24 ./src/process.o
                0x00006068                process_log_until
 .text.log_until_add
                0x0000608c       0xd0 ./src/process.o
                0x0000608c                log_until_add
 .text.std_deviance
                0x0000615c      0x220 ./src/process.o
                0x0000615c                std_deviance
 .text.process_data
                0x0000637c      0x1c8 ./src/process.o
                0x0000637c                process_data
 .text.process_ringbuf_entries
                0x00006544      0x880 ./src/process.o
                0x00006544                process_ringbuf_entries
 .text.process_ringbuf_lock_traceset
                0x00006dc4       0x4c ./src/process.o
                0x00006dc4                process_ringbuf_lock_traceset
 .text.process_ringbuf_add_scan
                0x00006e10       0x98 ./src/process.o
                0x00006e10                process_ringbuf_add_scan
 .text.process_ringbuf_add
                0x00006ea8       0xf8 ./src/process.o
                0x00006ea8                process_ringbuf_add
 .text.process_ringbuf_apply_timestamp
                0x00006fa0      0x16c ./src/process.o
                0x00006fa0                process_ringbuf_apply_timestamp
 .text.process_latest_flash_event
                0x0000710c      0x12c ./src/process.o
                0x0000710c                process_latest_flash_event
 .text.process_list_data
                0x00007238      0x160 ./src/process.o
                0x00007238                process_list_data
 .text.send_data
                0x00007398       0xe0 ./src/process.o
                0x00007398                send_data
 .text.process_send_data
                0x00007478      0x730 ./src/process.o
                0x00007478                process_send_data
 .text.process_config
                0x00007ba8       0x18 ./src/process.o
                0x00007ba8                process_config
 .text.timestampd
                0x00007bc0       0x90 ./src/timestamp.o
                0x00007bc0                timestampd
 .text.timestamp_secs
                0x00007c50       0x58 ./src/timestamp.o
                0x00007c50                timestamp_secs
 .text.timestamp
                0x00007ca8       0x34 ./src/timestamp.o
                0x00007ca8                timestamp
 .text.NVIC_EnableIRQ
                0x00007cdc       0x30 ./src/wait_burtc.o
 .text.NVIC_ClearPendingIRQ
                0x00007d0c       0x34 ./src/wait_burtc.o
 .text.BUS_RegBitWrite
                0x00007d40       0x2c ./src/wait_burtc.o
 .text.EMU_EnterEM1
                0x00007d6c       0x20 ./src/wait_burtc.o
 .text.INT_Disable
                0x00007d8c       0x2c ./src/wait_burtc.o
 .text.INT_Enable
                0x00007db8       0x3c ./src/wait_burtc.o
 .text.BURTC_IntClear
                0x00007df4       0x1c ./src/wait_burtc.o
 .text.BURTC_IntDisable
                0x00007e10       0x24 ./src/wait_burtc.o
 .text.BURTC_IntEnable
                0x00007e34       0x24 ./src/wait_burtc.o
 .text.BURTC_Enable
                0x00007e58       0x50 ./src/wait_burtc.o
 .text.BURTC_CounterGet
                0x00007ea8       0x18 ./src/wait_burtc.o
 .text.burtc_config
                0x00007ec0       0x80 ./src/wait_burtc.o
                0x00007ec0                burtc_config
 .text.BURTC_IRQHandler
                0x00007f40       0x30 ./src/wait_burtc.o
                0x00007f40                BURTC_IRQHandler
 .text.wait_from_to_burtc
                0x00007f70      0x1e4 ./src/wait_burtc.o
                0x00007f70                wait_from_to_burtc
 .text.BUS_RegBitWrite
                0x00008154       0x2c ./emlib/em_burtc.o
 .text.BURTC_IntClear
                0x00008180       0x1c ./emlib/em_burtc.o
 .text.BURTC_Enable
                0x0000819c       0x50 ./emlib/em_burtc.o
 .text.BURTC_FreezeEnable
                0x000081ec       0x20 ./emlib/em_burtc.o
 .text.divToLog2
                0x0000820c       0x34 ./emlib/em_burtc.o
 .text.regSync  0x00008240       0x40 ./emlib/em_burtc.o
 .text.BURTC_Init
                0x00008280       0xe8 ./emlib/em_burtc.o
                0x00008280                BURTC_Init
 .text.BURTC_CompareSet
                0x00008368       0x20 ./emlib/em_burtc.o
                0x00008368                BURTC_CompareSet
 .text.BURTC_CounterReset
                0x00008388       0x20 ./emlib/em_burtc.o
                0x00008388                BURTC_CounterReset
 .text.BUS_RegBitWrite
                0x000083a8       0x2c ./emlib/em_dac.o
 .text.DAC_Init
                0x000083d4       0xd0 ./emlib/em_dac.o
                0x000083d4                DAC_Init
 .text.DAC_InitChannel
                0x000084a4       0x64 ./emlib/em_dac.o
                0x000084a4                DAC_InitChannel
 .text.DAC_Reset
                0x00008508       0x44 ./emlib/em_dac.o
                0x00008508                DAC_Reset
 .text.NVIC_EnableIRQ
                0x0000854c       0x30 ./emlib/em_dma.o
 .text.NVIC_DisableIRQ
                0x0000857c       0x34 ./emlib/em_dma.o
 .text.NVIC_ClearPendingIRQ
                0x000085b0       0x34 ./emlib/em_dma.o
 .text.BUS_RegBitWrite
                0x000085e4       0x2c ./emlib/em_dma.o
 .text.DMA_Prepare
                0x00008610      0x108 ./emlib/em_dma.o
 .text.DMA_IRQHandler
                0x00008718       0xd8 ./emlib/em_dma.o
                0x00008718                DMA_IRQHandler
 .text.DMA_ActivateAuto
                0x000087f0       0x4c ./emlib/em_dma.o
                0x000087f0                DMA_ActivateAuto
 .text.DMA_CfgChannel
                0x0000883c       0x90 ./emlib/em_dma.o
                0x0000883c                DMA_CfgChannel
 .text.DMA_CfgDescr
                0x000088cc       0x70 ./emlib/em_dma.o
                0x000088cc                DMA_CfgDescr
 .text.DMA_Init
                0x0000893c       0x54 ./emlib/em_dma.o
                0x0000893c                DMA_Init
 .text.DMA_Reset
                0x00008990       0x88 ./emlib/em_dma.o
                0x00008990                DMA_Reset
 .text.BUS_RegBitWrite
                0x00008a18       0x2c ./emlib/em_ebi.o
 .text.EBI_Init
                0x00008a44      0x354 ./emlib/em_ebi.o
                0x00008a44                EBI_Init
 .text.EBI_BankAddress
                0x00008d98       0xec ./emlib/em_ebi.o
                0x00008d98                EBI_BankAddress
 .text.EBI_ChipSelectEnable
                0x00008e84       0x70 ./emlib/em_ebi.o
                0x00008e84                EBI_ChipSelectEnable
 .text.EBI_BankReadTimingConfig
                0x00008ef4       0xdc ./emlib/em_ebi.o
                0x00008ef4                EBI_BankReadTimingConfig
 .text.EBI_BankReadTimingSet
                0x00008fd0       0xa4 ./emlib/em_ebi.o
                0x00008fd0                EBI_BankReadTimingSet
 .text.EBI_BankWriteTimingConfig
                0x00009074       0xb0 ./emlib/em_ebi.o
                0x00009074                EBI_BankWriteTimingConfig
 .text.EBI_BankWriteTimingSet
                0x00009124       0xa4 ./emlib/em_ebi.o
                0x00009124                EBI_BankWriteTimingSet
 .text.EBI_BankAddressTimingConfig
                0x000091c8       0x7c ./emlib/em_ebi.o
                0x000091c8                EBI_BankAddressTimingConfig
 .text.EBI_BankAddressTimingSet
                0x00009244       0x9c ./emlib/em_ebi.o
                0x00009244                EBI_BankAddressTimingSet
 .text.EBI_BankPolaritySet
                0x000092e0      0x164 ./emlib/em_ebi.o
                0x000092e0                EBI_BankPolaritySet
 .text.MSC_Init
                0x00009444       0xbc ./emlib/em_msc.o
                0x00009444                MSC_Init
 .text.MSC_Deinit
                0x00009500       0x24 ./emlib/em_msc.o
                0x00009500                MSC_Deinit
 .text.SL_CTZ   0x00009524       0x28 ./emlib/em_rmu.o
 .text.BUS_RegBitWrite
                0x0000954c       0x2c ./emlib/em_rmu.o
 .text.EMU_Lock
                0x00009578       0x18 ./emlib/em_rmu.o
 .text.EMU_Unlock
                0x00009590       0x18 ./emlib/em_rmu.o
 .text.RMU_ResetControl
                0x000095a8       0x38 ./emlib/em_rmu.o
                0x000095a8                RMU_ResetControl
 .text.RMU_ResetCauseClear
                0x000095e0       0x50 ./emlib/em_rmu.o
                0x000095e0                RMU_ResetCauseClear
 .text.USART_BaudrateAsyncSet
                0x00009630       0xb0 ./emlib/em_usart.o
                0x00009630                USART_BaudrateAsyncSet
 .text.USART_InitAsync
                0x000096e0       0xb4 ./emlib/em_usart.o
                0x000096e0                USART_InitAsync
 .text.USART_Reset
                0x00009794       0xb0 ./emlib/em_usart.o
                0x00009794                USART_Reset
 .text.USART_Tx
                0x00009844       0x2c ./emlib/em_usart.o
                0x00009844                USART_Tx
 .text.WDOGn_Feed
                0x00009870       0x44 ./emlib/em_wdog.o
                0x00009870                WDOGn_Feed
 .text.WDOGn_Init
                0x000098b4       0xb0 ./emlib/em_wdog.o
                0x000098b4                WDOGn_Init
 .text.EBI_StartNandEccGen
                0x00009964       0x18 ./Drivers/nandflash.o
 .text.EBI_StopNandEccGen
                0x0000997c       0x1c ./Drivers/nandflash.o
 .text.NANDFLASH_AddressValid
                0x00009998       0x44 ./Drivers/nandflash.o
                0x00009998                NANDFLASH_AddressValid
 .text.NANDFLASH_DeviceInfo
                0x000099dc       0x24 ./Drivers/nandflash.o
                0x000099dc                NANDFLASH_DeviceInfo
 .text.NANDFLASH_EccCorrect
                0x00009a00      0x12c ./Drivers/nandflash.o
                0x00009a00                NANDFLASH_EccCorrect
 .text.NANDFLASH_EraseBlock
                0x00009b2c       0xb4 ./Drivers/nandflash.o
                0x00009b2c                NANDFLASH_EraseBlock
 .text.NANDFLASH_Init
                0x00009be0       0x54 ./Drivers/nandflash.o
                0x00009be0                NANDFLASH_Init
 .text.NANDFLASH_MarkBadBlock
                0x00009c34       0xcc ./Drivers/nandflash.o
                0x00009c34                NANDFLASH_MarkBadBlock
 .text.NANDFLASH_ReadPage
                0x00009d00      0x164 ./Drivers/nandflash.o
                0x00009d00                NANDFLASH_ReadPage
 .text.NANDFLASH_ReadSpare
                0x00009e64       0xdc ./Drivers/nandflash.o
                0x00009e64                NANDFLASH_ReadSpare
 .text.NANDFLASH_WritePage
                0x00009f40      0x184 ./Drivers/nandflash.o
                0x00009f40                NANDFLASH_WritePage
 .text.chipEnable
                0x0000a0c4       0x34 ./Drivers/nandflash.o
 .text.flashInterrogate
                0x0000a0f8       0xc4 ./Drivers/nandflash.o
 .text.powerEnable
                0x0000a1bc       0x30 ./Drivers/nandflash.o
 .text.readSignature
                0x0000a1ec       0x28 ./Drivers/nandflash.o
 .text.readStatus
                0x0000a214       0x28 ./Drivers/nandflash.o
 .text.reset    0x0000a23c       0x18 ./Drivers/nandflash.o
 .text.dmaRead  0x0000a254       0x6c ./Drivers/nandflash.o
 .text.dmaWrite
                0x0000a2c0       0x68 ./Drivers/nandflash.o
 .text.waitReady
                0x0000a328       0x34 ./Drivers/nandflash.o
 .text.writeProtect
                0x0000a35c       0x34 ./Drivers/nandflash.o
 .text._close   0x0000a390       0x18 ./Drivers/retargetio.o
                0x0000a390                _close
 .text._exit    0x0000a3a8        0xc ./Drivers/retargetio.o
                0x0000a3a8                _exit
 .text._fstat   0x0000a3b4       0x20 ./Drivers/retargetio.o
                0x0000a3b4                _fstat
 .text._getpid  0x0000a3d4       0x10 ./Drivers/retargetio.o
                0x0000a3d4                _getpid
 .text._isatty  0x0000a3e4       0x18 ./Drivers/retargetio.o
                0x0000a3e4                _isatty
 .text._kill    0x0000a3fc       0x1c ./Drivers/retargetio.o
                0x0000a3fc                _kill
 .text._lseek   0x0000a418       0x1c ./Drivers/retargetio.o
                0x0000a418                _lseek
 .text._read    0x0000a434       0x58 ./Drivers/retargetio.o
                0x0000a434                _read
 .text._sbrk    0x0000a48c       0x7c ./Drivers/retargetio.o
                0x0000a48c                _sbrk
 .text._write   0x0000a508       0x38 ./Drivers/retargetio.o
                0x0000a508                _write
 .text.BSP_EbiInit
                0x0000a540      0x11c ./BSP/bsp_stk.o
                0x0000a540                BSP_EbiInit
 *fill*         0x0000a65c        0x4 
 .text.ceil     0x0000a660      0x120 c:/siliconlabs/simplicitystudio/v3/developer/toolchains/gnu_arm/4.8_2013q4/bin/../lib/gcc/arm-none-eabi/4.8.3/../../../../arm-none-eabi/lib/armv7-m\libm.a(lib_a-s_ceil.o)
                0x0000a660                ceil
 .text.floor    0x0000a780      0x120 c:/siliconlabs/simplicitystudio/v3/developer/toolchains/gnu_arm/4.8_2013q4/bin/../lib/gcc/arm-none-eabi/4.8.3/../../../../arm-none-eabi/lib/armv7-m\libm.a(lib_a-s_floor.o)
                0x0000a780                floor
 .text.round    0x0000a8a0       0x9c c:/siliconlabs/simplicitystudio/v3/developer/toolchains/gnu_arm/4.8_2013q4/bin/../lib/gcc/arm-none-eabi/4.8.3/../../../../arm-none-eabi/lib/armv7-m\libm.a(lib_a-s_round.o)
                0x0000a8a0                round
 .text.pow      0x0000a93c      0x2f8 c:/siliconlabs/simplicitystudio/v3/developer/toolchains/gnu_arm/4.8_2013q4/bin/../lib/gcc/arm-none-eabi/4.8.3/../../../../arm-none-eabi/lib/armv7-m\libm.a(lib_a-w_pow.o)
                0x0000a93c                pow
 .text.sqrt     0x0000ac34       0xac c:/siliconlabs/simplicitystudio/v3/developer/toolchains/gnu_arm/4.8_2013q4/bin/../lib/gcc/arm-none-eabi/4.8.3/../../../../arm-none-eabi/lib/armv7-m\libm.a(lib_a-w_sqrt.o)
                0x0000ac34                sqrt
 .text.__ieee754_pow
                0x0000ace0      0xab8 c:/siliconlabs/simplicitystudio/v3/developer/toolchains/gnu_arm/4.8_2013q4/bin/../lib/gcc/arm-none-eabi/4.8.3/../../../../arm-none-eabi/lib/armv7-m\libm.a(lib_a-e_pow.o)
                0x0000ace0                __ieee754_pow
 .text.__ieee754_sqrt
                0x0000b798      0x180 c:/siliconlabs/simplicitystudio/v3/developer/toolchains/gnu_arm/4.8_2013q4/bin/../lib/gcc/arm-none-eabi/4.8.3/../../../../arm-none-eabi/lib/armv7-m\libm.a(lib_a-e_sqrt.o)
                0x0000b798                __ieee754_sqrt
 .text.fabs     0x0000b918        0x8 c:/siliconlabs/simplicitystudio/v3/developer/toolchains/gnu_arm/4.8_2013q4/bin/../lib/gcc/arm-none-eabi/4.8.3/../../../../arm-none-eabi/lib/armv7-m\libm.a(lib_a-s_fabs.o)
                0x0000b918                fabs
 .text.finite   0x0000b920        0xc c:/siliconlabs/simplicitystudio/v3/developer/toolchains/gnu_arm/4.8_2013q4/bin/../lib/gcc/arm-none-eabi/4.8.3/../../../../arm-none-eabi/lib/armv7-m\libm.a(lib_a-s_finite.o)
                0x0000b920                finite
 .text.__fpclassifyd
                0x0000b92c       0x50 c:/siliconlabs/simplicitystudio/v3/developer/toolchains/gnu_arm/4.8_2013q4/bin/../lib/gcc/arm-none-eabi/4.8.3/../../../../arm-none-eabi/lib/armv7-m\libm.a(lib_a-s_fpclassify.o)
                0x0000b92c                __fpclassifyd
 .text.matherr  0x0000b97c        0x4 c:/siliconlabs/simplicitystudio/v3/developer/toolchains/gnu_arm/4.8_2013q4/bin/../lib/gcc/arm-none-eabi/4.8.3/../../../../arm-none-eabi/lib/armv7-m\libm.a(lib_a-s_matherr.o)
                0x0000b97c                matherr
 .text.nan      0x0000b980        0xc c:/siliconlabs/simplicitystudio/v3/developer/toolchains/gnu_arm/4.8_2013q4/bin/../lib/gcc/arm-none-eabi/4.8.3/../../../../arm-none-eabi/lib/armv7-m\libm.a(lib_a-s_nan.o)
                0x0000b980                nan
 .text.rint     0x0000b98c      0x118 c:/siliconlabs/simplicitystudio/v3/developer/toolchains/gnu_arm/4.8_2013q4/bin/../lib/gcc/arm-none-eabi/4.8.3/../../../../arm-none-eabi/lib/armv7-m\libm.a(lib_a-s_rint.o)
                0x0000b98c                rint
 *fill*         0x0000baa4        0x4 
 .text.scalbn   0x0000baa8      0x100 c:/siliconlabs/simplicitystudio/v3/developer/toolchains/gnu_arm/4.8_2013q4/bin/../lib/gcc/arm-none-eabi/4.8.3/../../../../arm-none-eabi/lib/armv7-m\libm.a(lib_a-s_scalbn.o)
                0x0000baa8                scalbn
 .text.copysign
                0x0000bba8       0x14 c:/siliconlabs/simplicitystudio/v3/developer/toolchains/gnu_arm/4.8_2013q4/bin/../lib/gcc/arm-none-eabi/4.8.3/../../../../arm-none-eabi/lib/armv7-m\libm.a(lib_a-s_copysign.o)
                0x0000bba8                copysign
 .text          0x0000bbbc      0x370 c:/siliconlabs/simplicitystudio/v3/developer/toolchains/gnu_arm/4.8_2013q4/bin/../lib/gcc/arm-none-eabi/4.8.3/armv7-m\libgcc.a(_arm_addsubdf3.o)
                0x0000bbbc                __aeabi_drsub
                0x0000bbc4                __aeabi_dsub
                0x0000bbc4                __subdf3
                0x0000bbc8                __aeabi_dadd
                0x0000bbc8                __adddf3
                0x0000be40                __floatunsidf
                0x0000be40                __aeabi_ui2d
                0x0000be60                __floatsidf
                0x0000be60                __aeabi_i2d
                0x0000be84                __aeabi_f2d
                0x0000be84                __extendsfdf2
                0x0000bec0                __floatundidf
                0x0000bec0                __aeabi_ul2d
                0x0000bed0                __floatdidf
                0x0000bed0                __aeabi_l2d
 .text          0x0000bf2c      0x424 c:/siliconlabs/simplicitystudio/v3/developer/toolchains/gnu_arm/4.8_2013q4/bin/../lib/gcc/arm-none-eabi/4.8.3/armv7-m\libgcc.a(_arm_muldivdf3.o)
                0x0000bf2c                __aeabi_dmul
                0x0000bf2c                __muldf3
                0x0000c180                __divdf3
                0x0000c180                __aeabi_ddiv
 .text          0x0000c350      0x110 c:/siliconlabs/simplicitystudio/v3/developer/toolchains/gnu_arm/4.8_2013q4/bin/../lib/gcc/arm-none-eabi/4.8.3/armv7-m\libgcc.a(_arm_cmpdf2.o)
                0x0000c350                __gtdf2
                0x0000c350                __gedf2
                0x0000c358                __ltdf2
                0x0000c358                __ledf2
                0x0000c360                __nedf2
                0x0000c360                __eqdf2
                0x0000c360                __cmpdf2
                0x0000c3dc                __aeabi_cdrcmple
                0x0000c3ec                __aeabi_cdcmpeq
                0x0000c3ec                __aeabi_cdcmple
                0x0000c3fc                __aeabi_dcmpeq
                0x0000c410                __aeabi_dcmplt
                0x0000c424                __aeabi_dcmple
                0x0000c438                __aeabi_dcmpge
                0x0000c44c                __aeabi_dcmpgt
 .text          0x0000c460       0x50 c:/siliconlabs/simplicitystudio/v3/developer/toolchains/gnu_arm/4.8_2013q4/bin/../lib/gcc/arm-none-eabi/4.8.3/armv7-m\libgcc.a(_arm_fixdfsi.o)
                0x0000c460                __aeabi_d2iz
                0x0000c460                __fixdfsi
 .text          0x0000c4b0       0x40 c:/siliconlabs/simplicitystudio/v3/developer/toolchains/gnu_arm/4.8_2013q4/bin/../lib/gcc/arm-none-eabi/4.8.3/armv7-m\libgcc.a(_arm_fixunsdfsi.o)
                0x0000c4b0                __aeabi_d2uiz
                0x0000c4b0                __fixunsdfsi
 .text          0x0000c4f0       0xa0 c:/siliconlabs/simplicitystudio/v3/developer/toolchains/gnu_arm/4.8_2013q4/bin/../lib/gcc/arm-none-eabi/4.8.3/armv7-m\libgcc.a(_arm_truncdfsf2.o)
                0x0000c4f0                __truncdfsf2
                0x0000c4f0                __aeabi_d2f
 .text          0x0000c590      0x21c c:/siliconlabs/simplicitystudio/v3/developer/toolchains/gnu_arm/4.8_2013q4/bin/../lib/gcc/arm-none-eabi/4.8.3/armv7-m\libgcc.a(_arm_addsubsf3.o)
                0x0000c590                __aeabi_frsub
                0x0000c598                __subsf3
                0x0000c598                __aeabi_fsub
                0x0000c59c                __aeabi_fadd
                0x0000c59c                __addsf3
                0x0000c6fc                __aeabi_ui2f
                0x0000c6fc                __floatunsisf
                0x0000c704                __aeabi_i2f
                0x0000c704                __floatsisf
                0x0000c720                __aeabi_ul2f
                0x0000c720                __floatundisf
                0x0000c730                __aeabi_l2f
                0x0000c730                __floatdisf
 .text          0x0000c7ac      0x2a0 c:/siliconlabs/simplicitystudio/v3/developer/toolchains/gnu_arm/4.8_2013q4/bin/../lib/gcc/arm-none-eabi/4.8.3/armv7-m\libgcc.a(_arm_muldivsf3.o)
                0x0000c7ac                __mulsf3
                0x0000c7ac                __aeabi_fmul
                0x0000c914                __aeabi_fdiv
                0x0000c914                __divsf3
 .text          0x0000ca4c       0xec c:/siliconlabs/simplicitystudio/v3/developer/toolchains/gnu_arm/4.8_2013q4/bin/../lib/gcc/arm-none-eabi/4.8.3/armv7-m\libgcc.a(_arm_cmpsf2.o)
                0x0000ca4c                __gesf2
                0x0000ca4c                __gtsf2
                0x0000ca54                __lesf2
                0x0000ca54                __ltsf2
                0x0000ca5c                __nesf2
                0x0000ca5c                __eqsf2
                0x0000ca5c                __cmpsf2
                0x0000cabc                __aeabi_cfrcmple
                0x0000cac4                __aeabi_cfcmpeq
                0x0000cac4                __aeabi_cfcmple
                0x0000cad4                __aeabi_fcmpeq
                0x0000cae8                __aeabi_fcmplt
                0x0000cafc                __aeabi_fcmple
                0x0000cb10                __aeabi_fcmpge
                0x0000cb24                __aeabi_fcmpgt
 .text          0x0000cb38       0x4c c:/siliconlabs/simplicitystudio/v3/developer/toolchains/gnu_arm/4.8_2013q4/bin/../lib/gcc/arm-none-eabi/4.8.3/armv7-m\libgcc.a(_arm_fixsfsi.o)
                0x0000cb38                __aeabi_f2iz
                0x0000cb38                __fixsfsi
 .text          0x0000cb84       0x40 c:/siliconlabs/simplicitystudio/v3/developer/toolchains/gnu_arm/4.8_2013q4/bin/../lib/gcc/arm-none-eabi/4.8.3/armv7-m\libgcc.a(_arm_fixunssfsi.o)
                0x0000cb84                __fixunssfsi
                0x0000cb84                __aeabi_f2uiz
 .text          0x0000cbc4       0x2c c:/siliconlabs/simplicitystudio/v3/developer/toolchains/gnu_arm/4.8_2013q4/bin/../lib/gcc/arm-none-eabi/4.8.3/armv7-m\libgcc.a(_aeabi_uldivmod.o)
                0x0000cbc4                __aeabi_uldivmod
 .text          0x0000cbf0       0x30 c:/siliconlabs/simplicitystudio/v3/developer/toolchains/gnu_arm/4.8_2013q4/bin/../lib/gcc/arm-none-eabi/4.8.3/armv7-m\libgcc.a(_fixdfdi.o)
                0x0000cbf0                __fixdfdi
                0x0000cbf0                __aeabi_d2lz
 .text          0x0000cc20       0x44 c:/siliconlabs/simplicitystudio/v3/developer/toolchains/gnu_arm/4.8_2013q4/bin/../lib/gcc/arm-none-eabi/4.8.3/armv7-m\libgcc.a(_fixunsdfdi.o)
                0x0000cc20                __fixunsdfdi
                0x0000cc20                __aeabi_d2ulz
 .text          0x0000cc64       0x60 c:/siliconlabs/simplicitystudio/v3/developer/toolchains/gnu_arm/4.8_2013q4/bin/../lib/gcc/arm-none-eabi/4.8.3/armv7-m\libgcc.a(bpabi.o)
                0x0000cc64                __gnu_ldivmod_helper
                0x0000cc94                __gnu_uldivmod_helper
 .text          0x0000ccc4        0x4 c:/siliconlabs/simplicitystudio/v3/developer/toolchains/gnu_arm/4.8_2013q4/bin/../lib/gcc/arm-none-eabi/4.8.3/armv7-m\libgcc.a(_dvmd_tls.o)
                0x0000ccc4                __aeabi_idiv0
                0x0000ccc4                __aeabi_ldiv0
 .text          0x0000ccc8      0x2a0 c:/siliconlabs/simplicitystudio/v3/developer/toolchains/gnu_arm/4.8_2013q4/bin/../lib/gcc/arm-none-eabi/4.8.3/armv7-m\libgcc.a(_divdi3.o)
                0x0000ccc8                __divdi3
 .text          0x0000cf68      0x290 c:/siliconlabs/simplicitystudio/v3/developer/toolchains/gnu_arm/4.8_2013q4/bin/../lib/gcc/arm-none-eabi/4.8.3/armv7-m\libgcc.a(_udivdi3.o)
                0x0000cf68                __udivdi3
 .text.__assert_func
                0x0000d1f8       0x38 c:/siliconlabs/simplicitystudio/v3/developer/toolchains/gnu_arm/4.8_2013q4/bin/../lib/gcc/arm-none-eabi/4.8.3/../../../../arm-none-eabi/lib/armv7-m\libc_s.a(lib_a-assert.o)
                0x0000d1f8                __assert_func
 .text.__errno  0x0000d230        0xc c:/siliconlabs/simplicitystudio/v3/developer/toolchains/gnu_arm/4.8_2013q4/bin/../lib/gcc/arm-none-eabi/4.8.3/../../../../arm-none-eabi/lib/armv7-m\libc_s.a(lib_a-errno.o)
                0x0000d230                __errno
 .text.exit     0x0000d23c       0x28 c:/siliconlabs/simplicitystudio/v3/developer/toolchains/gnu_arm/4.8_2013q4/bin/../lib/gcc/arm-none-eabi/4.8.3/../../../../arm-none-eabi/lib/armv7-m\libc_s.a(lib_a-exit.o)
                0x0000d23c                exit
 .text.fileno   0x0000d264       0x5c c:/siliconlabs/simplicitystudio/v3/developer/toolchains/gnu_arm/4.8_2013q4/bin/../lib/gcc/arm-none-eabi/4.8.3/../../../../arm-none-eabi/lib/armv7-m\libc_s.a(lib_a-fileno.o)
                0x0000d264                fileno
 .text._cleanup_r
                0x0000d2c0       0x32 c:/siliconlabs/simplicitystudio/v3/developer/toolchains/gnu_arm/4.8_2013q4/bin/../lib/gcc/arm-none-eabi/4.8.3/../../../../arm-none-eabi/lib/armv7-m\libc_s.a(lib_a-findfp.o)
                0x0000d2c0                _cleanup_r
 *fill*         0x0000d2f2        0x2 
 .text.std.isra.0
                0x0000d2f4       0x48 c:/siliconlabs/simplicitystudio/v3/developer/toolchains/gnu_arm/4.8_2013q4/bin/../lib/gcc/arm-none-eabi/4.8.3/../../../../arm-none-eabi/lib/armv7-m\libc_s.a(lib_a-findfp.o)
 .text.__sfmoreglue
                0x0000d33c       0x2c c:/siliconlabs/simplicitystudio/v3/developer/toolchains/gnu_arm/4.8_2013q4/bin/../lib/gcc/arm-none-eabi/4.8.3/../../../../arm-none-eabi/lib/armv7-m\libc_s.a(lib_a-findfp.o)
                0x0000d33c                __sfmoreglue
 .text.__sinit  0x0000d368       0x60 c:/siliconlabs/simplicitystudio/v3/developer/toolchains/gnu_arm/4.8_2013q4/bin/../lib/gcc/arm-none-eabi/4.8.3/../../../../arm-none-eabi/lib/armv7-m\libc_s.a(lib_a-findfp.o)
                0x0000d368                __sinit
 .text.__sfp    0x0000d3c8       0x74 c:/siliconlabs/simplicitystudio/v3/developer/toolchains/gnu_arm/4.8_2013q4/bin/../lib/gcc/arm-none-eabi/4.8.3/../../../../arm-none-eabi/lib/armv7-m\libc_s.a(lib_a-findfp.o)
                0x0000d3c8                __sfp
 .text.fprintf  0x0000d43c       0x24 c:/siliconlabs/simplicitystudio/v3/developer/toolchains/gnu_arm/4.8_2013q4/bin/../lib/gcc/arm-none-eabi/4.8.3/../../../../arm-none-eabi/lib/armv7-m\libc_s.a(lib_a-fprintf.o)
                0x0000d43c                fiprintf
                0x0000d43c                fprintf
 .text.__libc_init_array
                0x0000d460       0x4c c:/siliconlabs/simplicitystudio/v3/developer/toolchains/gnu_arm/4.8_2013q4/bin/../lib/gcc/arm-none-eabi/4.8.3/../../../../arm-none-eabi/lib/armv7-m\libc_s.a(lib_a-init.o)
                0x0000d460                __libc_init_array
 .text.memcpy   0x0000d4ac       0x12 c:/siliconlabs/simplicitystudio/v3/developer/toolchains/gnu_arm/4.8_2013q4/bin/../lib/gcc/arm-none-eabi/4.8.3/../../../../arm-none-eabi/lib/armv7-m\libc_s.a(lib_a-memcpy-stub.o)
                0x0000d4ac                memcpy
 .text.memset   0x0000d4be       0x10 c:/siliconlabs/simplicitystudio/v3/developer/toolchains/gnu_arm/4.8_2013q4/bin/../lib/gcc/arm-none-eabi/4.8.3/../../../../arm-none-eabi/lib/armv7-m\libc_s.a(lib_a-memset.o)
                0x0000d4be                memset
 *fill*         0x0000d4ce        0x2 
 .text._malloc_r
                0x0000d4d0       0xa8 c:/siliconlabs/simplicitystudio/v3/developer/toolchains/gnu_arm/4.8_2013q4/bin/../lib/gcc/arm-none-eabi/4.8.3/../../../../arm-none-eabi/lib/armv7-m\libc_s.a(lib_a-nano-mallocr.o)
                0x0000d4d0                _malloc_r
 .text.printf   0x0000d578       0x30 c:/siliconlabs/simplicitystudio/v3/developer/toolchains/gnu_arm/4.8_2013q4/bin/../lib/gcc/arm-none-eabi/4.8.3/../../../../arm-none-eabi/lib/armv7-m\libc_s.a(lib_a-printf.o)
                0x0000d578                iprintf
                0x0000d578                printf
 .text._sbrk_r  0x0000d5a8       0x20 c:/siliconlabs/simplicitystudio/v3/developer/toolchains/gnu_arm/4.8_2013q4/bin/../lib/gcc/arm-none-eabi/4.8.3/../../../../arm-none-eabi/lib/armv7-m\libc_s.a(lib_a-sbrkr.o)
                0x0000d5a8                _sbrk_r
 .text.__sread  0x0000d5c8       0x22 c:/siliconlabs/simplicitystudio/v3/developer/toolchains/gnu_arm/4.8_2013q4/bin/../lib/gcc/arm-none-eabi/4.8.3/../../../../arm-none-eabi/lib/armv7-m\libc_s.a(lib_a-stdio.o)
                0x0000d5c8                __sread
 .text.__swrite
                0x0000d5ea       0x38 c:/siliconlabs/simplicitystudio/v3/developer/toolchains/gnu_arm/4.8_2013q4/bin/../lib/gcc/arm-none-eabi/4.8.3/../../../../arm-none-eabi/lib/armv7-m\libc_s.a(lib_a-stdio.o)
                0x0000d5ea                __swrite
 .text.__sseek  0x0000d622       0x24 c:/siliconlabs/simplicitystudio/v3/developer/toolchains/gnu_arm/4.8_2013q4/bin/../lib/gcc/arm-none-eabi/4.8.3/../../../../arm-none-eabi/lib/armv7-m\libc_s.a(lib_a-stdio.o)
                0x0000d622                __sseek
 .text.__sclose
                0x0000d646        0x8 c:/siliconlabs/simplicitystudio/v3/developer/toolchains/gnu_arm/4.8_2013q4/bin/../lib/gcc/arm-none-eabi/4.8.3/../../../../arm-none-eabi/lib/armv7-m\libc_s.a(lib_a-stdio.o)
                0x0000d646                __sclose
 .text.strlen   0x0000d64e       0x10 c:/siliconlabs/simplicitystudio/v3/developer/toolchains/gnu_arm/4.8_2013q4/bin/../lib/gcc/arm-none-eabi/4.8.3/../../../../arm-none-eabi/lib/armv7-m\libc_s.a(lib_a-strlen.o)
                0x0000d64e                strlen
 .text.__sfputc_r
                0x0000d65e       0x2c c:/siliconlabs/simplicitystudio/v3/developer/toolchains/gnu_arm/4.8_2013q4/bin/../lib/gcc/arm-none-eabi/4.8.3/../../../../arm-none-eabi/lib/armv7-m\libc_s.a(lib_a-vfprintf.o)
 .text.__sfputs_r
                0x0000d68a       0x24 c:/siliconlabs/simplicitystudio/v3/developer/toolchains/gnu_arm/4.8_2013q4/bin/../lib/gcc/arm-none-eabi/4.8.3/../../../../arm-none-eabi/lib/armv7-m\libc_s.a(lib_a-vfprintf.o)
                0x0000d68a                __sfputs_r
 *fill*         0x0000d6ae        0x2 
 .text._vfprintf_r
                0x0000d6b0      0x208 c:/siliconlabs/simplicitystudio/v3/developer/toolchains/gnu_arm/4.8_2013q4/bin/../lib/gcc/arm-none-eabi/4.8.3/../../../../arm-none-eabi/lib/armv7-m\libc_s.a(lib_a-vfprintf.o)
                0x0000d6b0                _vfprintf_r
                0x0000d6b0                _vfiprintf_r
 .text._printf_common
                0x0000d8b8       0xe4 c:/siliconlabs/simplicitystudio/v3/developer/toolchains/gnu_arm/4.8_2013q4/bin/../lib/gcc/arm-none-eabi/4.8.3/../../../../arm-none-eabi/lib/armv7-m\libc_s.a(lib_a-vfprintf_i.o)
                0x0000d8b8                _printf_common
 .text._printf_i
                0x0000d99c      0x228 c:/siliconlabs/simplicitystudio/v3/developer/toolchains/gnu_arm/4.8_2013q4/bin/../lib/gcc/arm-none-eabi/4.8.3/../../../../arm-none-eabi/lib/armv7-m\libc_s.a(lib_a-vfprintf_i.o)
                0x0000d99c                _printf_i
 .text.__swbuf_r
                0x0000dbc4       0xa8 c:/siliconlabs/simplicitystudio/v3/developer/toolchains/gnu_arm/4.8_2013q4/bin/../lib/gcc/arm-none-eabi/4.8.3/../../../../arm-none-eabi/lib/armv7-m\libc_s.a(lib_a-wbuf.o)
                0x0000dbc4                __swbuf_r
 .text._write_r
                0x0000dc6c       0x24 c:/siliconlabs/simplicitystudio/v3/developer/toolchains/gnu_arm/4.8_2013q4/bin/../lib/gcc/arm-none-eabi/4.8.3/../../../../arm-none-eabi/lib/armv7-m\libc_s.a(lib_a-writer.o)
                0x0000dc6c                _write_r
 .text.__swsetup_r
                0x0000dc90       0xdc c:/siliconlabs/simplicitystudio/v3/developer/toolchains/gnu_arm/4.8_2013q4/bin/../lib/gcc/arm-none-eabi/4.8.3/../../../../arm-none-eabi/lib/armv7-m\libc_s.a(lib_a-wsetup.o)
                0x0000dc90                __swsetup_r
 .text.abort    0x0000dd6c        0xe c:/siliconlabs/simplicitystudio/v3/developer/toolchains/gnu_arm/4.8_2013q4/bin/../lib/gcc/arm-none-eabi/4.8.3/../../../../arm-none-eabi/lib/armv7-m\libc_s.a(lib_a-abort.o)
                0x0000dd6c                abort
 *fill*         0x0000dd7a        0x2 
 .text._close_r
                0x0000dd7c       0x20 c:/siliconlabs/simplicitystudio/v3/developer/toolchains/gnu_arm/4.8_2013q4/bin/../lib/gcc/arm-none-eabi/4.8.3/../../../../arm-none-eabi/lib/armv7-m\libc_s.a(lib_a-closer.o)
                0x0000dd7c                _close_r
 .text.__sflush_r
                0x0000dd9c      0x106 c:/siliconlabs/simplicitystudio/v3/developer/toolchains/gnu_arm/4.8_2013q4/bin/../lib/gcc/arm-none-eabi/4.8.3/../../../../arm-none-eabi/lib/armv7-m\libc_s.a(lib_a-fflush.o)
                0x0000dd9c                __sflush_r
 *fill*         0x0000dea2        0x2 
 .text._fflush_r
                0x0000dea4       0x54 c:/siliconlabs/simplicitystudio/v3/developer/toolchains/gnu_arm/4.8_2013q4/bin/../lib/gcc/arm-none-eabi/4.8.3/../../../../arm-none-eabi/lib/armv7-m\libc_s.a(lib_a-fflush.o)
                0x0000dea4                _fflush_r
 .text._lseek_r
                0x0000def8       0x24 c:/siliconlabs/simplicitystudio/v3/developer/toolchains/gnu_arm/4.8_2013q4/bin/../lib/gcc/arm-none-eabi/4.8.3/../../../../arm-none-eabi/lib/armv7-m\libc_s.a(lib_a-lseekr.o)
                0x0000def8                _lseek_r
 .text.__smakebuf_r
                0x0000df1c       0x98 c:/siliconlabs/simplicitystudio/v3/developer/toolchains/gnu_arm/4.8_2013q4/bin/../lib/gcc/arm-none-eabi/4.8.3/../../../../arm-none-eabi/lib/armv7-m\libc_s.a(lib_a-makebuf.o)
                0x0000df1c                __smakebuf_r
 .text.memchr   0x0000dfb4       0x1c c:/siliconlabs/simplicitystudio/v3/developer/toolchains/gnu_arm/4.8_2013q4/bin/../lib/gcc/arm-none-eabi/4.8.3/../../../../arm-none-eabi/lib/armv7-m\libc_s.a(lib_a-memchr-stub.o)
                0x0000dfb4                memchr
 .text._free_r  0x0000dfd0       0x88 c:/siliconlabs/simplicitystudio/v3/developer/toolchains/gnu_arm/4.8_2013q4/bin/../lib/gcc/arm-none-eabi/4.8.3/../../../../arm-none-eabi/lib/armv7-m\libc_s.a(lib_a-nano-freer.o)
                0x0000dfd0                _free_r
 .text._read_r  0x0000e058       0x24 c:/siliconlabs/simplicitystudio/v3/developer/toolchains/gnu_arm/4.8_2013q4/bin/../lib/gcc/arm-none-eabi/4.8.3/../../../../arm-none-eabi/lib/armv7-m\libc_s.a(lib_a-readr.o)
                0x0000e058                _read_r
 .text._raise_r
                0x0000e07c       0x50 c:/siliconlabs/simplicitystudio/v3/developer/toolchains/gnu_arm/4.8_2013q4/bin/../lib/gcc/arm-none-eabi/4.8.3/../../../../arm-none-eabi/lib/armv7-m\libc_s.a(lib_a-signal.o)
                0x0000e07c                _raise_r
 .text.raise    0x0000e0cc       0x10 c:/siliconlabs/simplicitystudio/v3/developer/toolchains/gnu_arm/4.8_2013q4/bin/../lib/gcc/arm-none-eabi/4.8.3/../../../../arm-none-eabi/lib/armv7-m\libc_s.a(lib_a-signal.o)
                0x0000e0cc                raise
 .text._kill_r  0x0000e0dc       0x24 c:/siliconlabs/simplicitystudio/v3/developer/toolchains/gnu_arm/4.8_2013q4/bin/../lib/gcc/arm-none-eabi/4.8.3/../../../../arm-none-eabi/lib/armv7-m\libc_s.a(lib_a-signalr.o)
                0x0000e0dc                _kill_r
 .text._getpid_r
                0x0000e100        0x4 c:/siliconlabs/simplicitystudio/v3/developer/toolchains/gnu_arm/4.8_2013q4/bin/../lib/gcc/arm-none-eabi/4.8.3/../../../../arm-none-eabi/lib/armv7-m\libc_s.a(lib_a-signalr.o)
                0x0000e100                _getpid_r
 .text._fstat_r
                0x0000e104       0x24 c:/siliconlabs/simplicitystudio/v3/developer/toolchains/gnu_arm/4.8_2013q4/bin/../lib/gcc/arm-none-eabi/4.8.3/../../../../arm-none-eabi/lib/armv7-m\libc_s.a(lib_a-fstatr.o)
                0x0000e104                _fstat_r
 .text._isatty_r
                0x0000e128       0x20 c:/siliconlabs/simplicitystudio/v3/developer/toolchains/gnu_arm/4.8_2013q4/bin/../lib/gcc/arm-none-eabi/4.8.3/../../../../arm-none-eabi/lib/armv7-m\libc_s.a(lib_a-isattyr.o)
                0x0000e128                _isatty_r
 *(.init)
 .init          0x0000e148        0x4 c:/siliconlabs/simplicitystudio/v3/developer/toolchains/gnu_arm/4.8_2013q4/bin/../lib/gcc/arm-none-eabi/4.8.3/armv7-m/crti.o
                0x0000e148                _init
 .init          0x0000e14c        0x8 c:/siliconlabs/simplicitystudio/v3/developer/toolchains/gnu_arm/4.8_2013q4/bin/../lib/gcc/arm-none-eabi/4.8.3/armv7-m/crtn.o
 *(.fini)
 .fini          0x0000e154        0x4 c:/siliconlabs/simplicitystudio/v3/developer/toolchains/gnu_arm/4.8_2013q4/bin/../lib/gcc/arm-none-eabi/4.8.3/armv7-m/crti.o
                0x0000e154                _fini
 .fini          0x0000e158        0x8 c:/siliconlabs/simplicitystudio/v3/developer/toolchains/gnu_arm/4.8_2013q4/bin/../lib/gcc/arm-none-eabi/4.8.3/armv7-m/crtn.o
 .fini.__stub   0x0000e160       0x20 linker stubs
 *crtbegin.o(.ctors)
 *crtbegin?.o(.ctors)
 *(EXCLUDE_FILE(*crtend.o *crtend?.o) .ctors)
 *(SORT(.ctors.*))
 *(.ctors)
 *crtbegin.o(.dtors)
 *crtbegin?.o(.dtors)
 *(EXCLUDE_FILE(*crtend.o *crtend?.o) .dtors)
 *(SORT(.dtors.*))
 *(.dtors)
 *(.rodata*)
 .rodata        0x0000e180       0xe4 ./src/geophone.o
 .rodata.__func__.8521
                0x0000e264       0x10 ./src/geophone.o
 .rodata.__func__.8542
                0x0000e274       0x18 ./src/geophone.o
 .rodata.__func__.8588
                0x0000e28c        0x8 ./src/geophone.o
 .rodata.gl_adjustable_params
                0x0000e294        0x4 ./src/adjustable_params.o
                0x0000e294                gl_adjustable_params
 .rodata        0x0000e298       0x3c ./src/config.o
 .rodata        0x0000e2d4       0x7c ./src/dust_com.o
 .rodata.__func__.7314
                0x0000e350       0x14 ./src/dust_com.o
 .rodata.sendto_template.7472
                0x0000e364       0x18 ./src/dust_com.o
 .rodata.fcstab
                0x0000e37c      0x200 ./src/fcs.o
 .rodata        0x0000e57c       0x94 ./src/flash.o
 .rodata.__func__.6350
                0x0000e610        0xc ./src/flash.o
 .rodata        0x0000e61c       0xe0 ./src/packet.o
 .rodata.__func__.6522
                0x0000e6fc       0x10 ./src/packet.o
 .rodata.__func__.6569
                0x0000e70c       0x14 ./src/packet.o
 .rodata        0x0000e720      0x140 ./src/process.o
 .rodata.__func__.7469
                0x0000e860       0x10 ./src/process.o
 .rodata.__func__.7538
                0x0000e870       0x18 ./src/process.o
 .rodata.__func__.7675
                0x0000e888       0x14 ./src/process.o
 .rodata        0x0000e89c       0x14 ./src/wait_burtc.o
 .rodata.dmaInit
                0x0000e8b0        0x8 ./Drivers/nandflash.o
 .rodata.chnCfg
                0x0000e8b8        0xc ./Drivers/nandflash.o
 .rodata.descCfgWr
                0x0000e8c4        0x8 ./Drivers/nandflash.o
 .rodata.descCfgRd
                0x0000e8cc        0x8 ./Drivers/nandflash.o
 .rodata.heaperr.6217
                0x0000e8d4       0x1c ./Drivers/retargetio.o
 .rodata        0x0000e8f0       0x50 ./BSP/bsp_stk.o
 .rodata.str1.4
                0x0000e940        0x4 c:/siliconlabs/simplicitystudio/v3/developer/toolchains/gnu_arm/4.8_2013q4/bin/../lib/gcc/arm-none-eabi/4.8.3/../../../../arm-none-eabi/lib/armv7-m\libm.a(lib_a-w_pow.o)
 .rodata.str1.4
                0x0000e944        0x5 c:/siliconlabs/simplicitystudio/v3/developer/toolchains/gnu_arm/4.8_2013q4/bin/../lib/gcc/arm-none-eabi/4.8.3/../../../../arm-none-eabi/lib/armv7-m\libm.a(lib_a-w_sqrt.o)
                                  0x8 (size before relaxing)
 *fill*         0x0000e949        0x7 
 .rodata.dp_h   0x0000e950       0x10 c:/siliconlabs/simplicitystudio/v3/developer/toolchains/gnu_arm/4.8_2013q4/bin/../lib/gcc/arm-none-eabi/4.8.3/../../../../arm-none-eabi/lib/armv7-m\libm.a(lib_a-e_pow.o)
 .rodata.dp_l   0x0000e960       0x10 c:/siliconlabs/simplicitystudio/v3/developer/toolchains/gnu_arm/4.8_2013q4/bin/../lib/gcc/arm-none-eabi/4.8.3/../../../../arm-none-eabi/lib/armv7-m\libm.a(lib_a-e_pow.o)
 .rodata.bp     0x0000e970       0x10 c:/siliconlabs/simplicitystudio/v3/developer/toolchains/gnu_arm/4.8_2013q4/bin/../lib/gcc/arm-none-eabi/4.8.3/../../../../arm-none-eabi/lib/armv7-m\libm.a(lib_a-e_pow.o)
 .rodata.str1.4
                0x00000000        0x8 c:/siliconlabs/simplicitystudio/v3/developer/toolchains/gnu_arm/4.8_2013q4/bin/../lib/gcc/arm-none-eabi/4.8.3/../../../../arm-none-eabi/lib/armv7-m\libm.a(lib_a-e_pow.o)
                                  0x4 (size before relaxing)
 .rodata.TWO52  0x0000e980       0x10 c:/siliconlabs/simplicitystudio/v3/developer/toolchains/gnu_arm/4.8_2013q4/bin/../lib/gcc/arm-none-eabi/4.8.3/../../../../arm-none-eabi/lib/armv7-m\libm.a(lib_a-s_rint.o)
 .rodata.str1.1
                0x0000e990       0x3c c:/siliconlabs/simplicitystudio/v3/developer/toolchains/gnu_arm/4.8_2013q4/bin/../lib/gcc/arm-none-eabi/4.8.3/../../../../arm-none-eabi/lib/armv7-m\libc_s.a(lib_a-assert.o)
                                 0x3d (size before relaxing)
 .rodata.__sf_fake_stdin
                0x0000e9cc       0x20 c:/siliconlabs/simplicitystudio/v3/developer/toolchains/gnu_arm/4.8_2013q4/bin/../lib/gcc/arm-none-eabi/4.8.3/../../../../arm-none-eabi/lib/armv7-m\libc_s.a(lib_a-findfp.o)
                0x0000e9cc                __sf_fake_stdin
 .rodata.__sf_fake_stdout
                0x0000e9ec       0x20 c:/siliconlabs/simplicitystudio/v3/developer/toolchains/gnu_arm/4.8_2013q4/bin/../lib/gcc/arm-none-eabi/4.8.3/../../../../arm-none-eabi/lib/armv7-m\libc_s.a(lib_a-findfp.o)
                0x0000e9ec                __sf_fake_stdout
 .rodata.__sf_fake_stderr
                0x0000ea0c       0x20 c:/siliconlabs/simplicitystudio/v3/developer/toolchains/gnu_arm/4.8_2013q4/bin/../lib/gcc/arm-none-eabi/4.8.3/../../../../arm-none-eabi/lib/armv7-m\libc_s.a(lib_a-findfp.o)
                0x0000ea0c                __sf_fake_stderr
 .rodata.str1.1
                0x0000ea2c        0x2 c:/siliconlabs/simplicitystudio/v3/developer/toolchains/gnu_arm/4.8_2013q4/bin/../lib/gcc/arm-none-eabi/4.8.3/../../../../arm-none-eabi/lib/armv7-m\libc_s.a(lib_a-impure.o)
 *fill*         0x0000ea2e        0x2 
 .rodata._global_impure_ptr
                0x0000ea30        0x4 c:/siliconlabs/simplicitystudio/v3/developer/toolchains/gnu_arm/4.8_2013q4/bin/../lib/gcc/arm-none-eabi/4.8.3/../../../../arm-none-eabi/lib/armv7-m\libc_s.a(lib_a-impure.o)
                0x0000ea30                _global_impure_ptr
 .rodata.str1.1
                0x0000ea34       0x11 c:/siliconlabs/simplicitystudio/v3/developer/toolchains/gnu_arm/4.8_2013q4/bin/../lib/gcc/arm-none-eabi/4.8.3/../../../../arm-none-eabi/lib/armv7-m\libc_s.a(lib_a-vfprintf.o)
 .rodata.str1.1
                0x0000ea45       0x22 c:/siliconlabs/simplicitystudio/v3/developer/toolchains/gnu_arm/4.8_2013q4/bin/../lib/gcc/arm-none-eabi/4.8.3/../../../../arm-none-eabi/lib/armv7-m\libc_s.a(lib_a-vfprintf_i.o)
 *(.eh_frame*)
 *fill*         0x0000ea67        0x1 
 .eh_frame      0x0000ea68        0x0 c:/siliconlabs/simplicitystudio/v3/developer/toolchains/gnu_arm/4.8_2013q4/bin/../lib/gcc/arm-none-eabi/4.8.3/armv7-m/crtbegin.o
 .eh_frame      0x0000ea68        0x4 c:/siliconlabs/simplicitystudio/v3/developer/toolchains/gnu_arm/4.8_2013q4/bin/../lib/gcc/arm-none-eabi/4.8.3/armv7-m/crtend.o

.glue_7         0x0000ea6c        0x0
 .glue_7        0x00000000        0x0 linker stubs

.glue_7t        0x0000ea6c        0x0
 .glue_7t       0x00000000        0x0 linker stubs

.vfp11_veneer   0x0000ea6c        0x0
 .vfp11_veneer  0x00000000        0x0 linker stubs

.v4_bx          0x0000ea6c        0x0
 .v4_bx         0x00000000        0x0 linker stubs

.iplt           0x0000ea6c        0x0
 .iplt          0x00000000        0x0 c:/siliconlabs/simplicitystudio/v3/developer/toolchains/gnu_arm/4.8_2013q4/bin/../lib/gcc/arm-none-eabi/4.8.3/armv7-m/crtbegin.o

.ARM.extab
 *(.ARM.extab* .gnu.linkonce.armextab.*)
                0x0000ea6c                __exidx_start = .

.ARM.exidx      0x0000ea6c        0x8
 *(.ARM.exidx* .gnu.linkonce.armexidx.*)
 .ARM.exidx     0x0000ea6c        0x8 c:/siliconlabs/simplicitystudio/v3/developer/toolchains/gnu_arm/4.8_2013q4/bin/../lib/gcc/arm-none-eabi/4.8.3/../../../../arm-none-eabi/lib/armv7-m/crt0.o
 .ARM.exidx     0x0000ea74        0x0 c:/siliconlabs/simplicitystudio/v3/developer/toolchains/gnu_arm/4.8_2013q4/bin/../lib/gcc/arm-none-eabi/4.8.3/armv7-m\libgcc.a(_divdi3.o)
                                  0x8 (size before relaxing)
 .ARM.exidx     0x0000ea74        0x0 c:/siliconlabs/simplicitystudio/v3/developer/toolchains/gnu_arm/4.8_2013q4/bin/../lib/gcc/arm-none-eabi/4.8.3/armv7-m\libgcc.a(_udivdi3.o)
                                  0x8 (size before relaxing)
                0x0000ea74                __exidx_end = .
                0x0000ea74                __etext = .

.rel.dyn        0x0000ea74        0x0
 .rel.iplt      0x00000000        0x0 c:/siliconlabs/simplicitystudio/v3/developer/toolchains/gnu_arm/4.8_2013q4/bin/../lib/gcc/arm-none-eabi/4.8.3/armv7-m/crtbegin.o

.data           0x20000000      0x5f0 load address 0x0000ea74
                0x20000000                __data_start__ = .
 *(vtable)
 *(.data*)
 .data.gl_sleep_mode_recording
                0x20000000        0x4 ./src/geophone.o
 .data.gl_sleep_mode_uart
                0x20000004        0x4 ./src/geophone.o
 .data.gl_prev_received_packet_id
                0x20000008        0x4 ./src/geophone.o
 .data.charging
                0x2000000c        0x4 ./src/geophone.o
 .data.SystemHFXOClock
                0x20000010        0x4 ./CMSIS/efm32gg/system_efm32gg.o
 .data.SystemLFXOClock
                0x20000014        0x4 ./CMSIS/efm32gg/system_efm32gg.o
 .data.gl_adjustable_params_ext
                0x20000018       0x40 ./src/adjustable_params.o
 .data.gl_flash_adjustable_params_ext
                0x20000058        0x4 ./src/adjustable_params.o
                0x20000058                gl_flash_adjustable_params_ext
 .data.gl_flash_adjustable_params
                0x2000005c        0x4 ./src/adjustable_params.o
                0x2000005c                gl_flash_adjustable_params
 .data.charging_enable
                0x20000060        0x1 ./src/config.o
                0x20000060                charging_enable
 *fill*         0x20000061        0x3 
 .data.gl_socket_id
                0x20000064        0x4 ./src/dust_com.o
                0x20000064                gl_socket_id
 .data.gl_sync  0x20000068        0x1 ./src/dust_com.o
 .data.gl_packet_ID
                0x20000069        0x1 ./src/dust_com.o
 .data.gl_packet_to_master_seq_num
                0x2000006a        0x2 ./src/dust_com.o
 .data.first_call.6330
                0x2000006c        0x1 ./src/flash.o
 *fill*         0x2000006d        0x3 
 .data.gl_next_page_in_block_to_use
                0x20000070        0x4 ./src/process.o
 .data.__fdlib_version
                0x20000074        0x1 c:/siliconlabs/simplicitystudio/v3/developer/toolchains/gnu_arm/4.8_2013q4/bin/../lib/gcc/arm-none-eabi/4.8.3/../../../../arm-none-eabi/lib/armv7-m\libm.a(lib_a-s_lib_ver.o)
                0x20000074                __fdlib_version
 *fill*         0x20000075        0x3 
 .data.impure_data
                0x20000078       0x60 c:/siliconlabs/simplicitystudio/v3/developer/toolchains/gnu_arm/4.8_2013q4/bin/../lib/gcc/arm-none-eabi/4.8.3/../../../../arm-none-eabi/lib/armv7-m\libc_s.a(lib_a-impure.o)
 .data._impure_ptr
                0x200000d8        0x4 c:/siliconlabs/simplicitystudio/v3/developer/toolchains/gnu_arm/4.8_2013q4/bin/../lib/gcc/arm-none-eabi/4.8.3/../../../../arm-none-eabi/lib/armv7-m\libc_s.a(lib_a-impure.o)
                0x200000d8                _impure_ptr
                0x200000dc                . = ALIGN (0x4)
 *(.ram)
 .ram           0x200000dc      0x50c ./emlib/em_msc.o
                0x200000dc                mscRfAssertEFM
                0x200000e8                mscRfIntDisable
                0x20000114                mscRfIntEnable
                0x20000150                MSC_LoadVerifyAddress
                0x200001d0                MSC_LoadWriteData
                0x200003bc                MSC_WriteWordI
                0x2000048c                MSC_ErasePage
                0x20000544                MSC_WriteWord
                0x20000568                MSC_WriteWordFast
                0x2000058c                MSC_MassErase
                0x200005e8                . = ALIGN (0x4)
                0x200005e8                PROVIDE (__preinit_array_start, .)
 *(.preinit_array)
                0x200005e8                PROVIDE (__preinit_array_end, .)
                0x200005e8                . = ALIGN (0x4)
                0x200005e8                PROVIDE (__init_array_start, .)
 *(SORT(.init_array.*))
 *(.init_array)
 .init_array    0x200005e8        0x4 c:/siliconlabs/simplicitystudio/v3/developer/toolchains/gnu_arm/4.8_2013q4/bin/../lib/gcc/arm-none-eabi/4.8.3/armv7-m/crtbegin.o
                0x200005ec                PROVIDE (__init_array_end, .)
                0x200005ec                . = ALIGN (0x4)
                0x200005ec                PROVIDE (__fini_array_start, .)
 *(SORT(.fini_array.*))
 *(.fini_array)
 .fini_array    0x200005ec        0x4 c:/siliconlabs/simplicitystudio/v3/developer/toolchains/gnu_arm/4.8_2013q4/bin/../lib/gcc/arm-none-eabi/4.8.3/armv7-m/crtbegin.o
                0x200005f0                PROVIDE (__fini_array_end, .)
                0x200005f0                . = ALIGN (0x4)
                0x200005f0                __data_end__ = .

.jcr            0x200005f0        0x0 load address 0x0000f064
 .jcr           0x200005f0        0x0 c:/siliconlabs/simplicitystudio/v3/developer/toolchains/gnu_arm/4.8_2013q4/bin/../lib/gcc/arm-none-eabi/4.8.3/armv7-m/crtbegin.o

.igot.plt       0x200005f0        0x0 load address 0x0000f064
 .igot.plt      0x00000000        0x0 c:/siliconlabs/simplicitystudio/v3/developer/toolchains/gnu_arm/4.8_2013q4/bin/../lib/gcc/arm-none-eabi/4.8.3/armv7-m/crtbegin.o

.bss            0x20000600    0x19504 load address 0x0000f100
                0x20000600                __bss_start__ = .
 *(.bss*)
 .bss           0x20000600       0x1c c:/siliconlabs/simplicitystudio/v3/developer/toolchains/gnu_arm/4.8_2013q4/bin/../lib/gcc/arm-none-eabi/4.8.3/armv7-m/crtbegin.o
 .bss.gl_current_sample
                0x2000061c        0x4 ./src/geophone.o
 .bss.gl_current_scan
                0x20000620        0x4 ./src/geophone.o
 .bss.gl_num_samples
                0x20000624        0x4 ./src/geophone.o
                0x20000624                gl_num_samples
 .bss.gl_num_aux
                0x20000628        0x4 ./src/geophone.o
 .bss.gl_num_sample_skip
                0x2000062c        0x4 ./src/geophone.o
 .bss.gl_RX_in  0x20000630      0x108 ./src/geophone.o
 .bss.gl_RX_index
                0x20000738        0x4 ./src/geophone.o
 .bss.gl_event_recived
                0x2000073c        0x1 ./src/geophone.o
 .bss.gl_recording_start
                0x2000073d        0x1 ./src/geophone.o
 .bss.gl_recording_stop
                0x2000073e        0x1 ./src/geophone.o
                0x2000073e                gl_recording_stop
 .bss.gl_recording_running
                0x2000073f        0x1 ./src/geophone.o
 .bss.gl_wait_for_timestamp
                0x20000740        0x1 ./src/geophone.o
                0x20000740                gl_wait_for_timestamp
 .bss.gl_get_aux_data
                0x20000741        0x1 ./src/geophone.o
 .bss.gl_aux_data_recived
                0x20000742        0x1 ./src/geophone.o
 *fill*         0x20000743        0x1 
 .bss.scan.8519
                0x20000744        0x8 ./src/geophone.o
 .bss.cmuStatus
                0x2000074c        0x4 ./emlib/em_emu.o
 .bss.mote_sleep
                0x20000750        0x1 ./src/config.o
                0x20000750                mote_sleep
 *fill*         0x20000751        0x3 
 .bss.gl_debug_printf_initialized
                0x20000754        0x4 ./src/debug_printf.o
                0x20000754                gl_debug_printf_initialized
 .bss.gl_dont_wait_for_acks
                0x20000758        0x1 ./src/dust_com.o
                0x20000758                gl_dont_wait_for_acks
 *fill*         0x20000759        0x1 
 .bss.static_seq_num.7447
                0x2000075a        0x2 ./src/dust_com.o
 .bss.gl_next_block_to_use
                0x2000075c        0x4 ./src/flash.o
 .bss.block.6328
                0x20000760     0x4000 ./src/flash.o
 .bss.is_written_to.6329
                0x20004760       0x20 ./src/flash.o
 .bss.rtcCounter
                0x20004780        0x4 ./src/ngi_rtcdrv.o
 .bss.rtcCb     0x20004784        0x4 ./src/ngi_rtcdrv.o
 .bss.rtcInitialized
                0x20004788        0x1 ./src/ngi_rtcdrv.o
 .bss.rtcDelayComplete
                0x20004789        0x1 ./src/ngi_rtcdrv.o
 *fill*         0x2000478a        0x2 
 .bss.rtcFreq   0x2000478c        0x4 ./src/ngi_rtcdrv.o
 .bss.gl_packet_buf
                0x20004790      0xb48 ./src/packet.o
 .bss.gl_packet_seq_num_at_last_sent_command
                0x200052d8        0x8 ./src/packet.o
 .bss.gl_packet_last_sent_command
                0x200052e0       0x80 ./src/packet.o
 .bss.gl_rrb    0x20005360     0xb470 ./src/process.o
                0x20005360                gl_rrb
 .bss.gl_latest_flash_id
                0x200107d0        0x2 ./src/process.o
 *fill*         0x200107d2        0x2 
 .bss.gl_last_timestamp
                0x200107d4        0xc ./src/process.o
 .bss.max       0x200107e0        0x4 ./src/process.o
 .bss.min       0x200107e4        0x4 ./src/process.o
 .bss.maxsample
                0x200107e8        0x4 ./src/process.o
 .bss.minsample
                0x200107ec        0x4 ./src/process.o
 .bss.sample_mean
                0x200107f0        0x4 ./src/process.o
 .bss.burtc_initialized
                0x200107f4        0x1 ./src/wait_burtc.o
 .bss.burtc_delay_complete
                0x200107f5        0x1 ./src/wait_burtc.o
 *fill*         0x200107f6        0x2 
 .bss.burtc_counter
                0x200107f8        0x4 ./src/wait_burtc.o
 .bss.INT_LockCnt
                0x200107fc        0x4 ./emlib/em_int.o
                0x200107fc                INT_LockCnt
 .bss.flashInfo
                0x20010800       0x30 ./Drivers/nandflash.o
 .bss.flashInitialized
                0x20010830        0x1 ./Drivers/nandflash.o
 *fill*         0x20010831        0x3 
 .bss.pNandData8
                0x20010834        0x4 ./Drivers/nandflash.o
 .bss.pNandData16
                0x20010838        0x4 ./Drivers/nandflash.o
 .bss.pNandData32
                0x2001083c        0x4 ./Drivers/nandflash.o
 .bss.pNandAddr
                0x20010840        0x4 ./Drivers/nandflash.o
 .bss.pNandCmd  0x20010844        0x4 ./Drivers/nandflash.o
 .bss.heap_end.6215
                0x20010848        0x4 ./Drivers/retargetio.o
 .bss.__malloc_sbrk_start
                0x2001084c        0x4 c:/siliconlabs/simplicitystudio/v3/developer/toolchains/gnu_arm/4.8_2013q4/bin/../lib/gcc/arm-none-eabi/4.8.3/../../../../arm-none-eabi/lib/armv7-m\libc_s.a(lib_a-nano-mallocr.o)
                0x2001084c                __malloc_sbrk_start
 .bss.__malloc_free_list
                0x20010850        0x4 c:/siliconlabs/simplicitystudio/v3/developer/toolchains/gnu_arm/4.8_2013q4/bin/../lib/gcc/arm-none-eabi/4.8.3/../../../../arm-none-eabi/lib/armv7-m\libc_s.a(lib_a-nano-mallocr.o)
                0x20010850                __malloc_free_list
 *(COMMON)
 COMMON         0x20010854        0xc ./src/geophone.o
                0x20010854                aux_sample
 COMMON         0x20010860        0x4 ./CMSIS/efm32gg/system_efm32gg.o
                0x20010860                SystemCoreClock
 *fill*         0x20010864        0x4 
 COMMON         0x20010868       0x10 ./src/config.o
                0x20010868                gl_ad_sampling_rate
                0x20010870                gl_ad_scan_rate
 COMMON         0x20010878     0x9004 ./src/flash.o
                0x20010878                gl_flash_info
                0x2001087c                gl_block_info
 COMMON         0x2001987c        0xc ./src/process.o
                0x2001987c                gl_timestamp
 *fill*         0x20019888       0x78 
 COMMON         0x20019900      0x200 ./Drivers/dmactrl.o
                0x20019900                dmaControlBlock
 COMMON         0x20019b00        0x4 c:/siliconlabs/simplicitystudio/v3/developer/toolchains/gnu_arm/4.8_2013q4/bin/../lib/gcc/arm-none-eabi/4.8.3/../../../../arm-none-eabi/lib/armv7-m\libc_s.a(lib_a-reent.o)
                0x20019b00                errno
                0x20019b04                __bss_end__ = .

.heap           0x20019b08      0xc00
                0x20019b08                __end__ = .
                0x20019b08                end = __end__
                0x20019b08                _end = __end__
 *(.heap*)
 .heap          0x20019b08      0xc00 ./CMSIS/efm32gg/startup_gcc_efm32gg.o
                0x20019b08                __HeapBase
                0x2001a708                __HeapLimit = .

.stack_dummy    0x20019b08      0x400
 *(.stack)
 .stack         0x20019b08      0x400 ./CMSIS/efm32gg/startup_gcc_efm32gg.o
                0x20020000                __StackTop = (ORIGIN (RAM) + 0x20000)
                0x2001fc00                __StackLimit = (__StackTop - SIZEOF (.stack_dummy))
                0x20020000                PROVIDE (__stack, __StackTop)
                0x00000001                ASSERT ((__StackLimit >= __HeapLimit), region RAM overflowed with stack)
                0x00000001                ASSERT ((0x100000 >= (__etext + SIZEOF (.data))), FLASH memory overflowed !)
OUTPUT(RMAD-geophone.axf elf32-littlearm)

.ARM.attributes
                0x00000000       0x29
 .ARM.attributes
                0x00000000       0x1d c:/siliconlabs/simplicitystudio/v3/developer/toolchains/gnu_arm/4.8_2013q4/bin/../lib/gcc/arm-none-eabi/4.8.3/armv7-m/crti.o
 .ARM.attributes
                0x0000001d       0x2d c:/siliconlabs/simplicitystudio/v3/developer/toolchains/gnu_arm/4.8_2013q4/bin/../lib/gcc/arm-none-eabi/4.8.3/armv7-m/crtbegin.o
 .ARM.attributes
                0x0000004a       0x1b c:/siliconlabs/simplicitystudio/v3/developer/toolchains/gnu_arm/4.8_2013q4/bin/../lib/gcc/arm-none-eabi/4.8.3/../../../../arm-none-eabi/lib/armv7-m/crt0.o
 .ARM.attributes
                0x00000065       0x33 ./src/geophone.o
 .ARM.attributes
                0x00000098       0x33 ./emlib/em_acmp.o
 .ARM.attributes
                0x000000cb       0x33 ./emlib/em_adc.o
 .ARM.attributes
                0x000000fe       0x33 ./emlib/em_cmu.o
 .ARM.attributes
                0x00000131       0x33 ./emlib/em_emu.o
 .ARM.attributes
                0x00000164       0x33 ./emlib/em_gpio.o
 .ARM.attributes
                0x00000197       0x33 ./emlib/em_rtc.o
 .ARM.attributes
                0x000001ca       0x33 ./emlib/em_system.o
 .ARM.attributes
                0x000001fd       0x1b ./CMSIS/efm32gg/startup_gcc_efm32gg.o
 .ARM.attributes
                0x00000218       0x33 ./CMSIS/efm32gg/system_efm32gg.o
 .ARM.attributes
                0x0000024b       0x33 ./src/adjustable_params.o
 .ARM.attributes
                0x0000027e       0x33 ./src/config.o
 .ARM.attributes
                0x000002b1       0x33 ./src/debug_printf.o
 .ARM.attributes
                0x000002e4       0x33 ./src/dust_com.o
 .ARM.attributes
                0x00000317       0x33 ./src/fcs.o
 .ARM.attributes
                0x0000034a       0x33 ./src/flash.o
 .ARM.attributes
                0x0000037d       0x33 ./src/ngi_rtcdrv.o
 .ARM.attributes
                0x000003b0       0x33 ./src/packet.o
 .ARM.attributes
                0x000003e3       0x33 ./src/process.o
 .ARM.attributes
                0x00000416       0x33 ./src/timestamp.o
 .ARM.attributes
                0x00000449       0x33 ./src/wait_burtc.o
 .ARM.attributes
                0x0000047c       0x33 ./emlib/em_burtc.o
 .ARM.attributes
                0x000004af       0x33 ./emlib/em_dac.o
 .ARM.attributes
                0x000004e2       0x33 ./emlib/em_dma.o
 .ARM.attributes
                0x00000515       0x33 ./emlib/em_ebi.o
 .ARM.attributes
                0x00000548       0x33 ./emlib/em_int.o
 .ARM.attributes
                0x0000057b       0x33 ./emlib/em_msc.o
 .ARM.attributes
                0x000005ae       0x33 ./emlib/em_rmu.o
 .ARM.attributes
                0x000005e1       0x33 ./emlib/em_usart.o
 .ARM.attributes
                0x00000614       0x33 ./emlib/em_wdog.o
 .ARM.attributes
                0x00000647       0x33 ./Drivers/dmactrl.o
 .ARM.attributes
                0x0000067a       0x33 ./Drivers/nandflash.o
 .ARM.attributes
                0x000006ad       0x33 ./Drivers/retargetio.o
 .ARM.attributes
                0x000006e0       0x33 ./BSP/bsp_stk.o
 .ARM.attributes
                0x00000713       0x2d c:/siliconlabs/simplicitystudio/v3/developer/toolchains/gnu_arm/4.8_2013q4/bin/../lib/gcc/arm-none-eabi/4.8.3/../../../../arm-none-eabi/lib/armv7-m\libm.a(lib_a-s_ceil.o)
 .ARM.attributes
                0x00000740       0x2d c:/siliconlabs/simplicitystudio/v3/developer/toolchains/gnu_arm/4.8_2013q4/bin/../lib/gcc/arm-none-eabi/4.8.3/../../../../arm-none-eabi/lib/armv7-m\libm.a(lib_a-s_floor.o)
 .ARM.attributes
                0x0000076d       0x2d c:/siliconlabs/simplicitystudio/v3/developer/toolchains/gnu_arm/4.8_2013q4/bin/../lib/gcc/arm-none-eabi/4.8.3/../../../../arm-none-eabi/lib/armv7-m\libm.a(lib_a-s_round.o)
 .ARM.attributes
                0x0000079a       0x2d c:/siliconlabs/simplicitystudio/v3/developer/toolchains/gnu_arm/4.8_2013q4/bin/../lib/gcc/arm-none-eabi/4.8.3/../../../../arm-none-eabi/lib/armv7-m\libm.a(lib_a-w_pow.o)
 .ARM.attributes
                0x000007c7       0x2d c:/siliconlabs/simplicitystudio/v3/developer/toolchains/gnu_arm/4.8_2013q4/bin/../lib/gcc/arm-none-eabi/4.8.3/../../../../arm-none-eabi/lib/armv7-m\libm.a(lib_a-w_sqrt.o)
 .ARM.attributes
                0x000007f4       0x2d c:/siliconlabs/simplicitystudio/v3/developer/toolchains/gnu_arm/4.8_2013q4/bin/../lib/gcc/arm-none-eabi/4.8.3/../../../../arm-none-eabi/lib/armv7-m\libm.a(lib_a-e_pow.o)
 .ARM.attributes
                0x00000821       0x2d c:/siliconlabs/simplicitystudio/v3/developer/toolchains/gnu_arm/4.8_2013q4/bin/../lib/gcc/arm-none-eabi/4.8.3/../../../../arm-none-eabi/lib/armv7-m\libm.a(lib_a-e_sqrt.o)
 .ARM.attributes
                0x0000084e       0x2d c:/siliconlabs/simplicitystudio/v3/developer/toolchains/gnu_arm/4.8_2013q4/bin/../lib/gcc/arm-none-eabi/4.8.3/../../../../arm-none-eabi/lib/armv7-m\libm.a(lib_a-s_fabs.o)
 .ARM.attributes
                0x0000087b       0x2d c:/siliconlabs/simplicitystudio/v3/developer/toolchains/gnu_arm/4.8_2013q4/bin/../lib/gcc/arm-none-eabi/4.8.3/../../../../arm-none-eabi/lib/armv7-m\libm.a(lib_a-s_finite.o)
 .ARM.attributes
                0x000008a8       0x2d c:/siliconlabs/simplicitystudio/v3/developer/toolchains/gnu_arm/4.8_2013q4/bin/../lib/gcc/arm-none-eabi/4.8.3/../../../../arm-none-eabi/lib/armv7-m\libm.a(lib_a-s_fpclassify.o)
 .ARM.attributes
                0x000008d5       0x2d c:/siliconlabs/simplicitystudio/v3/developer/toolchains/gnu_arm/4.8_2013q4/bin/../lib/gcc/arm-none-eabi/4.8.3/../../../../arm-none-eabi/lib/armv7-m\libm.a(lib_a-s_lib_ver.o)
 .ARM.attributes
                0x00000902       0x2d c:/siliconlabs/simplicitystudio/v3/developer/toolchains/gnu_arm/4.8_2013q4/bin/../lib/gcc/arm-none-eabi/4.8.3/../../../../arm-none-eabi/lib/armv7-m\libm.a(lib_a-s_matherr.o)
 .ARM.attributes
                0x0000092f       0x2d c:/siliconlabs/simplicitystudio/v3/developer/toolchains/gnu_arm/4.8_2013q4/bin/../lib/gcc/arm-none-eabi/4.8.3/../../../../arm-none-eabi/lib/armv7-m\libm.a(lib_a-s_nan.o)
 .ARM.attributes
                0x0000095c       0x2d c:/siliconlabs/simplicitystudio/v3/developer/toolchains/gnu_arm/4.8_2013q4/bin/../lib/gcc/arm-none-eabi/4.8.3/../../../../arm-none-eabi/lib/armv7-m\libm.a(lib_a-s_rint.o)
 .ARM.attributes
                0x00000989       0x2d c:/siliconlabs/simplicitystudio/v3/developer/toolchains/gnu_arm/4.8_2013q4/bin/../lib/gcc/arm-none-eabi/4.8.3/../../../../arm-none-eabi/lib/armv7-m\libm.a(lib_a-s_scalbn.o)
 .ARM.attributes
                0x000009b6       0x2d c:/siliconlabs/simplicitystudio/v3/developer/toolchains/gnu_arm/4.8_2013q4/bin/../lib/gcc/arm-none-eabi/4.8.3/../../../../arm-none-eabi/lib/armv7-m\libm.a(lib_a-s_copysign.o)
 .ARM.attributes
                0x000009e3       0x1d c:/siliconlabs/simplicitystudio/v3/developer/toolchains/gnu_arm/4.8_2013q4/bin/../lib/gcc/arm-none-eabi/4.8.3/armv7-m\libgcc.a(_arm_addsubdf3.o)
 .ARM.attributes
                0x00000a00       0x1d c:/siliconlabs/simplicitystudio/v3/developer/toolchains/gnu_arm/4.8_2013q4/bin/../lib/gcc/arm-none-eabi/4.8.3/armv7-m\libgcc.a(_arm_muldivdf3.o)
 .ARM.attributes
                0x00000a1d       0x1d c:/siliconlabs/simplicitystudio/v3/developer/toolchains/gnu_arm/4.8_2013q4/bin/../lib/gcc/arm-none-eabi/4.8.3/armv7-m\libgcc.a(_arm_cmpdf2.o)
 .ARM.attributes
                0x00000a3a       0x1d c:/siliconlabs/simplicitystudio/v3/developer/toolchains/gnu_arm/4.8_2013q4/bin/../lib/gcc/arm-none-eabi/4.8.3/armv7-m\libgcc.a(_arm_fixdfsi.o)
 .ARM.attributes
                0x00000a57       0x1d c:/siliconlabs/simplicitystudio/v3/developer/toolchains/gnu_arm/4.8_2013q4/bin/../lib/gcc/arm-none-eabi/4.8.3/armv7-m\libgcc.a(_arm_fixunsdfsi.o)
 .ARM.attributes
                0x00000a74       0x1d c:/siliconlabs/simplicitystudio/v3/developer/toolchains/gnu_arm/4.8_2013q4/bin/../lib/gcc/arm-none-eabi/4.8.3/armv7-m\libgcc.a(_arm_truncdfsf2.o)
 .ARM.attributes
                0x00000a91       0x1d c:/siliconlabs/simplicitystudio/v3/developer/toolchains/gnu_arm/4.8_2013q4/bin/../lib/gcc/arm-none-eabi/4.8.3/armv7-m\libgcc.a(_arm_addsubsf3.o)
 .ARM.attributes
                0x00000aae       0x1d c:/siliconlabs/simplicitystudio/v3/developer/toolchains/gnu_arm/4.8_2013q4/bin/../lib/gcc/arm-none-eabi/4.8.3/armv7-m\libgcc.a(_arm_muldivsf3.o)
 .ARM.attributes
                0x00000acb       0x1d c:/siliconlabs/simplicitystudio/v3/developer/toolchains/gnu_arm/4.8_2013q4/bin/../lib/gcc/arm-none-eabi/4.8.3/armv7-m\libgcc.a(_arm_cmpsf2.o)
 .ARM.attributes
                0x00000ae8       0x1d c:/siliconlabs/simplicitystudio/v3/developer/toolchains/gnu_arm/4.8_2013q4/bin/../lib/gcc/arm-none-eabi/4.8.3/armv7-m\libgcc.a(_arm_fixsfsi.o)
 .ARM.attributes